ERROR - 2025-12-08 02:08:41 --> DEBUG BARANG ID: 1
ERROR - 2025-12-08 02:08:41 --> DEBUG RESULT: {"qty_dipinjam":null}
ERROR - 2025-12-08 02:08:41 --> DEBUG BARANG ID: 24279
ERROR - 2025-12-08 02:08:41 --> DEBUG RESULT: {"qty_dipinjam":null}
ERROR - 2025-12-08 02:08:41 --> DEBUG BARANG ID: 2
ERROR - 2025-12-08 02:08:41 --> DEBUG RESULT: {"qty_dipinjam":null}
ERROR - 2025-12-08 02:08:41 --> DEBUG BARANG ID: 3
ERROR - 2025-12-08 02:08:41 --> DEBUG RESULT: {"qty_dipinjam":null}
ERROR - 2025-12-08 02:08:41 --> DEBUG BARANG ID: 4
ERROR - 2025-12-08 02:08:41 --> DEBUG RESULT: {"qty_dipinjam":null}
ERROR - 2025-12-08 02:08:41 --> DEBUG BARANG ID: 5
ERROR - 2025-12-08 02:08:41 --> DEBUG RESULT: {"qty_dipinjam":null}
ERROR - 2025-12-08 02:08:41 --> DEBUG BARANG ID: 6
ERROR - 2025-12-08 02:08:41 --> DEBUG RESULT: {"qty_dipinjam":null}
ERROR - 2025-12-08 02:08:41 --> DEBUG BARANG ID: 7
ERROR - 2025-12-08 02:08:41 --> DEBUG RESULT: {"qty_dipinjam":null}
ERROR - 2025-12-08 02:08:41 --> DEBUG BARANG ID: 8
ERROR - 2025-12-08 02:08:41 --> DEBUG RESULT: {"qty_dipinjam":null}
ERROR - 2025-12-08 02:08:41 --> DEBUG BARANG ID: 9
ERROR - 2025-12-08 02:08:41 --> DEBUG RESULT: {"qty_dipinjam":null}
ERROR - 2025-12-08 02:08:41 --> DEBUG BARANG ID: 10
ERROR - 2025-12-08 02:08:41 --> DEBUG RESULT: {"qty_dipinjam":null}
ERROR - 2025-12-08 02:08:41 --> DEBUG BARANG ID: 11
ERROR - 2025-12-08 02:08:41 --> DEBUG RESULT: {"qty_dipinjam":null}
ERROR - 2025-12-08 02:08:41 --> DEBUG BARANG ID: 12
ERROR - 2025-12-08 02:08:41 --> DEBUG RESULT: {"qty_dipinjam":null}
ERROR - 2025-12-08 02:08:41 --> DEBUG BARANG ID: 13
ERROR - 2025-12-08 02:08:41 --> DEBUG RESULT: {"qty_dipinjam":null}
ERROR - 2025-12-08 02:08:41 --> DEBUG BARANG ID: 14
ERROR - 2025-12-08 02:08:41 --> DEBUG RESULT: {"qty_dipinjam":null}
ERROR - 2025-12-08 02:08:41 --> DEBUG BARANG ID: 15
ERROR - 2025-12-08 02:08:41 --> DEBUG RESULT: {"qty_dipinjam":null}
ERROR - 2025-12-08 02:08:41 --> DEBUG BARANG ID: 16
ERROR - 2025-12-08 02:08:41 --> DEBUG RESULT: {"qty_dipinjam":null}
ERROR - 2025-12-08 02:08:41 --> DEBUG BARANG ID: 17
ERROR - 2025-12-08 02:08:41 --> DEBUG RESULT: {"qty_dipinjam":null}
ERROR - 2025-12-08 02:08:41 --> DEBUG BARANG ID: 18
ERROR - 2025-12-08 02:08:41 --> DEBUG RESULT: {"qty_dipinjam":null}
ERROR - 2025-12-08 02:08:41 --> DEBUG BARANG ID: 19
ERROR - 2025-12-08 02:08:41 --> DEBUG RESULT: {"qty_dipinjam":null}
ERROR - 2025-12-08 02:08:41 --> DEBUG BARANG ID: 20
ERROR - 2025-12-08 02:08:41 --> DEBUG RESULT: {"qty_dipinjam":null}
ERROR - 2025-12-08 02:08:41 --> DEBUG BARANG ID: 21
ERROR - 2025-12-08 02:08:41 --> DEBUG RESULT: {"qty_dipinjam":null}
ERROR - 2025-12-08 02:08:41 --> DEBUG BARANG ID: 22
ERROR - 2025-12-08 02:08:41 --> DEBUG RESULT: {"qty_dipinjam":null}
ERROR - 2025-12-08 02:08:41 --> DEBUG BARANG ID: 23
ERROR - 2025-12-08 02:08:41 --> DEBUG RESULT: {"qty_dipinjam":null}
ERROR - 2025-12-08 02:08:41 --> DEBUG BARANG ID: 24
ERROR - 2025-12-08 02:08:41 --> DEBUG RESULT: {"qty_dipinjam":null}
ERROR - 2025-12-08 02:08:41 --> DEBUG BARANG ID: 25
ERROR - 2025-12-08 02:08:41 --> DEBUG RESULT: {"qty_dipinjam":null}
ERROR - 2025-12-08 02:08:41 --> DEBUG BARANG ID: 26
ERROR - 2025-12-08 02:08:41 --> DEBUG RESULT: {"qty_dipinjam":null}
ERROR - 2025-12-08 02:08:41 --> DEBUG BARANG ID: 27
ERROR - 2025-12-08 02:08:41 --> DEBUG RESULT: {"qty_dipinjam":null}
ERROR - 2025-12-08 02:08:41 --> DEBUG BARANG ID: 28
ERROR - 2025-12-08 02:08:41 --> DEBUG RESULT: {"qty_dipinjam":null}
ERROR - 2025-12-08 02:08:41 --> DEBUG BARANG ID: 29
ERROR - 2025-12-08 02:08:41 --> DEBUG RESULT: {"qty_dipinjam":null}
ERROR - 2025-12-08 02:08:41 --> DEBUG BARANG ID: 30
ERROR - 2025-12-08 02:08:41 --> DEBUG RESULT: {"qty_dipinjam":null}
ERROR - 2025-12-08 02:08:41 --> DEBUG BARANG ID: 31
ERROR - 2025-12-08 02:08:41 --> DEBUG RESULT: {"qty_dipinjam":null}
ERROR - 2025-12-08 02:08:41 --> DEBUG BARANG ID: 32
ERROR - 2025-12-08 02:08:41 --> DEBUG RESULT: {"qty_dipinjam":null}
ERROR - 2025-12-08 02:08:41 --> DEBUG BARANG ID: 33
ERROR - 2025-12-08 02:08:41 --> DEBUG RESULT: {"qty_dipinjam":null}
ERROR - 2025-12-08 02:08:41 --> DEBUG BARANG ID: 34
ERROR - 2025-12-08 02:08:41 --> DEBUG RESULT: {"qty_dipinjam":null}
ERROR - 2025-12-08 02:08:41 --> DEBUG BARANG ID: 35
ERROR - 2025-12-08 02:08:41 --> DEBUG RESULT: {"qty_dipinjam":null}
ERROR - 2025-12-08 02:08:41 --> DEBUG BARANG ID: 36
ERROR - 2025-12-08 02:08:41 --> DEBUG RESULT: {"qty_dipinjam":null}
ERROR - 2025-12-08 02:08:41 --> DEBUG BARANG ID: 37
ERROR - 2025-12-08 02:08:41 --> DEBUG RESULT: {"qty_dipinjam":null}
ERROR - 2025-12-08 02:08:41 --> DEBUG BARANG ID: 38
ERROR - 2025-12-08 02:08:41 --> DEBUG RESULT: {"qty_dipinjam":null}
ERROR - 2025-12-08 02:08:41 --> DEBUG BARANG ID: 39
ERROR - 2025-12-08 02:08:41 --> DEBUG RESULT: {"qty_dipinjam":null}
ERROR - 2025-12-08 02:08:41 --> DEBUG BARANG ID: 40
ERROR - 2025-12-08 02:08:41 --> DEBUG RESULT: {"qty_dipinjam":null}
ERROR - 2025-12-08 02:08:41 --> DEBUG BARANG ID: 41
ERROR - 2025-12-08 02:08:41 --> DEBUG RESULT: {"qty_dipinjam":null}
ERROR - 2025-12-08 02:08:41 --> DEBUG BARANG ID: 42
ERROR - 2025-12-08 02:08:41 --> DEBUG RESULT: {"qty_dipinjam":null}
ERROR - 2025-12-08 02:08:41 --> DEBUG BARANG ID: 43
ERROR - 2025-12-08 02:08:41 --> DEBUG RESULT: {"qty_dipinjam":null}
ERROR - 2025-12-08 02:08:41 --> DEBUG BARANG ID: 44
ERROR - 2025-12-08 02:08:41 --> DEBUG RESULT: {"qty_dipinjam":null}
ERROR - 2025-12-08 02:08:41 --> DEBUG BARANG ID: 45
ERROR - 2025-12-08 02:08:41 --> DEBUG RESULT: {"qty_dipinjam":null}
ERROR - 2025-12-08 02:08:41 --> DEBUG BARANG ID: 46
ERROR - 2025-12-08 02:08:41 --> DEBUG RESULT: {"qty_dipinjam":null}
ERROR - 2025-12-08 02:08:41 --> DEBUG BARANG ID: 47
ERROR - 2025-12-08 02:08:41 --> DEBUG RESULT: {"qty_dipinjam":null}
ERROR - 2025-12-08 02:08:41 --> DEBUG BARANG ID: 48
ERROR - 2025-12-08 02:08:41 --> DEBUG RESULT: {"qty_dipinjam":null}
ERROR - 2025-12-08 02:08:41 --> DEBUG BARANG ID: 49
ERROR - 2025-12-08 02:08:41 --> DEBUG RESULT: {"qty_dipinjam":null}
ERROR - 2025-12-08 06:31:07 --> mysqli_sql_exception: Unknown column 'returned_at' in 'field list' in /opt/lampp/htdocs/warehouse-new/vendor/codeigniter4/framework/system/Database/MySQLi/Connection.php:306
Stack trace:
#0 /opt/lampp/htdocs/warehouse-new/vendor/codeigniter4/framework/system/Database/MySQLi/Connection.php(306): mysqli->query('UPDATE `peminja...', 0)
#1 /opt/lampp/htdocs/warehouse-new/vendor/codeigniter4/framework/system/Database/BaseConnection.php(693): CodeIgniter\Database\MySQLi\Connection->execute('UPDATE `peminja...')
#2 /opt/lampp/htdocs/warehouse-new/vendor/codeigniter4/framework/system/Database/BaseConnection.php(607): CodeIgniter\Database\BaseConnection->simpleQuery('UPDATE `peminja...')
#3 /opt/lampp/htdocs/warehouse-new/vendor/codeigniter4/framework/system/Database/BaseBuilder.php(2474): CodeIgniter\Database\BaseConnection->query('UPDATE `peminja...', Array, false)
#4 /opt/lampp/htdocs/warehouse-new/app/Controllers/Api/PeminjamanApi.php(404): CodeIgniter\Database\BaseBuilder->update(Array)
#5 /opt/lampp/htdocs/warehouse-new/vendor/codeigniter4/framework/system/CodeIgniter.php(943): App\Controllers\Api\PeminjamanApi->setReturned(23)
#6 /opt/lampp/htdocs/warehouse-new/vendor/codeigniter4/framework/system/CodeIgniter.php(503): CodeIgniter\CodeIgniter->runController(Object(App\Controllers\Api\PeminjamanApi))
#7 /opt/lampp/htdocs/warehouse-new/vendor/codeigniter4/framework/system/CodeIgniter.php(361): CodeIgniter\CodeIgniter->handleRequest(NULL, Object(Config\Cache), false)
#8 /opt/lampp/htdocs/warehouse-new/public/index.php(82): CodeIgniter\CodeIgniter->run()
#9 {main}
ERROR - 2025-12-08 06:31:12 --> mysqli_sql_exception: Unknown column 'returned_at' in 'field list' in /opt/lampp/htdocs/warehouse-new/vendor/codeigniter4/framework/system/Database/MySQLi/Connection.php:306
Stack trace:
#0 /opt/lampp/htdocs/warehouse-new/vendor/codeigniter4/framework/system/Database/MySQLi/Connection.php(306): mysqli->query('UPDATE `peminja...', 0)
#1 /opt/lampp/htdocs/warehouse-new/vendor/codeigniter4/framework/system/Database/BaseConnection.php(693): CodeIgniter\Database\MySQLi\Connection->execute('UPDATE `peminja...')
#2 /opt/lampp/htdocs/warehouse-new/vendor/codeigniter4/framework/system/Database/BaseConnection.php(607): CodeIgniter\Database\BaseConnection->simpleQuery('UPDATE `peminja...')
#3 /opt/lampp/htdocs/warehouse-new/vendor/codeigniter4/framework/system/Database/BaseBuilder.php(2474): CodeIgniter\Database\BaseConnection->query('UPDATE `peminja...', Array, false)
#4 /opt/lampp/htdocs/warehouse-new/app/Controllers/Api/PeminjamanApi.php(404): CodeIgniter\Database\BaseBuilder->update(Array)
#5 /opt/lampp/htdocs/warehouse-new/vendor/codeigniter4/framework/system/CodeIgniter.php(943): App\Controllers\Api\PeminjamanApi->setReturned(23)
#6 /opt/lampp/htdocs/warehouse-new/vendor/codeigniter4/framework/system/CodeIgniter.php(503): CodeIgniter\CodeIgniter->runController(Object(App\Controllers\Api\PeminjamanApi))
#7 /opt/lampp/htdocs/warehouse-new/vendor/codeigniter4/framework/system/CodeIgniter.php(361): CodeIgniter\CodeIgniter->handleRequest(NULL, Object(Config\Cache), false)
#8 /opt/lampp/htdocs/warehouse-new/public/index.php(82): CodeIgniter\CodeIgniter->run()
#9 {main}
ERROR - 2025-12-08 06:32:33 --> mysqli_sql_exception: Unknown column 'returned_at' in 'field list' in /opt/lampp/htdocs/warehouse-new/vendor/codeigniter4/framework/system/Database/MySQLi/Connection.php:306
Stack trace:
#0 /opt/lampp/htdocs/warehouse-new/vendor/codeigniter4/framework/system/Database/MySQLi/Connection.php(306): mysqli->query('UPDATE `peminja...', 0)
#1 /opt/lampp/htdocs/warehouse-new/vendor/codeigniter4/framework/system/Database/BaseConnection.php(693): CodeIgniter\Database\MySQLi\Connection->execute('UPDATE `peminja...')
#2 /opt/lampp/htdocs/warehouse-new/vendor/codeigniter4/framework/system/Database/BaseConnection.php(607): CodeIgniter\Database\BaseConnection->simpleQuery('UPDATE `peminja...')
#3 /opt/lampp/htdocs/warehouse-new/vendor/codeigniter4/framework/system/Database/BaseBuilder.php(2474): CodeIgniter\Database\BaseConnection->query('UPDATE `peminja...', Array, false)
#4 /opt/lampp/htdocs/warehouse-new/app/Controllers/Api/PeminjamanApi.php(404): CodeIgniter\Database\BaseBuilder->update(Array)
#5 /opt/lampp/htdocs/warehouse-new/vendor/codeigniter4/framework/system/CodeIgniter.php(943): App\Controllers\Api\PeminjamanApi->setReturned(24)
#6 /opt/lampp/htdocs/warehouse-new/vendor/codeigniter4/framework/system/CodeIgniter.php(503): CodeIgniter\CodeIgniter->runController(Object(App\Controllers\Api\PeminjamanApi))
#7 /opt/lampp/htdocs/warehouse-new/vendor/codeigniter4/framework/system/CodeIgniter.php(361): CodeIgniter\CodeIgniter->handleRequest(NULL, Object(Config\Cache), false)
#8 /opt/lampp/htdocs/warehouse-new/public/index.php(82): CodeIgniter\CodeIgniter->run()
#9 {main}
ERROR - 2025-12-08 06:37:06 --> mysqli_sql_exception: Unknown column 'returned_at' in 'field list' in /opt/lampp/htdocs/warehouse-new/vendor/codeigniter4/framework/system/Database/MySQLi/Connection.php:306
Stack trace:
#0 /opt/lampp/htdocs/warehouse-new/vendor/codeigniter4/framework/system/Database/MySQLi/Connection.php(306): mysqli->query('UPDATE `peminja...', 0)
#1 /opt/lampp/htdocs/warehouse-new/vendor/codeigniter4/framework/system/Database/BaseConnection.php(693): CodeIgniter\Database\MySQLi\Connection->execute('UPDATE `peminja...')
#2 /opt/lampp/htdocs/warehouse-new/vendor/codeigniter4/framework/system/Database/BaseConnection.php(607): CodeIgniter\Database\BaseConnection->simpleQuery('UPDATE `peminja...')
#3 /opt/lampp/htdocs/warehouse-new/vendor/codeigniter4/framework/system/Database/BaseBuilder.php(2474): CodeIgniter\Database\BaseConnection->query('UPDATE `peminja...', Array, false)
#4 /opt/lampp/htdocs/warehouse-new/app/Controllers/Api/PeminjamanApi.php(404): CodeIgniter\Database\BaseBuilder->update(Array)
#5 /opt/lampp/htdocs/warehouse-new/vendor/codeigniter4/framework/system/CodeIgniter.php(943): App\Controllers\Api\PeminjamanApi->setReturned(24)
#6 /opt/lampp/htdocs/warehouse-new/vendor/codeigniter4/framework/system/CodeIgniter.php(503): CodeIgniter\CodeIgniter->runController(Object(App\Controllers\Api\PeminjamanApi))
#7 /opt/lampp/htdocs/warehouse-new/vendor/codeigniter4/framework/system/CodeIgniter.php(361): CodeIgniter\CodeIgniter->handleRequest(NULL, Object(Config\Cache), false)
#8 /opt/lampp/htdocs/warehouse-new/public/index.php(82): CodeIgniter\CodeIgniter->run()
#9 {main}
