CRITICAL - 2025-10-24 01:18:32 --> CodeIgniter\Session\Exceptions\SessionException: Session: Configured save path "null" is not writable by the PHP process.
in SYSTEMPATH/Session/Handlers/FileHandler.php on line 101.
 1 SYSTEMPATH/Session/Handlers/FileHandler.php(101): CodeIgniter\Session\Exceptions\SessionException::forWriteProtectedSavePath('null')
 2 [internal function]: CodeIgniter\Session\Handlers\FileHandler->open('null', 'ci_session')
 3 SYSTEMPATH/Session/Session.php(919): session_start()
 4 SYSTEMPATH/Session/Session.php(241): CodeIgniter\Session\Session->startSession()
 5 SYSTEMPATH/Config/Services.php(699): CodeIgniter\Session\Session->start()
 6 SYSTEMPATH/Config/BaseService.php(258): CodeIgniter\Config\Services::session(Object(Config\Session), false)
 7 SYSTEMPATH/Config/BaseService.php(199): CodeIgniter\Config\BaseService::__callStatic('session', [...])
 8 SYSTEMPATH/Config/Services.php(664): CodeIgniter\Config\BaseService::getSharedInstance('session', null)
 9 SYSTEMPATH/Config/BaseService.php(258): CodeIgniter\Config\Services::session()
10 SYSTEMPATH/Common.php(982): CodeIgniter\Config\BaseService::__callStatic('session', [])
11 APPPATH/Views/qrgenerator/generate_qr.php(8): session('error')
12 SYSTEMPATH/View/View.php(228): include('/opt/lampp/htdocs/warehouse-new/app/Views/qrgenerator/generate_qr.php')
13 SYSTEMPATH/View/View.php(231): CodeIgniter\View\View->CodeIgniter\View\{closure}()
14 SYSTEMPATH/Common.php(1178): CodeIgniter\View\View->render('qrgenerator/generate_qr', [], true)
15 APPPATH/Controllers/QrGeneratorController.php(48): view('qrgenerator/generate_qr', [...])
16 SYSTEMPATH/CodeIgniter.php(943): App\Controllers\QrGeneratorController->index()
17 SYSTEMPATH/CodeIgniter.php(503): CodeIgniter\CodeIgniter->runController(Object(App\Controllers\QrGeneratorController))
18 SYSTEMPATH/CodeIgniter.php(361): CodeIgniter\CodeIgniter->handleRequest(null, Object(Config\Cache), false)
19 FCPATH/index.php(79): CodeIgniter\CodeIgniter->run()
CRITICAL - 2025-10-24 01:22:57 --> CodeIgniter\Session\Exceptions\SessionException: Session: Configured save path "null" is not writable by the PHP process.
in SYSTEMPATH/Session/Handlers/FileHandler.php on line 101.
 1 SYSTEMPATH/Session/Handlers/FileHandler.php(101): CodeIgniter\Session\Exceptions\SessionException::forWriteProtectedSavePath('null')
 2 [internal function]: CodeIgniter\Session\Handlers\FileHandler->open('null', 'ci_session')
 3 SYSTEMPATH/Session/Session.php(919): session_start()
 4 SYSTEMPATH/Session/Session.php(241): CodeIgniter\Session\Session->startSession()
 5 SYSTEMPATH/Config/Services.php(699): CodeIgniter\Session\Session->start()
 6 SYSTEMPATH/Config/BaseService.php(258): CodeIgniter\Config\Services::session(Object(Config\Session), false)
 7 SYSTEMPATH/Config/BaseService.php(199): CodeIgniter\Config\BaseService::__callStatic('session', [...])
 8 SYSTEMPATH/Config/Services.php(664): CodeIgniter\Config\BaseService::getSharedInstance('session', null)
 9 SYSTEMPATH/Config/BaseService.php(258): CodeIgniter\Config\Services::session()
10 SYSTEMPATH/Common.php(982): CodeIgniter\Config\BaseService::__callStatic('session', [])
11 APPPATH/Views/qrgenerator/generate_qr.php(8): session('error')
12 SYSTEMPATH/View/View.php(228): include('/opt/lampp/htdocs/warehouse-new/app/Views/qrgenerator/generate_qr.php')
13 SYSTEMPATH/View/View.php(231): CodeIgniter\View\View->CodeIgniter\View\{closure}()
14 SYSTEMPATH/Common.php(1178): CodeIgniter\View\View->render('qrgenerator/generate_qr', [], true)
15 APPPATH/Controllers/QrGeneratorController.php(48): view('qrgenerator/generate_qr', [...])
16 SYSTEMPATH/CodeIgniter.php(943): App\Controllers\QrGeneratorController->index()
17 SYSTEMPATH/CodeIgniter.php(503): CodeIgniter\CodeIgniter->runController(Object(App\Controllers\QrGeneratorController))
18 SYSTEMPATH/CodeIgniter.php(361): CodeIgniter\CodeIgniter->handleRequest(null, Object(Config\Cache), false)
19 FCPATH/index.php(79): CodeIgniter\CodeIgniter->run()
CRITICAL - 2025-10-24 01:35:46 --> CodeIgniter\Session\Exceptions\SessionException: Session: Configured save path "null" is not writable by the PHP process.
in SYSTEMPATH/Session/Handlers/FileHandler.php on line 101.
 1 SYSTEMPATH/Session/Handlers/FileHandler.php(101): CodeIgniter\Session\Exceptions\SessionException::forWriteProtectedSavePath('null')
 2 [internal function]: CodeIgniter\Session\Handlers\FileHandler->open('null', 'ci_session')
 3 SYSTEMPATH/Session/Session.php(919): session_start()
 4 SYSTEMPATH/Session/Session.php(241): CodeIgniter\Session\Session->startSession()
 5 SYSTEMPATH/Config/Services.php(699): CodeIgniter\Session\Session->start()
 6 SYSTEMPATH/Config/BaseService.php(258): CodeIgniter\Config\Services::session(Object(Config\Session), false)
 7 SYSTEMPATH/Config/BaseService.php(199): CodeIgniter\Config\BaseService::__callStatic('session', [...])
 8 SYSTEMPATH/Config/Services.php(664): CodeIgniter\Config\BaseService::getSharedInstance('session', null)
 9 SYSTEMPATH/Config/BaseService.php(258): CodeIgniter\Config\Services::session()
10 SYSTEMPATH/Common.php(982): CodeIgniter\Config\BaseService::__callStatic('session', [])
11 APPPATH/Views/qrgenerator/generate_qr.php(8): session('error')
12 SYSTEMPATH/View/View.php(228): include('/opt/lampp/htdocs/warehouse-new/app/Views/qrgenerator/generate_qr.php')
13 SYSTEMPATH/View/View.php(231): CodeIgniter\View\View->CodeIgniter\View\{closure}()
14 SYSTEMPATH/Common.php(1178): CodeIgniter\View\View->render('qrgenerator/generate_qr', [], true)
15 APPPATH/Controllers/QrGeneratorController.php(50): view('qrgenerator/generate_qr', [...])
16 SYSTEMPATH/CodeIgniter.php(943): App\Controllers\QrGeneratorController->index()
17 SYSTEMPATH/CodeIgniter.php(503): CodeIgniter\CodeIgniter->runController(Object(App\Controllers\QrGeneratorController))
18 SYSTEMPATH/CodeIgniter.php(361): CodeIgniter\CodeIgniter->handleRequest(null, Object(Config\Cache), false)
19 FCPATH/index.php(79): CodeIgniter\CodeIgniter->run()
CRITICAL - 2025-10-24 01:36:58 --> CodeIgniter\Session\Exceptions\SessionException: Session: Configured save path "null" is not writable by the PHP process.
in SYSTEMPATH/Session/Handlers/FileHandler.php on line 101.
 1 SYSTEMPATH/Session/Handlers/FileHandler.php(101): CodeIgniter\Session\Exceptions\SessionException::forWriteProtectedSavePath('null')
 2 [internal function]: CodeIgniter\Session\Handlers\FileHandler->open('null', 'ci_session')
 3 SYSTEMPATH/Session/Session.php(919): session_start()
 4 SYSTEMPATH/Session/Session.php(241): CodeIgniter\Session\Session->startSession()
 5 SYSTEMPATH/Config/Services.php(699): CodeIgniter\Session\Session->start()
 6 SYSTEMPATH/Config/BaseService.php(258): CodeIgniter\Config\Services::session(Object(Config\Session), false)
 7 SYSTEMPATH/Config/BaseService.php(199): CodeIgniter\Config\BaseService::__callStatic('session', [...])
 8 SYSTEMPATH/Config/Services.php(664): CodeIgniter\Config\BaseService::getSharedInstance('session', null)
 9 SYSTEMPATH/Config/BaseService.php(258): CodeIgniter\Config\Services::session()
10 SYSTEMPATH/Common.php(982): CodeIgniter\Config\BaseService::__callStatic('session', [])
11 APPPATH/Views/qrgenerator/generate_qr.php(8): session('error')
12 SYSTEMPATH/View/View.php(228): include('/opt/lampp/htdocs/warehouse-new/app/Views/qrgenerator/generate_qr.php')
13 SYSTEMPATH/View/View.php(231): CodeIgniter\View\View->CodeIgniter\View\{closure}()
14 SYSTEMPATH/Common.php(1178): CodeIgniter\View\View->render('qrgenerator/generate_qr', [], true)
15 APPPATH/Controllers/QrGeneratorController.php(50): view('qrgenerator/generate_qr', [...])
16 SYSTEMPATH/CodeIgniter.php(943): App\Controllers\QrGeneratorController->index()
17 SYSTEMPATH/CodeIgniter.php(503): CodeIgniter\CodeIgniter->runController(Object(App\Controllers\QrGeneratorController))
18 SYSTEMPATH/CodeIgniter.php(361): CodeIgniter\CodeIgniter->handleRequest(null, Object(Config\Cache), false)
19 FCPATH/index.php(79): CodeIgniter\CodeIgniter->run()
CRITICAL - 2025-10-24 01:37:01 --> CodeIgniter\Session\Exceptions\SessionException: Session: Configured save path "null" is not writable by the PHP process.
in SYSTEMPATH/Session/Handlers/FileHandler.php on line 101.
 1 SYSTEMPATH/Session/Handlers/FileHandler.php(101): CodeIgniter\Session\Exceptions\SessionException::forWriteProtectedSavePath('null')
 2 [internal function]: CodeIgniter\Session\Handlers\FileHandler->open('null', 'ci_session')
 3 SYSTEMPATH/Session/Session.php(919): session_start()
 4 SYSTEMPATH/Session/Session.php(241): CodeIgniter\Session\Session->startSession()
 5 SYSTEMPATH/Config/Services.php(699): CodeIgniter\Session\Session->start()
 6 SYSTEMPATH/Config/BaseService.php(258): CodeIgniter\Config\Services::session(Object(Config\Session), false)
 7 SYSTEMPATH/Config/BaseService.php(199): CodeIgniter\Config\BaseService::__callStatic('session', [...])
 8 SYSTEMPATH/Config/Services.php(664): CodeIgniter\Config\BaseService::getSharedInstance('session', null)
 9 SYSTEMPATH/Config/BaseService.php(258): CodeIgniter\Config\Services::session()
10 SYSTEMPATH/Common.php(982): CodeIgniter\Config\BaseService::__callStatic('session', [])
11 APPPATH/Views/qrgenerator/generate_qr.php(8): session('error')
12 SYSTEMPATH/View/View.php(228): include('/opt/lampp/htdocs/warehouse-new/app/Views/qrgenerator/generate_qr.php')
13 SYSTEMPATH/View/View.php(231): CodeIgniter\View\View->CodeIgniter\View\{closure}()
14 SYSTEMPATH/Common.php(1178): CodeIgniter\View\View->render('qrgenerator/generate_qr', [], true)
15 APPPATH/Controllers/QrGeneratorController.php(50): view('qrgenerator/generate_qr', [...])
16 SYSTEMPATH/CodeIgniter.php(943): App\Controllers\QrGeneratorController->index()
17 SYSTEMPATH/CodeIgniter.php(503): CodeIgniter\CodeIgniter->runController(Object(App\Controllers\QrGeneratorController))
18 SYSTEMPATH/CodeIgniter.php(361): CodeIgniter\CodeIgniter->handleRequest(null, Object(Config\Cache), false)
19 FCPATH/index.php(79): CodeIgniter\CodeIgniter->run()
CRITICAL - 2025-10-24 01:37:06 --> CodeIgniter\Session\Exceptions\SessionException: Session: Configured save path "null" is not writable by the PHP process.
in SYSTEMPATH/Session/Handlers/FileHandler.php on line 101.
 1 SYSTEMPATH/Session/Handlers/FileHandler.php(101): CodeIgniter\Session\Exceptions\SessionException::forWriteProtectedSavePath('null')
 2 [internal function]: CodeIgniter\Session\Handlers\FileHandler->open('null', 'ci_session')
 3 SYSTEMPATH/Session/Session.php(919): session_start()
 4 SYSTEMPATH/Session/Session.php(241): CodeIgniter\Session\Session->startSession()
 5 SYSTEMPATH/Config/Services.php(699): CodeIgniter\Session\Session->start()
 6 SYSTEMPATH/Config/BaseService.php(258): CodeIgniter\Config\Services::session(Object(Config\Session), false)
 7 SYSTEMPATH/Config/BaseService.php(199): CodeIgniter\Config\BaseService::__callStatic('session', [...])
 8 SYSTEMPATH/Config/Services.php(664): CodeIgniter\Config\BaseService::getSharedInstance('session', null)
 9 SYSTEMPATH/Config/BaseService.php(258): CodeIgniter\Config\Services::session()
10 SYSTEMPATH/Common.php(982): CodeIgniter\Config\BaseService::__callStatic('session', [])
11 APPPATH/Views/qrgenerator/generate_qr.php(8): session('error')
12 SYSTEMPATH/View/View.php(228): include('/opt/lampp/htdocs/warehouse-new/app/Views/qrgenerator/generate_qr.php')
13 SYSTEMPATH/View/View.php(231): CodeIgniter\View\View->CodeIgniter\View\{closure}()
14 SYSTEMPATH/Common.php(1178): CodeIgniter\View\View->render('qrgenerator/generate_qr', [], true)
15 APPPATH/Controllers/QrGeneratorController.php(50): view('qrgenerator/generate_qr', [...])
16 SYSTEMPATH/CodeIgniter.php(943): App\Controllers\QrGeneratorController->index()
17 SYSTEMPATH/CodeIgniter.php(503): CodeIgniter\CodeIgniter->runController(Object(App\Controllers\QrGeneratorController))
18 SYSTEMPATH/CodeIgniter.php(361): CodeIgniter\CodeIgniter->handleRequest(null, Object(Config\Cache), false)
19 FCPATH/index.php(79): CodeIgniter\CodeIgniter->run()
CRITICAL - 2025-10-24 01:37:21 --> CodeIgniter\Session\Exceptions\SessionException: Session: Configured save path "null" is not writable by the PHP process.
in SYSTEMPATH/Session/Handlers/FileHandler.php on line 101.
 1 SYSTEMPATH/Session/Handlers/FileHandler.php(101): CodeIgniter\Session\Exceptions\SessionException::forWriteProtectedSavePath('null')
 2 [internal function]: CodeIgniter\Session\Handlers\FileHandler->open('null', 'ci_session')
 3 SYSTEMPATH/Session/Session.php(919): session_start()
 4 SYSTEMPATH/Session/Session.php(241): CodeIgniter\Session\Session->startSession()
 5 SYSTEMPATH/Config/Services.php(699): CodeIgniter\Session\Session->start()
 6 SYSTEMPATH/Config/BaseService.php(258): CodeIgniter\Config\Services::session(Object(Config\Session), false)
 7 SYSTEMPATH/Config/BaseService.php(199): CodeIgniter\Config\BaseService::__callStatic('session', [...])
 8 SYSTEMPATH/Config/Services.php(664): CodeIgniter\Config\BaseService::getSharedInstance('session', null)
 9 SYSTEMPATH/Config/BaseService.php(258): CodeIgniter\Config\Services::session()
10 SYSTEMPATH/Common.php(982): CodeIgniter\Config\BaseService::__callStatic('session', [])
11 APPPATH/Views/qrgenerator/generate_qr.php(8): session('error')
12 SYSTEMPATH/View/View.php(228): include('/opt/lampp/htdocs/warehouse-new/app/Views/qrgenerator/generate_qr.php')
13 SYSTEMPATH/View/View.php(231): CodeIgniter\View\View->CodeIgniter\View\{closure}()
14 SYSTEMPATH/Common.php(1178): CodeIgniter\View\View->render('qrgenerator/generate_qr', [], true)
15 APPPATH/Controllers/QrGeneratorController.php(50): view('qrgenerator/generate_qr', [...])
16 SYSTEMPATH/CodeIgniter.php(943): App\Controllers\QrGeneratorController->index()
17 SYSTEMPATH/CodeIgniter.php(503): CodeIgniter\CodeIgniter->runController(Object(App\Controllers\QrGeneratorController))
18 SYSTEMPATH/CodeIgniter.php(361): CodeIgniter\CodeIgniter->handleRequest(null, Object(Config\Cache), false)
19 FCPATH/index.php(79): CodeIgniter\CodeIgniter->run()
CRITICAL - 2025-10-24 01:37:27 --> CodeIgniter\Session\Exceptions\SessionException: Session: Configured save path "null" is not writable by the PHP process.
in SYSTEMPATH/Session/Handlers/FileHandler.php on line 101.
 1 SYSTEMPATH/Session/Handlers/FileHandler.php(101): CodeIgniter\Session\Exceptions\SessionException::forWriteProtectedSavePath('null')
 2 [internal function]: CodeIgniter\Session\Handlers\FileHandler->open('null', 'ci_session')
 3 SYSTEMPATH/Session/Session.php(919): session_start()
 4 SYSTEMPATH/Session/Session.php(241): CodeIgniter\Session\Session->startSession()
 5 SYSTEMPATH/Config/Services.php(699): CodeIgniter\Session\Session->start()
 6 SYSTEMPATH/Config/BaseService.php(258): CodeIgniter\Config\Services::session(Object(Config\Session), false)
 7 SYSTEMPATH/Config/BaseService.php(199): CodeIgniter\Config\BaseService::__callStatic('session', [...])
 8 SYSTEMPATH/Config/Services.php(664): CodeIgniter\Config\BaseService::getSharedInstance('session', null)
 9 SYSTEMPATH/Config/BaseService.php(258): CodeIgniter\Config\Services::session()
10 SYSTEMPATH/Common.php(982): CodeIgniter\Config\BaseService::__callStatic('session', [])
11 APPPATH/Views/qrgenerator/generate_qr.php(8): session('error')
12 SYSTEMPATH/View/View.php(228): include('/opt/lampp/htdocs/warehouse-new/app/Views/qrgenerator/generate_qr.php')
13 SYSTEMPATH/View/View.php(231): CodeIgniter\View\View->CodeIgniter\View\{closure}()
14 SYSTEMPATH/Common.php(1178): CodeIgniter\View\View->render('qrgenerator/generate_qr', [], true)
15 APPPATH/Controllers/QrGeneratorController.php(50): view('qrgenerator/generate_qr', [...])
16 SYSTEMPATH/CodeIgniter.php(943): App\Controllers\QrGeneratorController->index()
17 SYSTEMPATH/CodeIgniter.php(503): CodeIgniter\CodeIgniter->runController(Object(App\Controllers\QrGeneratorController))
18 SYSTEMPATH/CodeIgniter.php(361): CodeIgniter\CodeIgniter->handleRequest(null, Object(Config\Cache), false)
19 FCPATH/index.php(79): CodeIgniter\CodeIgniter->run()
CRITICAL - 2025-10-24 01:41:29 --> CodeIgniter\Session\Exceptions\SessionException: Session: Configured save path "null" is not writable by the PHP process.
in SYSTEMPATH/Session/Handlers/FileHandler.php on line 101.
 1 SYSTEMPATH/Session/Handlers/FileHandler.php(101): CodeIgniter\Session\Exceptions\SessionException::forWriteProtectedSavePath('null')
 2 [internal function]: CodeIgniter\Session\Handlers\FileHandler->open('null', 'ci_session')
 3 SYSTEMPATH/Session/Session.php(919): session_start()
 4 SYSTEMPATH/Session/Session.php(241): CodeIgniter\Session\Session->startSession()
 5 SYSTEMPATH/Config/Services.php(699): CodeIgniter\Session\Session->start()
 6 SYSTEMPATH/Config/BaseService.php(258): CodeIgniter\Config\Services::session(Object(Config\Session), false)
 7 SYSTEMPATH/Config/BaseService.php(199): CodeIgniter\Config\BaseService::__callStatic('session', [...])
 8 SYSTEMPATH/Config/Services.php(664): CodeIgniter\Config\BaseService::getSharedInstance('session', null)
 9 SYSTEMPATH/Config/BaseService.php(258): CodeIgniter\Config\Services::session()
10 SYSTEMPATH/Common.php(982): CodeIgniter\Config\BaseService::__callStatic('session', [])
11 APPPATH/Views/qrgenerator/generate_qr.php(8): session('error')
12 SYSTEMPATH/View/View.php(228): include('/opt/lampp/htdocs/warehouse-new/app/Views/qrgenerator/generate_qr.php')
13 SYSTEMPATH/View/View.php(231): CodeIgniter\View\View->CodeIgniter\View\{closure}()
14 SYSTEMPATH/Common.php(1178): CodeIgniter\View\View->render('qrgenerator/generate_qr', [], true)
15 APPPATH/Controllers/QrGeneratorController.php(50): view('qrgenerator/generate_qr', [...])
16 SYSTEMPATH/CodeIgniter.php(943): App\Controllers\QrGeneratorController->index()
17 SYSTEMPATH/CodeIgniter.php(503): CodeIgniter\CodeIgniter->runController(Object(App\Controllers\QrGeneratorController))
18 SYSTEMPATH/CodeIgniter.php(361): CodeIgniter\CodeIgniter->handleRequest(null, Object(Config\Cache), false)
19 FCPATH/index.php(79): CodeIgniter\CodeIgniter->run()
CRITICAL - 2025-10-24 01:41:33 --> CodeIgniter\Session\Exceptions\SessionException: Session: Configured save path "null" is not writable by the PHP process.
in SYSTEMPATH/Session/Handlers/FileHandler.php on line 101.
 1 SYSTEMPATH/Session/Handlers/FileHandler.php(101): CodeIgniter\Session\Exceptions\SessionException::forWriteProtectedSavePath('null')
 2 [internal function]: CodeIgniter\Session\Handlers\FileHandler->open('null', 'ci_session')
 3 SYSTEMPATH/Session/Session.php(919): session_start()
 4 SYSTEMPATH/Session/Session.php(241): CodeIgniter\Session\Session->startSession()
 5 SYSTEMPATH/Config/Services.php(699): CodeIgniter\Session\Session->start()
 6 SYSTEMPATH/Config/BaseService.php(258): CodeIgniter\Config\Services::session(Object(Config\Session), false)
 7 SYSTEMPATH/Config/BaseService.php(199): CodeIgniter\Config\BaseService::__callStatic('session', [...])
 8 SYSTEMPATH/Config/Services.php(664): CodeIgniter\Config\BaseService::getSharedInstance('session', null)
 9 SYSTEMPATH/Config/BaseService.php(258): CodeIgniter\Config\Services::session()
10 SYSTEMPATH/Common.php(982): CodeIgniter\Config\BaseService::__callStatic('session', [])
11 APPPATH/Views/qrgenerator/generate_qr.php(8): session('error')
12 SYSTEMPATH/View/View.php(228): include('/opt/lampp/htdocs/warehouse-new/app/Views/qrgenerator/generate_qr.php')
13 SYSTEMPATH/View/View.php(231): CodeIgniter\View\View->CodeIgniter\View\{closure}()
14 SYSTEMPATH/Common.php(1178): CodeIgniter\View\View->render('qrgenerator/generate_qr', [], true)
15 APPPATH/Controllers/QrGeneratorController.php(50): view('qrgenerator/generate_qr', [...])
16 SYSTEMPATH/CodeIgniter.php(943): App\Controllers\QrGeneratorController->index()
17 SYSTEMPATH/CodeIgniter.php(503): CodeIgniter\CodeIgniter->runController(Object(App\Controllers\QrGeneratorController))
18 SYSTEMPATH/CodeIgniter.php(361): CodeIgniter\CodeIgniter->handleRequest(null, Object(Config\Cache), false)
19 FCPATH/index.php(79): CodeIgniter\CodeIgniter->run()
CRITICAL - 2025-10-24 01:42:08 --> CodeIgniter\Session\Exceptions\SessionException: Session: Configured save path "null" is not writable by the PHP process.
in SYSTEMPATH/Session/Handlers/FileHandler.php on line 101.
 1 SYSTEMPATH/Session/Handlers/FileHandler.php(101): CodeIgniter\Session\Exceptions\SessionException::forWriteProtectedSavePath('null')
 2 [internal function]: CodeIgniter\Session\Handlers\FileHandler->open('null', 'ci_session')
 3 SYSTEMPATH/Session/Session.php(919): session_start()
 4 SYSTEMPATH/Session/Session.php(241): CodeIgniter\Session\Session->startSession()
 5 SYSTEMPATH/Config/Services.php(699): CodeIgniter\Session\Session->start()
 6 SYSTEMPATH/Config/BaseService.php(258): CodeIgniter\Config\Services::session(Object(Config\Session), false)
 7 SYSTEMPATH/Config/BaseService.php(199): CodeIgniter\Config\BaseService::__callStatic('session', [...])
 8 SYSTEMPATH/Config/Services.php(664): CodeIgniter\Config\BaseService::getSharedInstance('session', null)
 9 SYSTEMPATH/Config/BaseService.php(258): CodeIgniter\Config\Services::session()
10 SYSTEMPATH/Common.php(982): CodeIgniter\Config\BaseService::__callStatic('session', [])
11 APPPATH/Views/qrgenerator/generate_qr.php(8): session('error')
12 SYSTEMPATH/View/View.php(228): include('/opt/lampp/htdocs/warehouse-new/app/Views/qrgenerator/generate_qr.php')
13 SYSTEMPATH/View/View.php(231): CodeIgniter\View\View->CodeIgniter\View\{closure}()
14 SYSTEMPATH/Common.php(1178): CodeIgniter\View\View->render('qrgenerator/generate_qr', [], true)
15 APPPATH/Controllers/QrGeneratorController.php(50): view('qrgenerator/generate_qr', [...])
16 SYSTEMPATH/CodeIgniter.php(943): App\Controllers\QrGeneratorController->index()
17 SYSTEMPATH/CodeIgniter.php(503): CodeIgniter\CodeIgniter->runController(Object(App\Controllers\QrGeneratorController))
18 SYSTEMPATH/CodeIgniter.php(361): CodeIgniter\CodeIgniter->handleRequest(null, Object(Config\Cache), false)
19 FCPATH/index.php(79): CodeIgniter\CodeIgniter->run()
CRITICAL - 2025-10-24 01:44:33 --> CodeIgniter\Session\Exceptions\SessionException: Session: Configured save path "null" is not writable by the PHP process.
in SYSTEMPATH/Session/Handlers/FileHandler.php on line 101.
 1 SYSTEMPATH/Session/Handlers/FileHandler.php(101): CodeIgniter\Session\Exceptions\SessionException::forWriteProtectedSavePath('null')
 2 [internal function]: CodeIgniter\Session\Handlers\FileHandler->open('null', 'ci_session')
 3 SYSTEMPATH/Session/Session.php(919): session_start()
 4 SYSTEMPATH/Session/Session.php(241): CodeIgniter\Session\Session->startSession()
 5 SYSTEMPATH/Config/Services.php(699): CodeIgniter\Session\Session->start()
 6 SYSTEMPATH/Config/BaseService.php(258): CodeIgniter\Config\Services::session(Object(Config\Session), false)
 7 SYSTEMPATH/Config/BaseService.php(199): CodeIgniter\Config\BaseService::__callStatic('session', [...])
 8 SYSTEMPATH/Config/Services.php(664): CodeIgniter\Config\BaseService::getSharedInstance('session', null)
 9 SYSTEMPATH/Config/BaseService.php(258): CodeIgniter\Config\Services::session()
10 SYSTEMPATH/Common.php(982): CodeIgniter\Config\BaseService::__callStatic('session', [])
11 APPPATH/Views/qrgenerator/generate_qr.php(8): session('error')
12 SYSTEMPATH/View/View.php(228): include('/opt/lampp/htdocs/warehouse-new/app/Views/qrgenerator/generate_qr.php')
13 SYSTEMPATH/View/View.php(231): CodeIgniter\View\View->CodeIgniter\View\{closure}()
14 SYSTEMPATH/Common.php(1178): CodeIgniter\View\View->render('qrgenerator/generate_qr', [], true)
15 APPPATH/Controllers/QrGeneratorController.php(50): view('qrgenerator/generate_qr', [...])
16 SYSTEMPATH/CodeIgniter.php(943): App\Controllers\QrGeneratorController->index()
17 SYSTEMPATH/CodeIgniter.php(503): CodeIgniter\CodeIgniter->runController(Object(App\Controllers\QrGeneratorController))
18 SYSTEMPATH/CodeIgniter.php(361): CodeIgniter\CodeIgniter->handleRequest(null, Object(Config\Cache), false)
19 FCPATH/index.php(84): CodeIgniter\CodeIgniter->run()
CRITICAL - 2025-10-24 01:44:38 --> CodeIgniter\Session\Exceptions\SessionException: Session: Configured save path "null" is not writable by the PHP process.
in SYSTEMPATH/Session/Handlers/FileHandler.php on line 101.
 1 SYSTEMPATH/Session/Handlers/FileHandler.php(101): CodeIgniter\Session\Exceptions\SessionException::forWriteProtectedSavePath('null')
 2 [internal function]: CodeIgniter\Session\Handlers\FileHandler->open('null', 'ci_session')
 3 SYSTEMPATH/Session/Session.php(919): session_start()
 4 SYSTEMPATH/Session/Session.php(241): CodeIgniter\Session\Session->startSession()
 5 SYSTEMPATH/Config/Services.php(699): CodeIgniter\Session\Session->start()
 6 SYSTEMPATH/Config/BaseService.php(258): CodeIgniter\Config\Services::session(Object(Config\Session), false)
 7 SYSTEMPATH/Config/BaseService.php(199): CodeIgniter\Config\BaseService::__callStatic('session', [...])
 8 SYSTEMPATH/Config/Services.php(664): CodeIgniter\Config\BaseService::getSharedInstance('session', null)
 9 SYSTEMPATH/Config/BaseService.php(258): CodeIgniter\Config\Services::session()
10 SYSTEMPATH/Common.php(982): CodeIgniter\Config\BaseService::__callStatic('session', [])
11 APPPATH/Views/qrgenerator/generate_qr.php(8): session('error')
12 SYSTEMPATH/View/View.php(228): include('/opt/lampp/htdocs/warehouse-new/app/Views/qrgenerator/generate_qr.php')
13 SYSTEMPATH/View/View.php(231): CodeIgniter\View\View->CodeIgniter\View\{closure}()
14 SYSTEMPATH/Common.php(1178): CodeIgniter\View\View->render('qrgenerator/generate_qr', [], true)
15 APPPATH/Controllers/QrGeneratorController.php(50): view('qrgenerator/generate_qr', [...])
16 SYSTEMPATH/CodeIgniter.php(943): App\Controllers\QrGeneratorController->index()
17 SYSTEMPATH/CodeIgniter.php(503): CodeIgniter\CodeIgniter->runController(Object(App\Controllers\QrGeneratorController))
18 SYSTEMPATH/CodeIgniter.php(361): CodeIgniter\CodeIgniter->handleRequest(null, Object(Config\Cache), false)
19 FCPATH/index.php(84): CodeIgniter\CodeIgniter->run()
CRITICAL - 2025-10-24 04:26:39 --> CodeIgniter\Session\Exceptions\SessionException: Session: Configured save path "null" is not writable by the PHP process.
in SYSTEMPATH/Session/Handlers/FileHandler.php on line 101.
 1 SYSTEMPATH/Session/Handlers/FileHandler.php(101): CodeIgniter\Session\Exceptions\SessionException::forWriteProtectedSavePath('null')
 2 [internal function]: CodeIgniter\Session\Handlers\FileHandler->open('null', 'ci_session')
 3 SYSTEMPATH/Session/Session.php(919): session_start()
 4 SYSTEMPATH/Session/Session.php(241): CodeIgniter\Session\Session->startSession()
 5 SYSTEMPATH/Config/Services.php(699): CodeIgniter\Session\Session->start()
 6 SYSTEMPATH/Config/BaseService.php(258): CodeIgniter\Config\Services::session(Object(Config\Session), false)
 7 SYSTEMPATH/Config/BaseService.php(199): CodeIgniter\Config\BaseService::__callStatic('session', [...])
 8 SYSTEMPATH/Config/Services.php(664): CodeIgniter\Config\BaseService::getSharedInstance('session', null)
 9 SYSTEMPATH/Config/BaseService.php(258): CodeIgniter\Config\Services::session()
10 SYSTEMPATH/Common.php(982): CodeIgniter\Config\BaseService::__callStatic('session', [])
11 APPPATH/Views/qrgenerator/generate_qr.php(8): session('error')
12 SYSTEMPATH/View/View.php(228): include('/opt/lampp/htdocs/warehouse-new/app/Views/qrgenerator/generate_qr.php')
13 SYSTEMPATH/View/View.php(231): CodeIgniter\View\View->CodeIgniter\View\{closure}()
14 SYSTEMPATH/Common.php(1178): CodeIgniter\View\View->render('qrgenerator/generate_qr', [], true)
15 APPPATH/Controllers/QrGeneratorController.php(50): view('qrgenerator/generate_qr', [...])
16 SYSTEMPATH/CodeIgniter.php(943): App\Controllers\QrGeneratorController->index()
17 SYSTEMPATH/CodeIgniter.php(503): CodeIgniter\CodeIgniter->runController(Object(App\Controllers\QrGeneratorController))
18 SYSTEMPATH/CodeIgniter.php(361): CodeIgniter\CodeIgniter->handleRequest(null, Object(Config\Cache), false)
19 FCPATH/index.php(84): CodeIgniter\CodeIgniter->run()
CRITICAL - 2025-10-24 04:27:33 --> CodeIgniter\Session\Exceptions\SessionException: Session: Configured save path "null" is not writable by the PHP process.
in SYSTEMPATH/Session/Handlers/FileHandler.php on line 101.
 1 SYSTEMPATH/Session/Handlers/FileHandler.php(101): CodeIgniter\Session\Exceptions\SessionException::forWriteProtectedSavePath('null')
 2 [internal function]: CodeIgniter\Session\Handlers\FileHandler->open('null', 'ci_session')
 3 SYSTEMPATH/Session/Session.php(919): session_start()
 4 SYSTEMPATH/Session/Session.php(241): CodeIgniter\Session\Session->startSession()
 5 SYSTEMPATH/Config/Services.php(699): CodeIgniter\Session\Session->start()
 6 SYSTEMPATH/Config/BaseService.php(258): CodeIgniter\Config\Services::session(Object(Config\Session), false)
 7 SYSTEMPATH/Config/BaseService.php(199): CodeIgniter\Config\BaseService::__callStatic('session', [...])
 8 SYSTEMPATH/Config/Services.php(664): CodeIgniter\Config\BaseService::getSharedInstance('session', null)
 9 SYSTEMPATH/Config/BaseService.php(258): CodeIgniter\Config\Services::session()
10 SYSTEMPATH/Common.php(982): CodeIgniter\Config\BaseService::__callStatic('session', [])
11 APPPATH/Views/qrgenerator/generate_qr.php(8): session('error')
12 SYSTEMPATH/View/View.php(228): include('/opt/lampp/htdocs/warehouse-new/app/Views/qrgenerator/generate_qr.php')
13 SYSTEMPATH/View/View.php(231): CodeIgniter\View\View->CodeIgniter\View\{closure}()
14 SYSTEMPATH/Common.php(1178): CodeIgniter\View\View->render('qrgenerator/generate_qr', [], true)
15 APPPATH/Controllers/QrGeneratorController.php(50): view('qrgenerator/generate_qr', [...])
16 SYSTEMPATH/CodeIgniter.php(943): App\Controllers\QrGeneratorController->index()
17 SYSTEMPATH/CodeIgniter.php(503): CodeIgniter\CodeIgniter->runController(Object(App\Controllers\QrGeneratorController))
18 SYSTEMPATH/CodeIgniter.php(361): CodeIgniter\CodeIgniter->handleRequest(null, Object(Config\Cache), false)
19 FCPATH/index.php(84): CodeIgniter\CodeIgniter->run()
CRITICAL - 2025-10-24 04:27:33 --> CodeIgniter\Session\Exceptions\SessionException: Session: Configured save path "null" is not writable by the PHP process.
in SYSTEMPATH/Session/Handlers/FileHandler.php on line 101.
 1 SYSTEMPATH/Session/Handlers/FileHandler.php(101): CodeIgniter\Session\Exceptions\SessionException::forWriteProtectedSavePath('null')
 2 [internal function]: CodeIgniter\Session\Handlers\FileHandler->open('null', 'ci_session')
 3 SYSTEMPATH/Session/Session.php(919): session_start()
 4 SYSTEMPATH/Session/Session.php(241): CodeIgniter\Session\Session->startSession()
 5 SYSTEMPATH/Config/Services.php(699): CodeIgniter\Session\Session->start()
 6 SYSTEMPATH/Config/BaseService.php(258): CodeIgniter\Config\Services::session(Object(Config\Session), false)
 7 SYSTEMPATH/Config/BaseService.php(199): CodeIgniter\Config\BaseService::__callStatic('session', [...])
 8 SYSTEMPATH/Config/Services.php(664): CodeIgniter\Config\BaseService::getSharedInstance('session', null)
 9 SYSTEMPATH/Config/BaseService.php(258): CodeIgniter\Config\Services::session()
10 SYSTEMPATH/Common.php(982): CodeIgniter\Config\BaseService::__callStatic('session', [])
11 APPPATH/Views/qrgenerator/generate_qr.php(8): session('error')
12 SYSTEMPATH/View/View.php(228): include('/opt/lampp/htdocs/warehouse-new/app/Views/qrgenerator/generate_qr.php')
13 SYSTEMPATH/View/View.php(231): CodeIgniter\View\View->CodeIgniter\View\{closure}()
14 SYSTEMPATH/Common.php(1178): CodeIgniter\View\View->render('qrgenerator/generate_qr', [], true)
15 APPPATH/Controllers/QrGeneratorController.php(50): view('qrgenerator/generate_qr', [...])
16 SYSTEMPATH/CodeIgniter.php(943): App\Controllers\QrGeneratorController->index()
17 SYSTEMPATH/CodeIgniter.php(503): CodeIgniter\CodeIgniter->runController(Object(App\Controllers\QrGeneratorController))
18 SYSTEMPATH/CodeIgniter.php(361): CodeIgniter\CodeIgniter->handleRequest(null, Object(Config\Cache), false)
19 FCPATH/index.php(84): CodeIgniter\CodeIgniter->run()
CRITICAL - 2025-10-24 04:27:39 --> CodeIgniter\Session\Exceptions\SessionException: Session: Configured save path "null" is not writable by the PHP process.
in SYSTEMPATH/Session/Handlers/FileHandler.php on line 101.
 1 SYSTEMPATH/Session/Handlers/FileHandler.php(101): CodeIgniter\Session\Exceptions\SessionException::forWriteProtectedSavePath('null')
 2 [internal function]: CodeIgniter\Session\Handlers\FileHandler->open('null', 'ci_session')
 3 SYSTEMPATH/Session/Session.php(919): session_start()
 4 SYSTEMPATH/Session/Session.php(241): CodeIgniter\Session\Session->startSession()
 5 SYSTEMPATH/Config/Services.php(699): CodeIgniter\Session\Session->start()
 6 SYSTEMPATH/Config/BaseService.php(258): CodeIgniter\Config\Services::session(Object(Config\Session), false)
 7 SYSTEMPATH/Config/BaseService.php(199): CodeIgniter\Config\BaseService::__callStatic('session', [...])
 8 SYSTEMPATH/Config/Services.php(664): CodeIgniter\Config\BaseService::getSharedInstance('session', null)
 9 SYSTEMPATH/Config/BaseService.php(258): CodeIgniter\Config\Services::session()
10 SYSTEMPATH/Common.php(982): CodeIgniter\Config\BaseService::__callStatic('session', [])
11 APPPATH/Views/qrgenerator/generate_qr.php(8): session('error')
12 SYSTEMPATH/View/View.php(228): include('/opt/lampp/htdocs/warehouse-new/app/Views/qrgenerator/generate_qr.php')
13 SYSTEMPATH/View/View.php(231): CodeIgniter\View\View->CodeIgniter\View\{closure}()
14 SYSTEMPATH/Common.php(1178): CodeIgniter\View\View->render('qrgenerator/generate_qr', [], true)
15 APPPATH/Controllers/QrGeneratorController.php(50): view('qrgenerator/generate_qr', [...])
16 SYSTEMPATH/CodeIgniter.php(943): App\Controllers\QrGeneratorController->index()
17 SYSTEMPATH/CodeIgniter.php(503): CodeIgniter\CodeIgniter->runController(Object(App\Controllers\QrGeneratorController))
18 SYSTEMPATH/CodeIgniter.php(361): CodeIgniter\CodeIgniter->handleRequest(null, Object(Config\Cache), false)
19 FCPATH/index.php(84): CodeIgniter\CodeIgniter->run()
CRITICAL - 2025-10-24 06:18:50 --> CodeIgniter\Session\Exceptions\SessionException: Session: Configured save path "null" is not writable by the PHP process.
in SYSTEMPATH/Session/Handlers/FileHandler.php on line 101.
 1 SYSTEMPATH/Session/Handlers/FileHandler.php(101): CodeIgniter\Session\Exceptions\SessionException::forWriteProtectedSavePath('null')
 2 [internal function]: CodeIgniter\Session\Handlers\FileHandler->open('null', 'ci_session')
 3 SYSTEMPATH/Session/Session.php(919): session_start()
 4 SYSTEMPATH/Session/Session.php(241): CodeIgniter\Session\Session->startSession()
 5 SYSTEMPATH/Config/Services.php(699): CodeIgniter\Session\Session->start()
 6 SYSTEMPATH/Config/BaseService.php(258): CodeIgniter\Config\Services::session(Object(Config\Session), false)
 7 SYSTEMPATH/Config/BaseService.php(199): CodeIgniter\Config\BaseService::__callStatic('session', [...])
 8 SYSTEMPATH/Config/Services.php(664): CodeIgniter\Config\BaseService::getSharedInstance('session', null)
 9 SYSTEMPATH/Config/BaseService.php(258): CodeIgniter\Config\Services::session()
10 SYSTEMPATH/Common.php(982): CodeIgniter\Config\BaseService::__callStatic('session', [])
11 APPPATH/Views/qrgenerator/generate_qr.php(8): session('error')
12 SYSTEMPATH/View/View.php(228): include('/opt/lampp/htdocs/warehouse-new/app/Views/qrgenerator/generate_qr.php')
13 SYSTEMPATH/View/View.php(231): CodeIgniter\View\View->CodeIgniter\View\{closure}()
14 SYSTEMPATH/Common.php(1178): CodeIgniter\View\View->render('qrgenerator/generate_qr', [], true)
15 APPPATH/Controllers/QrGeneratorController.php(50): view('qrgenerator/generate_qr', [...])
16 SYSTEMPATH/CodeIgniter.php(943): App\Controllers\QrGeneratorController->index()
17 SYSTEMPATH/CodeIgniter.php(503): CodeIgniter\CodeIgniter->runController(Object(App\Controllers\QrGeneratorController))
18 SYSTEMPATH/CodeIgniter.php(361): CodeIgniter\CodeIgniter->handleRequest(null, Object(Config\Cache), false)
19 FCPATH/index.php(84): CodeIgniter\CodeIgniter->run()
CRITICAL - 2025-10-24 06:26:15 --> CodeIgniter\Session\Exceptions\SessionException: Session: Configured save path "null" is not writable by the PHP process.
in SYSTEMPATH/Session/Handlers/FileHandler.php on line 101.
 1 SYSTEMPATH/Session/Handlers/FileHandler.php(101): CodeIgniter\Session\Exceptions\SessionException::forWriteProtectedSavePath('null')
 2 [internal function]: CodeIgniter\Session\Handlers\FileHandler->open('null', 'ci_session')
 3 SYSTEMPATH/Session/Session.php(919): session_start()
 4 SYSTEMPATH/Session/Session.php(241): CodeIgniter\Session\Session->startSession()
 5 SYSTEMPATH/Config/Services.php(699): CodeIgniter\Session\Session->start()
 6 SYSTEMPATH/Config/BaseService.php(258): CodeIgniter\Config\Services::session(Object(Config\Session), false)
 7 SYSTEMPATH/Config/BaseService.php(199): CodeIgniter\Config\BaseService::__callStatic('session', [...])
 8 SYSTEMPATH/Config/Services.php(664): CodeIgniter\Config\BaseService::getSharedInstance('session', null)
 9 SYSTEMPATH/Config/BaseService.php(258): CodeIgniter\Config\Services::session()
10 SYSTEMPATH/Common.php(982): CodeIgniter\Config\BaseService::__callStatic('session', [])
11 APPPATH/Views/qrgenerator/generate_qr.php(8): session('error')
12 SYSTEMPATH/View/View.php(228): include('/opt/lampp/htdocs/warehouse-new/app/Views/qrgenerator/generate_qr.php')
13 SYSTEMPATH/View/View.php(231): CodeIgniter\View\View->CodeIgniter\View\{closure}()
14 SYSTEMPATH/Common.php(1178): CodeIgniter\View\View->render('qrgenerator/generate_qr', [], true)
15 APPPATH/Controllers/QrGeneratorController.php(50): view('qrgenerator/generate_qr', [...])
16 SYSTEMPATH/CodeIgniter.php(943): App\Controllers\QrGeneratorController->index()
17 SYSTEMPATH/CodeIgniter.php(503): CodeIgniter\CodeIgniter->runController(Object(App\Controllers\QrGeneratorController))
18 SYSTEMPATH/CodeIgniter.php(361): CodeIgniter\CodeIgniter->handleRequest(null, Object(Config\Cache), false)
19 FCPATH/index.php(84): CodeIgniter\CodeIgniter->run()
CRITICAL - 2025-10-24 06:26:19 --> CodeIgniter\Session\Exceptions\SessionException: Session: Configured save path "null" is not writable by the PHP process.
in SYSTEMPATH/Session/Handlers/FileHandler.php on line 101.
 1 SYSTEMPATH/Session/Handlers/FileHandler.php(101): CodeIgniter\Session\Exceptions\SessionException::forWriteProtectedSavePath('null')
 2 [internal function]: CodeIgniter\Session\Handlers\FileHandler->open('null', 'ci_session')
 3 SYSTEMPATH/Session/Session.php(919): session_start()
 4 SYSTEMPATH/Session/Session.php(241): CodeIgniter\Session\Session->startSession()
 5 SYSTEMPATH/Config/Services.php(699): CodeIgniter\Session\Session->start()
 6 SYSTEMPATH/Config/BaseService.php(258): CodeIgniter\Config\Services::session(Object(Config\Session), false)
 7 SYSTEMPATH/Config/BaseService.php(199): CodeIgniter\Config\BaseService::__callStatic('session', [...])
 8 SYSTEMPATH/Config/Services.php(664): CodeIgniter\Config\BaseService::getSharedInstance('session', null)
 9 SYSTEMPATH/Config/BaseService.php(258): CodeIgniter\Config\Services::session()
10 SYSTEMPATH/Common.php(982): CodeIgniter\Config\BaseService::__callStatic('session', [])
11 APPPATH/Views/qrgenerator/generate_qr.php(8): session('error')
12 SYSTEMPATH/View/View.php(228): include('/opt/lampp/htdocs/warehouse-new/app/Views/qrgenerator/generate_qr.php')
13 SYSTEMPATH/View/View.php(231): CodeIgniter\View\View->CodeIgniter\View\{closure}()
14 SYSTEMPATH/Common.php(1178): CodeIgniter\View\View->render('qrgenerator/generate_qr', [], true)
15 APPPATH/Controllers/QrGeneratorController.php(50): view('qrgenerator/generate_qr', [...])
16 SYSTEMPATH/CodeIgniter.php(943): App\Controllers\QrGeneratorController->index()
17 SYSTEMPATH/CodeIgniter.php(503): CodeIgniter\CodeIgniter->runController(Object(App\Controllers\QrGeneratorController))
18 SYSTEMPATH/CodeIgniter.php(361): CodeIgniter\CodeIgniter->handleRequest(null, Object(Config\Cache), false)
19 FCPATH/index.php(84): CodeIgniter\CodeIgniter->run()
CRITICAL - 2025-10-24 06:30:48 --> CodeIgniter\Session\Exceptions\SessionException: Session: Configured save path "null" is not writable by the PHP process.
in SYSTEMPATH/Session/Handlers/FileHandler.php on line 101.
 1 SYSTEMPATH/Session/Handlers/FileHandler.php(101): CodeIgniter\Session\Exceptions\SessionException::forWriteProtectedSavePath('null')
 2 [internal function]: CodeIgniter\Session\Handlers\FileHandler->open('null', 'ci_session')
 3 SYSTEMPATH/Session/Session.php(919): session_start()
 4 SYSTEMPATH/Session/Session.php(241): CodeIgniter\Session\Session->startSession()
 5 SYSTEMPATH/Config/Services.php(699): CodeIgniter\Session\Session->start()
 6 SYSTEMPATH/Config/BaseService.php(258): CodeIgniter\Config\Services::session(Object(Config\Session), false)
 7 SYSTEMPATH/Config/BaseService.php(199): CodeIgniter\Config\BaseService::__callStatic('session', [...])
 8 SYSTEMPATH/Config/Services.php(664): CodeIgniter\Config\BaseService::getSharedInstance('session', null)
 9 SYSTEMPATH/Config/BaseService.php(258): CodeIgniter\Config\Services::session()
10 SYSTEMPATH/Common.php(982): CodeIgniter\Config\BaseService::__callStatic('session', [])
11 APPPATH/Views/qrgenerator/generate_qr.php(8): session('error')
12 SYSTEMPATH/View/View.php(228): include('/opt/lampp/htdocs/warehouse-new/app/Views/qrgenerator/generate_qr.php')
13 SYSTEMPATH/View/View.php(231): CodeIgniter\View\View->CodeIgniter\View\{closure}()
14 SYSTEMPATH/Common.php(1178): CodeIgniter\View\View->render('qrgenerator/generate_qr', [], true)
15 APPPATH/Controllers/QrGeneratorController.php(50): view('qrgenerator/generate_qr', [...])
16 SYSTEMPATH/CodeIgniter.php(943): App\Controllers\QrGeneratorController->index()
17 SYSTEMPATH/CodeIgniter.php(503): CodeIgniter\CodeIgniter->runController(Object(App\Controllers\QrGeneratorController))
18 SYSTEMPATH/CodeIgniter.php(361): CodeIgniter\CodeIgniter->handleRequest(null, Object(Config\Cache), false)
19 FCPATH/index.php(84): CodeIgniter\CodeIgniter->run()
CRITICAL - 2025-10-24 06:32:59 --> CodeIgniter\Session\Exceptions\SessionException: Session: Configured save path "null" is not writable by the PHP process.
in SYSTEMPATH/Session/Handlers/FileHandler.php on line 101.
 1 SYSTEMPATH/Session/Handlers/FileHandler.php(101): CodeIgniter\Session\Exceptions\SessionException::forWriteProtectedSavePath('null')
 2 [internal function]: CodeIgniter\Session\Handlers\FileHandler->open('null', 'ci_session')
 3 SYSTEMPATH/Session/Session.php(919): session_start()
 4 SYSTEMPATH/Session/Session.php(241): CodeIgniter\Session\Session->startSession()
 5 SYSTEMPATH/Config/Services.php(699): CodeIgniter\Session\Session->start()
 6 SYSTEMPATH/Config/BaseService.php(258): CodeIgniter\Config\Services::session(Object(Config\Session), false)
 7 SYSTEMPATH/Config/BaseService.php(199): CodeIgniter\Config\BaseService::__callStatic('session', [...])
 8 SYSTEMPATH/Config/Services.php(664): CodeIgniter\Config\BaseService::getSharedInstance('session', null)
 9 SYSTEMPATH/Config/BaseService.php(258): CodeIgniter\Config\Services::session()
10 SYSTEMPATH/Common.php(982): CodeIgniter\Config\BaseService::__callStatic('session', [])
11 APPPATH/Views/qrgenerator/generate_qr.php(8): session('error')
12 SYSTEMPATH/View/View.php(228): include('/opt/lampp/htdocs/warehouse-new/app/Views/qrgenerator/generate_qr.php')
13 SYSTEMPATH/View/View.php(231): CodeIgniter\View\View->CodeIgniter\View\{closure}()
14 SYSTEMPATH/Common.php(1178): CodeIgniter\View\View->render('qrgenerator/generate_qr', [], true)
15 APPPATH/Controllers/QrGeneratorController.php(50): view('qrgenerator/generate_qr', [...])
16 SYSTEMPATH/CodeIgniter.php(943): App\Controllers\QrGeneratorController->index()
17 SYSTEMPATH/CodeIgniter.php(503): CodeIgniter\CodeIgniter->runController(Object(App\Controllers\QrGeneratorController))
18 SYSTEMPATH/CodeIgniter.php(361): CodeIgniter\CodeIgniter->handleRequest(null, Object(Config\Cache), false)
19 FCPATH/index.php(84): CodeIgniter\CodeIgniter->run()
CRITICAL - 2025-10-24 06:35:26 --> CodeIgniter\Session\Exceptions\SessionException: Session: Configured save path "null" is not writable by the PHP process.
in SYSTEMPATH/Session/Handlers/FileHandler.php on line 101.
 1 SYSTEMPATH/Session/Handlers/FileHandler.php(101): CodeIgniter\Session\Exceptions\SessionException::forWriteProtectedSavePath('null')
 2 [internal function]: CodeIgniter\Session\Handlers\FileHandler->open('null', 'ci_session')
 3 SYSTEMPATH/Session/Session.php(919): session_start()
 4 SYSTEMPATH/Session/Session.php(241): CodeIgniter\Session\Session->startSession()
 5 SYSTEMPATH/Config/Services.php(699): CodeIgniter\Session\Session->start()
 6 SYSTEMPATH/Config/BaseService.php(258): CodeIgniter\Config\Services::session(Object(Config\Session), false)
 7 SYSTEMPATH/Config/BaseService.php(199): CodeIgniter\Config\BaseService::__callStatic('session', [...])
 8 SYSTEMPATH/Config/Services.php(664): CodeIgniter\Config\BaseService::getSharedInstance('session', null)
 9 SYSTEMPATH/Config/BaseService.php(258): CodeIgniter\Config\Services::session()
10 SYSTEMPATH/Common.php(982): CodeIgniter\Config\BaseService::__callStatic('session', [])
11 APPPATH/Views/qrgenerator/generate_qr.php(8): session('error')
12 SYSTEMPATH/View/View.php(228): include('/opt/lampp/htdocs/warehouse-new/app/Views/qrgenerator/generate_qr.php')
13 SYSTEMPATH/View/View.php(231): CodeIgniter\View\View->CodeIgniter\View\{closure}()
14 SYSTEMPATH/Common.php(1178): CodeIgniter\View\View->render('qrgenerator/generate_qr', [], true)
15 APPPATH/Controllers/QrGeneratorController.php(50): view('qrgenerator/generate_qr', [...])
16 SYSTEMPATH/CodeIgniter.php(943): App\Controllers\QrGeneratorController->index()
17 SYSTEMPATH/CodeIgniter.php(503): CodeIgniter\CodeIgniter->runController(Object(App\Controllers\QrGeneratorController))
18 SYSTEMPATH/CodeIgniter.php(361): CodeIgniter\CodeIgniter->handleRequest(null, Object(Config\Cache), false)
19 FCPATH/index.php(84): CodeIgniter\CodeIgniter->run()
CRITICAL - 2025-10-24 06:40:36 --> CodeIgniter\Session\Exceptions\SessionException: Session: Configured save path "null" is not writable by the PHP process.
in SYSTEMPATH/Session/Handlers/FileHandler.php on line 101.
 1 SYSTEMPATH/Session/Handlers/FileHandler.php(101): CodeIgniter\Session\Exceptions\SessionException::forWriteProtectedSavePath('null')
 2 [internal function]: CodeIgniter\Session\Handlers\FileHandler->open('null', 'ci_session')
 3 SYSTEMPATH/Session/Session.php(919): session_start()
 4 SYSTEMPATH/Session/Session.php(241): CodeIgniter\Session\Session->startSession()
 5 SYSTEMPATH/Config/Services.php(699): CodeIgniter\Session\Session->start()
 6 SYSTEMPATH/Config/BaseService.php(258): CodeIgniter\Config\Services::session(Object(Config\Session), false)
 7 SYSTEMPATH/Config/BaseService.php(199): CodeIgniter\Config\BaseService::__callStatic('session', [...])
 8 SYSTEMPATH/Config/Services.php(664): CodeIgniter\Config\BaseService::getSharedInstance('session', null)
 9 SYSTEMPATH/Config/BaseService.php(258): CodeIgniter\Config\Services::session()
10 SYSTEMPATH/Common.php(982): CodeIgniter\Config\BaseService::__callStatic('session', [])
11 APPPATH/Controllers/QrGeneratorController.php(13): session()
12 SYSTEMPATH/CodeIgniter.php(943): App\Controllers\QrGeneratorController->index()
13 SYSTEMPATH/CodeIgniter.php(503): CodeIgniter\CodeIgniter->runController(Object(App\Controllers\QrGeneratorController))
14 SYSTEMPATH/CodeIgniter.php(361): CodeIgniter\CodeIgniter->handleRequest(null, Object(Config\Cache), false)
15 FCPATH/index.php(84): CodeIgniter\CodeIgniter->run()
CRITICAL - 2025-10-24 06:41:53 --> CodeIgniter\Session\Exceptions\SessionException: Session: Configured save path "null" is not writable by the PHP process.
in SYSTEMPATH/Session/Handlers/FileHandler.php on line 101.
 1 SYSTEMPATH/Session/Handlers/FileHandler.php(101): CodeIgniter\Session\Exceptions\SessionException::forWriteProtectedSavePath('null')
 2 [internal function]: CodeIgniter\Session\Handlers\FileHandler->open('null', 'ci_session')
 3 SYSTEMPATH/Session/Session.php(919): session_start()
 4 SYSTEMPATH/Session/Session.php(241): CodeIgniter\Session\Session->startSession()
 5 SYSTEMPATH/Config/Services.php(699): CodeIgniter\Session\Session->start()
 6 SYSTEMPATH/Config/BaseService.php(258): CodeIgniter\Config\Services::session(Object(Config\Session), false)
 7 SYSTEMPATH/Config/BaseService.php(199): CodeIgniter\Config\BaseService::__callStatic('session', [...])
 8 SYSTEMPATH/Config/Services.php(664): CodeIgniter\Config\BaseService::getSharedInstance('session', null)
 9 SYSTEMPATH/Config/BaseService.php(258): CodeIgniter\Config\Services::session()
10 SYSTEMPATH/Common.php(982): CodeIgniter\Config\BaseService::__callStatic('session', [])
11 APPPATH/Controllers/QrGeneratorController.php(13): session()
12 SYSTEMPATH/CodeIgniter.php(943): App\Controllers\QrGeneratorController->index()
13 SYSTEMPATH/CodeIgniter.php(503): CodeIgniter\CodeIgniter->runController(Object(App\Controllers\QrGeneratorController))
14 SYSTEMPATH/CodeIgniter.php(361): CodeIgniter\CodeIgniter->handleRequest(null, Object(Config\Cache), false)
15 FCPATH/index.php(84): CodeIgniter\CodeIgniter->run()
CRITICAL - 2025-10-24 06:46:22 --> CodeIgniter\Session\Exceptions\SessionException: Session: Configured save path "null" is not writable by the PHP process.
in SYSTEMPATH/Session/Handlers/FileHandler.php on line 101.
 1 SYSTEMPATH/Session/Handlers/FileHandler.php(101): CodeIgniter\Session\Exceptions\SessionException::forWriteProtectedSavePath('null')
 2 [internal function]: CodeIgniter\Session\Handlers\FileHandler->open('null', 'ci_session')
 3 SYSTEMPATH/Session/Session.php(919): session_start()
 4 SYSTEMPATH/Session/Session.php(241): CodeIgniter\Session\Session->startSession()
 5 SYSTEMPATH/Config/Services.php(699): CodeIgniter\Session\Session->start()
 6 SYSTEMPATH/Config/BaseService.php(258): CodeIgniter\Config\Services::session(Object(Config\Session), false)
 7 SYSTEMPATH/Config/BaseService.php(199): CodeIgniter\Config\BaseService::__callStatic('session', [...])
 8 SYSTEMPATH/Config/Services.php(664): CodeIgniter\Config\BaseService::getSharedInstance('session', null)
 9 SYSTEMPATH/Config/BaseService.php(258): CodeIgniter\Config\Services::session()
10 SYSTEMPATH/Common.php(982): CodeIgniter\Config\BaseService::__callStatic('session', [])
11 APPPATH/Controllers/TestSession.php(9): session()
12 SYSTEMPATH/CodeIgniter.php(943): App\Controllers\TestSession->index()
13 SYSTEMPATH/CodeIgniter.php(503): CodeIgniter\CodeIgniter->runController(Object(App\Controllers\TestSession))
14 SYSTEMPATH/CodeIgniter.php(361): CodeIgniter\CodeIgniter->handleRequest(null, Object(Config\Cache), false)
15 FCPATH/index.php(84): CodeIgniter\CodeIgniter->run()
CRITICAL - 2025-10-24 06:46:44 --> CodeIgniter\Session\Exceptions\SessionException: Session: Configured save path "null" is not writable by the PHP process.
in SYSTEMPATH/Session/Handlers/FileHandler.php on line 101.
 1 SYSTEMPATH/Session/Handlers/FileHandler.php(101): CodeIgniter\Session\Exceptions\SessionException::forWriteProtectedSavePath('null')
 2 [internal function]: CodeIgniter\Session\Handlers\FileHandler->open('null', 'ci_session')
 3 SYSTEMPATH/Session/Session.php(919): session_start()
 4 SYSTEMPATH/Session/Session.php(241): CodeIgniter\Session\Session->startSession()
 5 SYSTEMPATH/Config/Services.php(699): CodeIgniter\Session\Session->start()
 6 SYSTEMPATH/Config/BaseService.php(258): CodeIgniter\Config\Services::session(Object(Config\Session), false)
 7 SYSTEMPATH/Config/BaseService.php(199): CodeIgniter\Config\BaseService::__callStatic('session', [...])
 8 SYSTEMPATH/Config/Services.php(664): CodeIgniter\Config\BaseService::getSharedInstance('session', null)
 9 SYSTEMPATH/Config/BaseService.php(258): CodeIgniter\Config\Services::session()
10 SYSTEMPATH/Common.php(982): CodeIgniter\Config\BaseService::__callStatic('session', [])
11 APPPATH/Controllers/TestSession.php(9): session()
12 SYSTEMPATH/CodeIgniter.php(943): App\Controllers\TestSession->index()
13 SYSTEMPATH/CodeIgniter.php(503): CodeIgniter\CodeIgniter->runController(Object(App\Controllers\TestSession))
14 SYSTEMPATH/CodeIgniter.php(361): CodeIgniter\CodeIgniter->handleRequest(null, Object(Config\Cache), false)
15 FCPATH/index.php(84): CodeIgniter\CodeIgniter->run()
CRITICAL - 2025-10-24 06:52:20 --> CodeIgniter\Session\Exceptions\SessionException: Session: Configured save path "null" is not writable by the PHP process.
in SYSTEMPATH/Session/Handlers/FileHandler.php on line 103.
 1 SYSTEMPATH/Session/Handlers/FileHandler.php(103): CodeIgniter\Session\Exceptions\SessionException::forWriteProtectedSavePath('null')
 2 [internal function]: CodeIgniter\Session\Handlers\FileHandler->open('null', 'ci_session')
 3 SYSTEMPATH/Session/Session.php(919): session_start()
 4 SYSTEMPATH/Session/Session.php(241): CodeIgniter\Session\Session->startSession()
 5 SYSTEMPATH/Config/Services.php(699): CodeIgniter\Session\Session->start()
 6 SYSTEMPATH/Config/BaseService.php(258): CodeIgniter\Config\Services::session(Object(Config\Session), false)
 7 SYSTEMPATH/Config/BaseService.php(199): CodeIgniter\Config\BaseService::__callStatic('session', [...])
 8 SYSTEMPATH/Config/Services.php(664): CodeIgniter\Config\BaseService::getSharedInstance('session', null)
 9 SYSTEMPATH/Config/BaseService.php(258): CodeIgniter\Config\Services::session()
10 SYSTEMPATH/Common.php(982): CodeIgniter\Config\BaseService::__callStatic('session', [])
11 APPPATH/Controllers/TestSession.php(9): session()
12 SYSTEMPATH/CodeIgniter.php(943): App\Controllers\TestSession->index()
13 SYSTEMPATH/CodeIgniter.php(503): CodeIgniter\CodeIgniter->runController(Object(App\Controllers\TestSession))
14 SYSTEMPATH/CodeIgniter.php(361): CodeIgniter\CodeIgniter->handleRequest(null, Object(Config\Cache), false)
15 FCPATH/index.php(84): CodeIgniter\CodeIgniter->run()
CRITICAL - 2025-10-24 06:52:46 --> CodeIgniter\Session\Exceptions\SessionException: Session: Configured save path "null" is not writable by the PHP process.
in SYSTEMPATH/Session/Handlers/FileHandler.php on line 103.
 1 SYSTEMPATH/Session/Handlers/FileHandler.php(103): CodeIgniter\Session\Exceptions\SessionException::forWriteProtectedSavePath('null')
 2 [internal function]: CodeIgniter\Session\Handlers\FileHandler->open('null', 'ci_session')
 3 SYSTEMPATH/Session/Session.php(919): session_start()
 4 SYSTEMPATH/Session/Session.php(241): CodeIgniter\Session\Session->startSession()
 5 SYSTEMPATH/Config/Services.php(699): CodeIgniter\Session\Session->start()
 6 SYSTEMPATH/Config/BaseService.php(258): CodeIgniter\Config\Services::session(Object(Config\Session), false)
 7 SYSTEMPATH/Config/BaseService.php(199): CodeIgniter\Config\BaseService::__callStatic('session', [...])
 8 SYSTEMPATH/Config/Services.php(664): CodeIgniter\Config\BaseService::getSharedInstance('session', null)
 9 SYSTEMPATH/Config/BaseService.php(258): CodeIgniter\Config\Services::session()
10 SYSTEMPATH/Common.php(982): CodeIgniter\Config\BaseService::__callStatic('session', [])
11 APPPATH/Controllers/QrGeneratorController.php(13): session()
12 SYSTEMPATH/CodeIgniter.php(943): App\Controllers\QrGeneratorController->index()
13 SYSTEMPATH/CodeIgniter.php(503): CodeIgniter\CodeIgniter->runController(Object(App\Controllers\QrGeneratorController))
14 SYSTEMPATH/CodeIgniter.php(361): CodeIgniter\CodeIgniter->handleRequest(null, Object(Config\Cache), false)
15 FCPATH/index.php(84): CodeIgniter\CodeIgniter->run()
CRITICAL - 2025-10-24 06:54:36 --> CodeIgniter\Session\Exceptions\SessionException: Session: Configured save path "null" is not writable by the PHP process.
in SYSTEMPATH/Session/Handlers/FileHandler.php on line 101.
 1 SYSTEMPATH/Session/Handlers/FileHandler.php(101): CodeIgniter\Session\Exceptions\SessionException::forWriteProtectedSavePath('null')
 2 [internal function]: CodeIgniter\Session\Handlers\FileHandler->open('null', 'ci_session')
 3 SYSTEMPATH/Session/Session.php(919): session_start()
 4 SYSTEMPATH/Session/Session.php(241): CodeIgniter\Session\Session->startSession()
 5 SYSTEMPATH/Config/Services.php(699): CodeIgniter\Session\Session->start()
 6 SYSTEMPATH/Config/BaseService.php(258): CodeIgniter\Config\Services::session(Object(Config\Session), false)
 7 SYSTEMPATH/Config/BaseService.php(199): CodeIgniter\Config\BaseService::__callStatic('session', [...])
 8 SYSTEMPATH/Config/Services.php(664): CodeIgniter\Config\BaseService::getSharedInstance('session', null)
 9 SYSTEMPATH/Config/BaseService.php(258): CodeIgniter\Config\Services::session()
10 SYSTEMPATH/Common.php(982): CodeIgniter\Config\BaseService::__callStatic('session', [])
11 APPPATH/Controllers/TestSession.php(9): session()
12 SYSTEMPATH/CodeIgniter.php(943): App\Controllers\TestSession->index()
13 SYSTEMPATH/CodeIgniter.php(503): CodeIgniter\CodeIgniter->runController(Object(App\Controllers\TestSession))
14 SYSTEMPATH/CodeIgniter.php(361): CodeIgniter\CodeIgniter->handleRequest(null, Object(Config\Cache), false)
15 FCPATH/index.php(84): CodeIgniter\CodeIgniter->run()
CRITICAL - 2025-10-24 06:54:37 --> CodeIgniter\Session\Exceptions\SessionException: Session: Configured save path "null" is not writable by the PHP process.
in SYSTEMPATH/Session/Handlers/FileHandler.php on line 101.
 1 SYSTEMPATH/Session/Handlers/FileHandler.php(101): CodeIgniter\Session\Exceptions\SessionException::forWriteProtectedSavePath('null')
 2 [internal function]: CodeIgniter\Session\Handlers\FileHandler->open('null', 'ci_session')
 3 SYSTEMPATH/Session/Session.php(919): session_start()
 4 SYSTEMPATH/Session/Session.php(241): CodeIgniter\Session\Session->startSession()
 5 SYSTEMPATH/Config/Services.php(699): CodeIgniter\Session\Session->start()
 6 SYSTEMPATH/Config/BaseService.php(258): CodeIgniter\Config\Services::session(Object(Config\Session), false)
 7 SYSTEMPATH/Config/BaseService.php(199): CodeIgniter\Config\BaseService::__callStatic('session', [...])
 8 SYSTEMPATH/Config/Services.php(664): CodeIgniter\Config\BaseService::getSharedInstance('session', null)
 9 SYSTEMPATH/Config/BaseService.php(258): CodeIgniter\Config\Services::session()
10 SYSTEMPATH/Common.php(982): CodeIgniter\Config\BaseService::__callStatic('session', [])
11 APPPATH/Controllers/TestSession.php(9): session()
12 SYSTEMPATH/CodeIgniter.php(943): App\Controllers\TestSession->index()
13 SYSTEMPATH/CodeIgniter.php(503): CodeIgniter\CodeIgniter->runController(Object(App\Controllers\TestSession))
14 SYSTEMPATH/CodeIgniter.php(361): CodeIgniter\CodeIgniter->handleRequest(null, Object(Config\Cache), false)
15 FCPATH/index.php(84): CodeIgniter\CodeIgniter->run()
CRITICAL - 2025-10-24 06:54:37 --> CodeIgniter\Session\Exceptions\SessionException: Session: Configured save path "null" is not writable by the PHP process.
in SYSTEMPATH/Session/Handlers/FileHandler.php on line 101.
 1 SYSTEMPATH/Session/Handlers/FileHandler.php(101): CodeIgniter\Session\Exceptions\SessionException::forWriteProtectedSavePath('null')
 2 [internal function]: CodeIgniter\Session\Handlers\FileHandler->open('null', 'ci_session')
 3 SYSTEMPATH/Session/Session.php(919): session_start()
 4 SYSTEMPATH/Session/Session.php(241): CodeIgniter\Session\Session->startSession()
 5 SYSTEMPATH/Config/Services.php(699): CodeIgniter\Session\Session->start()
 6 SYSTEMPATH/Config/BaseService.php(258): CodeIgniter\Config\Services::session(Object(Config\Session), false)
 7 SYSTEMPATH/Config/BaseService.php(199): CodeIgniter\Config\BaseService::__callStatic('session', [...])
 8 SYSTEMPATH/Config/Services.php(664): CodeIgniter\Config\BaseService::getSharedInstance('session', null)
 9 SYSTEMPATH/Config/BaseService.php(258): CodeIgniter\Config\Services::session()
10 SYSTEMPATH/Common.php(982): CodeIgniter\Config\BaseService::__callStatic('session', [])
11 APPPATH/Controllers/TestSession.php(9): session()
12 SYSTEMPATH/CodeIgniter.php(943): App\Controllers\TestSession->index()
13 SYSTEMPATH/CodeIgniter.php(503): CodeIgniter\CodeIgniter->runController(Object(App\Controllers\TestSession))
14 SYSTEMPATH/CodeIgniter.php(361): CodeIgniter\CodeIgniter->handleRequest(null, Object(Config\Cache), false)
15 FCPATH/index.php(84): CodeIgniter\CodeIgniter->run()
CRITICAL - 2025-10-24 06:54:38 --> CodeIgniter\Session\Exceptions\SessionException: Session: Configured save path "null" is not writable by the PHP process.
in SYSTEMPATH/Session/Handlers/FileHandler.php on line 101.
 1 SYSTEMPATH/Session/Handlers/FileHandler.php(101): CodeIgniter\Session\Exceptions\SessionException::forWriteProtectedSavePath('null')
 2 [internal function]: CodeIgniter\Session\Handlers\FileHandler->open('null', 'ci_session')
 3 SYSTEMPATH/Session/Session.php(919): session_start()
 4 SYSTEMPATH/Session/Session.php(241): CodeIgniter\Session\Session->startSession()
 5 SYSTEMPATH/Config/Services.php(699): CodeIgniter\Session\Session->start()
 6 SYSTEMPATH/Config/BaseService.php(258): CodeIgniter\Config\Services::session(Object(Config\Session), false)
 7 SYSTEMPATH/Config/BaseService.php(199): CodeIgniter\Config\BaseService::__callStatic('session', [...])
 8 SYSTEMPATH/Config/Services.php(664): CodeIgniter\Config\BaseService::getSharedInstance('session', null)
 9 SYSTEMPATH/Config/BaseService.php(258): CodeIgniter\Config\Services::session()
10 SYSTEMPATH/Common.php(982): CodeIgniter\Config\BaseService::__callStatic('session', [])
11 APPPATH/Controllers/TestSession.php(9): session()
12 SYSTEMPATH/CodeIgniter.php(943): App\Controllers\TestSession->index()
13 SYSTEMPATH/CodeIgniter.php(503): CodeIgniter\CodeIgniter->runController(Object(App\Controllers\TestSession))
14 SYSTEMPATH/CodeIgniter.php(361): CodeIgniter\CodeIgniter->handleRequest(null, Object(Config\Cache), false)
15 FCPATH/index.php(84): CodeIgniter\CodeIgniter->run()
CRITICAL - 2025-10-24 06:54:38 --> CodeIgniter\Session\Exceptions\SessionException: Session: Configured save path "null" is not writable by the PHP process.
in SYSTEMPATH/Session/Handlers/FileHandler.php on line 101.
 1 SYSTEMPATH/Session/Handlers/FileHandler.php(101): CodeIgniter\Session\Exceptions\SessionException::forWriteProtectedSavePath('null')
 2 [internal function]: CodeIgniter\Session\Handlers\FileHandler->open('null', 'ci_session')
 3 SYSTEMPATH/Session/Session.php(919): session_start()
 4 SYSTEMPATH/Session/Session.php(241): CodeIgniter\Session\Session->startSession()
 5 SYSTEMPATH/Config/Services.php(699): CodeIgniter\Session\Session->start()
 6 SYSTEMPATH/Config/BaseService.php(258): CodeIgniter\Config\Services::session(Object(Config\Session), false)
 7 SYSTEMPATH/Config/BaseService.php(199): CodeIgniter\Config\BaseService::__callStatic('session', [...])
 8 SYSTEMPATH/Config/Services.php(664): CodeIgniter\Config\BaseService::getSharedInstance('session', null)
 9 SYSTEMPATH/Config/BaseService.php(258): CodeIgniter\Config\Services::session()
10 SYSTEMPATH/Common.php(982): CodeIgniter\Config\BaseService::__callStatic('session', [])
11 APPPATH/Controllers/TestSession.php(9): session()
12 SYSTEMPATH/CodeIgniter.php(943): App\Controllers\TestSession->index()
13 SYSTEMPATH/CodeIgniter.php(503): CodeIgniter\CodeIgniter->runController(Object(App\Controllers\TestSession))
14 SYSTEMPATH/CodeIgniter.php(361): CodeIgniter\CodeIgniter->handleRequest(null, Object(Config\Cache), false)
15 FCPATH/index.php(84): CodeIgniter\CodeIgniter->run()
CRITICAL - 2025-10-24 06:54:38 --> CodeIgniter\Session\Exceptions\SessionException: Session: Configured save path "null" is not writable by the PHP process.
in SYSTEMPATH/Session/Handlers/FileHandler.php on line 101.
 1 SYSTEMPATH/Session/Handlers/FileHandler.php(101): CodeIgniter\Session\Exceptions\SessionException::forWriteProtectedSavePath('null')
 2 [internal function]: CodeIgniter\Session\Handlers\FileHandler->open('null', 'ci_session')
 3 SYSTEMPATH/Session/Session.php(919): session_start()
 4 SYSTEMPATH/Session/Session.php(241): CodeIgniter\Session\Session->startSession()
 5 SYSTEMPATH/Config/Services.php(699): CodeIgniter\Session\Session->start()
 6 SYSTEMPATH/Config/BaseService.php(258): CodeIgniter\Config\Services::session(Object(Config\Session), false)
 7 SYSTEMPATH/Config/BaseService.php(199): CodeIgniter\Config\BaseService::__callStatic('session', [...])
 8 SYSTEMPATH/Config/Services.php(664): CodeIgniter\Config\BaseService::getSharedInstance('session', null)
 9 SYSTEMPATH/Config/BaseService.php(258): CodeIgniter\Config\Services::session()
10 SYSTEMPATH/Common.php(982): CodeIgniter\Config\BaseService::__callStatic('session', [])
11 APPPATH/Controllers/TestSession.php(9): session()
12 SYSTEMPATH/CodeIgniter.php(943): App\Controllers\TestSession->index()
13 SYSTEMPATH/CodeIgniter.php(503): CodeIgniter\CodeIgniter->runController(Object(App\Controllers\TestSession))
14 SYSTEMPATH/CodeIgniter.php(361): CodeIgniter\CodeIgniter->handleRequest(null, Object(Config\Cache), false)
15 FCPATH/index.php(84): CodeIgniter\CodeIgniter->run()
CRITICAL - 2025-10-24 06:54:38 --> CodeIgniter\Session\Exceptions\SessionException: Session: Configured save path "null" is not writable by the PHP process.
in SYSTEMPATH/Session/Handlers/FileHandler.php on line 101.
 1 SYSTEMPATH/Session/Handlers/FileHandler.php(101): CodeIgniter\Session\Exceptions\SessionException::forWriteProtectedSavePath('null')
 2 [internal function]: CodeIgniter\Session\Handlers\FileHandler->open('null', 'ci_session')
 3 SYSTEMPATH/Session/Session.php(919): session_start()
 4 SYSTEMPATH/Session/Session.php(241): CodeIgniter\Session\Session->startSession()
 5 SYSTEMPATH/Config/Services.php(699): CodeIgniter\Session\Session->start()
 6 SYSTEMPATH/Config/BaseService.php(258): CodeIgniter\Config\Services::session(Object(Config\Session), false)
 7 SYSTEMPATH/Config/BaseService.php(199): CodeIgniter\Config\BaseService::__callStatic('session', [...])
 8 SYSTEMPATH/Config/Services.php(664): CodeIgniter\Config\BaseService::getSharedInstance('session', null)
 9 SYSTEMPATH/Config/BaseService.php(258): CodeIgniter\Config\Services::session()
10 SYSTEMPATH/Common.php(982): CodeIgniter\Config\BaseService::__callStatic('session', [])
11 APPPATH/Controllers/TestSession.php(9): session()
12 SYSTEMPATH/CodeIgniter.php(943): App\Controllers\TestSession->index()
13 SYSTEMPATH/CodeIgniter.php(503): CodeIgniter\CodeIgniter->runController(Object(App\Controllers\TestSession))
14 SYSTEMPATH/CodeIgniter.php(361): CodeIgniter\CodeIgniter->handleRequest(null, Object(Config\Cache), false)
15 FCPATH/index.php(84): CodeIgniter\CodeIgniter->run()
CRITICAL - 2025-10-24 06:54:38 --> CodeIgniter\Session\Exceptions\SessionException: Session: Configured save path "null" is not writable by the PHP process.
in SYSTEMPATH/Session/Handlers/FileHandler.php on line 101.
 1 SYSTEMPATH/Session/Handlers/FileHandler.php(101): CodeIgniter\Session\Exceptions\SessionException::forWriteProtectedSavePath('null')
 2 [internal function]: CodeIgniter\Session\Handlers\FileHandler->open('null', 'ci_session')
 3 SYSTEMPATH/Session/Session.php(919): session_start()
 4 SYSTEMPATH/Session/Session.php(241): CodeIgniter\Session\Session->startSession()
 5 SYSTEMPATH/Config/Services.php(699): CodeIgniter\Session\Session->start()
 6 SYSTEMPATH/Config/BaseService.php(258): CodeIgniter\Config\Services::session(Object(Config\Session), false)
 7 SYSTEMPATH/Config/BaseService.php(199): CodeIgniter\Config\BaseService::__callStatic('session', [...])
 8 SYSTEMPATH/Config/Services.php(664): CodeIgniter\Config\BaseService::getSharedInstance('session', null)
 9 SYSTEMPATH/Config/BaseService.php(258): CodeIgniter\Config\Services::session()
10 SYSTEMPATH/Common.php(982): CodeIgniter\Config\BaseService::__callStatic('session', [])
11 APPPATH/Controllers/TestSession.php(9): session()
12 SYSTEMPATH/CodeIgniter.php(943): App\Controllers\TestSession->index()
13 SYSTEMPATH/CodeIgniter.php(503): CodeIgniter\CodeIgniter->runController(Object(App\Controllers\TestSession))
14 SYSTEMPATH/CodeIgniter.php(361): CodeIgniter\CodeIgniter->handleRequest(null, Object(Config\Cache), false)
15 FCPATH/index.php(84): CodeIgniter\CodeIgniter->run()
CRITICAL - 2025-10-24 06:54:38 --> CodeIgniter\Session\Exceptions\SessionException: Session: Configured save path "null" is not writable by the PHP process.
in SYSTEMPATH/Session/Handlers/FileHandler.php on line 101.
 1 SYSTEMPATH/Session/Handlers/FileHandler.php(101): CodeIgniter\Session\Exceptions\SessionException::forWriteProtectedSavePath('null')
 2 [internal function]: CodeIgniter\Session\Handlers\FileHandler->open('null', 'ci_session')
 3 SYSTEMPATH/Session/Session.php(919): session_start()
 4 SYSTEMPATH/Session/Session.php(241): CodeIgniter\Session\Session->startSession()
 5 SYSTEMPATH/Config/Services.php(699): CodeIgniter\Session\Session->start()
 6 SYSTEMPATH/Config/BaseService.php(258): CodeIgniter\Config\Services::session(Object(Config\Session), false)
 7 SYSTEMPATH/Config/BaseService.php(199): CodeIgniter\Config\BaseService::__callStatic('session', [...])
 8 SYSTEMPATH/Config/Services.php(664): CodeIgniter\Config\BaseService::getSharedInstance('session', null)
 9 SYSTEMPATH/Config/BaseService.php(258): CodeIgniter\Config\Services::session()
10 SYSTEMPATH/Common.php(982): CodeIgniter\Config\BaseService::__callStatic('session', [])
11 APPPATH/Controllers/TestSession.php(9): session()
12 SYSTEMPATH/CodeIgniter.php(943): App\Controllers\TestSession->index()
13 SYSTEMPATH/CodeIgniter.php(503): CodeIgniter\CodeIgniter->runController(Object(App\Controllers\TestSession))
14 SYSTEMPATH/CodeIgniter.php(361): CodeIgniter\CodeIgniter->handleRequest(null, Object(Config\Cache), false)
15 FCPATH/index.php(84): CodeIgniter\CodeIgniter->run()
CRITICAL - 2025-10-24 06:56:55 --> CodeIgniter\Session\Exceptions\SessionException: Session: Configured save path "null" is not writable by the PHP process.
in SYSTEMPATH/Session/Handlers/FileHandler.php on line 101.
 1 SYSTEMPATH/Session/Handlers/FileHandler.php(101): CodeIgniter\Session\Exceptions\SessionException::forWriteProtectedSavePath('null')
 2 [internal function]: CodeIgniter\Session\Handlers\FileHandler->open('null', 'ci_session')
 3 SYSTEMPATH/Session/Session.php(919): session_start()
 4 SYSTEMPATH/Session/Session.php(241): CodeIgniter\Session\Session->startSession()
 5 SYSTEMPATH/Config/Services.php(699): CodeIgniter\Session\Session->start()
 6 SYSTEMPATH/Config/BaseService.php(258): CodeIgniter\Config\Services::session(Object(Config\Session), false)
 7 SYSTEMPATH/Config/BaseService.php(199): CodeIgniter\Config\BaseService::__callStatic('session', [...])
 8 SYSTEMPATH/Config/Services.php(664): CodeIgniter\Config\BaseService::getSharedInstance('session', null)
 9 SYSTEMPATH/Config/BaseService.php(258): CodeIgniter\Config\Services::session()
10 SYSTEMPATH/Common.php(982): CodeIgniter\Config\BaseService::__callStatic('session', [])
11 APPPATH/Controllers/QrGeneratorController.php(13): session()
12 SYSTEMPATH/CodeIgniter.php(943): App\Controllers\QrGeneratorController->index()
13 SYSTEMPATH/CodeIgniter.php(503): CodeIgniter\CodeIgniter->runController(Object(App\Controllers\QrGeneratorController))
14 SYSTEMPATH/CodeIgniter.php(361): CodeIgniter\CodeIgniter->handleRequest(null, Object(Config\Cache), false)
15 FCPATH/index.php(85): CodeIgniter\CodeIgniter->run()
CRITICAL - 2025-10-24 06:56:59 --> CodeIgniter\Session\Exceptions\SessionException: Session: Configured save path "null" is not writable by the PHP process.
in SYSTEMPATH/Session/Handlers/FileHandler.php on line 101.
 1 SYSTEMPATH/Session/Handlers/FileHandler.php(101): CodeIgniter\Session\Exceptions\SessionException::forWriteProtectedSavePath('null')
 2 [internal function]: CodeIgniter\Session\Handlers\FileHandler->open('null', 'ci_session')
 3 SYSTEMPATH/Session/Session.php(919): session_start()
 4 SYSTEMPATH/Session/Session.php(241): CodeIgniter\Session\Session->startSession()
 5 SYSTEMPATH/Config/Services.php(699): CodeIgniter\Session\Session->start()
 6 SYSTEMPATH/Config/BaseService.php(258): CodeIgniter\Config\Services::session(Object(Config\Session), false)
 7 SYSTEMPATH/Config/BaseService.php(199): CodeIgniter\Config\BaseService::__callStatic('session', [...])
 8 SYSTEMPATH/Config/Services.php(664): CodeIgniter\Config\BaseService::getSharedInstance('session', null)
 9 SYSTEMPATH/Config/BaseService.php(258): CodeIgniter\Config\Services::session()
10 SYSTEMPATH/Common.php(982): CodeIgniter\Config\BaseService::__callStatic('session', [])
11 APPPATH/Controllers/QrGeneratorController.php(13): session()
12 SYSTEMPATH/CodeIgniter.php(943): App\Controllers\QrGeneratorController->index()
13 SYSTEMPATH/CodeIgniter.php(503): CodeIgniter\CodeIgniter->runController(Object(App\Controllers\QrGeneratorController))
14 SYSTEMPATH/CodeIgniter.php(361): CodeIgniter\CodeIgniter->handleRequest(null, Object(Config\Cache), false)
15 FCPATH/index.php(85): CodeIgniter\CodeIgniter->run()
CRITICAL - 2025-10-24 06:56:59 --> CodeIgniter\Session\Exceptions\SessionException: Session: Configured save path "null" is not writable by the PHP process.
in SYSTEMPATH/Session/Handlers/FileHandler.php on line 101.
 1 SYSTEMPATH/Session/Handlers/FileHandler.php(101): CodeIgniter\Session\Exceptions\SessionException::forWriteProtectedSavePath('null')
 2 [internal function]: CodeIgniter\Session\Handlers\FileHandler->open('null', 'ci_session')
 3 SYSTEMPATH/Session/Session.php(919): session_start()
 4 SYSTEMPATH/Session/Session.php(241): CodeIgniter\Session\Session->startSession()
 5 SYSTEMPATH/Config/Services.php(699): CodeIgniter\Session\Session->start()
 6 SYSTEMPATH/Config/BaseService.php(258): CodeIgniter\Config\Services::session(Object(Config\Session), false)
 7 SYSTEMPATH/Config/BaseService.php(199): CodeIgniter\Config\BaseService::__callStatic('session', [...])
 8 SYSTEMPATH/Config/Services.php(664): CodeIgniter\Config\BaseService::getSharedInstance('session', null)
 9 SYSTEMPATH/Config/BaseService.php(258): CodeIgniter\Config\Services::session()
10 SYSTEMPATH/Common.php(982): CodeIgniter\Config\BaseService::__callStatic('session', [])
11 APPPATH/Controllers/QrGeneratorController.php(13): session()
12 SYSTEMPATH/CodeIgniter.php(943): App\Controllers\QrGeneratorController->index()
13 SYSTEMPATH/CodeIgniter.php(503): CodeIgniter\CodeIgniter->runController(Object(App\Controllers\QrGeneratorController))
14 SYSTEMPATH/CodeIgniter.php(361): CodeIgniter\CodeIgniter->handleRequest(null, Object(Config\Cache), false)
15 FCPATH/index.php(85): CodeIgniter\CodeIgniter->run()
CRITICAL - 2025-10-24 06:57:00 --> CodeIgniter\Session\Exceptions\SessionException: Session: Configured save path "null" is not writable by the PHP process.
in SYSTEMPATH/Session/Handlers/FileHandler.php on line 101.
 1 SYSTEMPATH/Session/Handlers/FileHandler.php(101): CodeIgniter\Session\Exceptions\SessionException::forWriteProtectedSavePath('null')
 2 [internal function]: CodeIgniter\Session\Handlers\FileHandler->open('null', 'ci_session')
 3 SYSTEMPATH/Session/Session.php(919): session_start()
 4 SYSTEMPATH/Session/Session.php(241): CodeIgniter\Session\Session->startSession()
 5 SYSTEMPATH/Config/Services.php(699): CodeIgniter\Session\Session->start()
 6 SYSTEMPATH/Config/BaseService.php(258): CodeIgniter\Config\Services::session(Object(Config\Session), false)
 7 SYSTEMPATH/Config/BaseService.php(199): CodeIgniter\Config\BaseService::__callStatic('session', [...])
 8 SYSTEMPATH/Config/Services.php(664): CodeIgniter\Config\BaseService::getSharedInstance('session', null)
 9 SYSTEMPATH/Config/BaseService.php(258): CodeIgniter\Config\Services::session()
10 SYSTEMPATH/Common.php(982): CodeIgniter\Config\BaseService::__callStatic('session', [])
11 APPPATH/Controllers/QrGeneratorController.php(13): session()
12 SYSTEMPATH/CodeIgniter.php(943): App\Controllers\QrGeneratorController->index()
13 SYSTEMPATH/CodeIgniter.php(503): CodeIgniter\CodeIgniter->runController(Object(App\Controllers\QrGeneratorController))
14 SYSTEMPATH/CodeIgniter.php(361): CodeIgniter\CodeIgniter->handleRequest(null, Object(Config\Cache), false)
15 FCPATH/index.php(85): CodeIgniter\CodeIgniter->run()
CRITICAL - 2025-10-24 06:57:00 --> CodeIgniter\Session\Exceptions\SessionException: Session: Configured save path "null" is not writable by the PHP process.
in SYSTEMPATH/Session/Handlers/FileHandler.php on line 101.
 1 SYSTEMPATH/Session/Handlers/FileHandler.php(101): CodeIgniter\Session\Exceptions\SessionException::forWriteProtectedSavePath('null')
 2 [internal function]: CodeIgniter\Session\Handlers\FileHandler->open('null', 'ci_session')
 3 SYSTEMPATH/Session/Session.php(919): session_start()
 4 SYSTEMPATH/Session/Session.php(241): CodeIgniter\Session\Session->startSession()
 5 SYSTEMPATH/Config/Services.php(699): CodeIgniter\Session\Session->start()
 6 SYSTEMPATH/Config/BaseService.php(258): CodeIgniter\Config\Services::session(Object(Config\Session), false)
 7 SYSTEMPATH/Config/BaseService.php(199): CodeIgniter\Config\BaseService::__callStatic('session', [...])
 8 SYSTEMPATH/Config/Services.php(664): CodeIgniter\Config\BaseService::getSharedInstance('session', null)
 9 SYSTEMPATH/Config/BaseService.php(258): CodeIgniter\Config\Services::session()
10 SYSTEMPATH/Common.php(982): CodeIgniter\Config\BaseService::__callStatic('session', [])
11 APPPATH/Controllers/QrGeneratorController.php(13): session()
12 SYSTEMPATH/CodeIgniter.php(943): App\Controllers\QrGeneratorController->index()
13 SYSTEMPATH/CodeIgniter.php(503): CodeIgniter\CodeIgniter->runController(Object(App\Controllers\QrGeneratorController))
14 SYSTEMPATH/CodeIgniter.php(361): CodeIgniter\CodeIgniter->handleRequest(null, Object(Config\Cache), false)
15 FCPATH/index.php(85): CodeIgniter\CodeIgniter->run()
CRITICAL - 2025-10-24 07:03:03 --> CodeIgniter\Session\Exceptions\SessionException: Session: Configured save path "null" is not writable by the PHP process.
in SYSTEMPATH/Session/Handlers/FileHandler.php on line 101.
 1 SYSTEMPATH/Session/Handlers/FileHandler.php(101): CodeIgniter\Session\Exceptions\SessionException::forWriteProtectedSavePath('null')
 2 [internal function]: CodeIgniter\Session\Handlers\FileHandler->open('null', 'ci_session')
 3 SYSTEMPATH/Session/Session.php(919): session_start()
 4 SYSTEMPATH/Session/Session.php(241): CodeIgniter\Session\Session->startSession()
 5 SYSTEMPATH/Config/Services.php(699): CodeIgniter\Session\Session->start()
 6 SYSTEMPATH/Config/BaseService.php(258): CodeIgniter\Config\Services::session(Object(Config\Session), false)
 7 SYSTEMPATH/Config/BaseService.php(199): CodeIgniter\Config\BaseService::__callStatic('session', [...])
 8 SYSTEMPATH/Config/Services.php(664): CodeIgniter\Config\BaseService::getSharedInstance('session', null)
 9 SYSTEMPATH/Config/BaseService.php(258): CodeIgniter\Config\Services::session()
10 SYSTEMPATH/Common.php(982): CodeIgniter\Config\BaseService::__callStatic('session', [])
11 APPPATH/Controllers/QrGeneratorController.php(13): session()
12 SYSTEMPATH/CodeIgniter.php(943): App\Controllers\QrGeneratorController->index()
13 SYSTEMPATH/CodeIgniter.php(503): CodeIgniter\CodeIgniter->runController(Object(App\Controllers\QrGeneratorController))
14 SYSTEMPATH/CodeIgniter.php(361): CodeIgniter\CodeIgniter->handleRequest(null, Object(Config\Cache), false)
15 FCPATH/index.php(85): CodeIgniter\CodeIgniter->run()
CRITICAL - 2025-10-24 07:03:32 --> CodeIgniter\Session\Exceptions\SessionException: Session: Configured save path "null" is not writable by the PHP process.
in SYSTEMPATH/Session/Handlers/FileHandler.php on line 101.
 1 SYSTEMPATH/Session/Handlers/FileHandler.php(101): CodeIgniter\Session\Exceptions\SessionException::forWriteProtectedSavePath('null')
 2 [internal function]: CodeIgniter\Session\Handlers\FileHandler->open('null', 'ci_session')
 3 SYSTEMPATH/Session/Session.php(919): session_start()
 4 SYSTEMPATH/Session/Session.php(241): CodeIgniter\Session\Session->startSession()
 5 SYSTEMPATH/Config/Services.php(699): CodeIgniter\Session\Session->start()
 6 SYSTEMPATH/Config/BaseService.php(258): CodeIgniter\Config\Services::session(Object(Config\Session), false)
 7 SYSTEMPATH/Config/BaseService.php(199): CodeIgniter\Config\BaseService::__callStatic('session', [...])
 8 SYSTEMPATH/Config/Services.php(664): CodeIgniter\Config\BaseService::getSharedInstance('session', null)
 9 SYSTEMPATH/Config/BaseService.php(258): CodeIgniter\Config\Services::session()
10 SYSTEMPATH/Common.php(982): CodeIgniter\Config\BaseService::__callStatic('session', [])
11 APPPATH/Views/qrgenerator/generate_qr.php(8): session('error')
12 SYSTEMPATH/View/View.php(228): include('/opt/lampp/htdocs/warehouse-new/app/Views/qrgenerator/generate_qr.php')
13 SYSTEMPATH/View/View.php(231): CodeIgniter\View\View->CodeIgniter\View\{closure}()
14 SYSTEMPATH/Common.php(1178): CodeIgniter\View\View->render('qrgenerator/generate_qr', [], true)
15 APPPATH/Controllers/QrGeneratorController.php(48): view('qrgenerator/generate_qr', [...])
16 SYSTEMPATH/CodeIgniter.php(943): App\Controllers\QrGeneratorController->index()
17 SYSTEMPATH/CodeIgniter.php(503): CodeIgniter\CodeIgniter->runController(Object(App\Controllers\QrGeneratorController))
18 SYSTEMPATH/CodeIgniter.php(361): CodeIgniter\CodeIgniter->handleRequest(null, Object(Config\Cache), false)
19 FCPATH/index.php(79): CodeIgniter\CodeIgniter->run()
CRITICAL - 2025-10-24 07:08:52 --> ErrorException: ini_set(): Session ini settings cannot be changed after headers have already been sent
in SYSTEMPATH/Session/Handlers/FileHandler.php on line 72.
 1 [internal function]: CodeIgniter\Debug\Exceptions->errorHandler(2, 'ini_set(): Session ini settings cannot be changed after headers have already been sent', '/opt/lampp/htdocs/warehouse-new/vendor/codeigniter4/framework/system/Session/Handlers/FileHandler.php', 72)
 2 SYSTEMPATH/Session/Handlers/FileHandler.php(72): ini_set('session.save_path', 'null')
 3 SYSTEMPATH/Config/Services.php(686): CodeIgniter\Session\Handlers\FileHandler->__construct(Object(Config\Session), '10.8.150.49')
 4 SYSTEMPATH/Config/BaseService.php(258): CodeIgniter\Config\Services::session(Object(Config\Session), false)
 5 SYSTEMPATH/Config/BaseService.php(199): CodeIgniter\Config\BaseService::__callStatic('session', [...])
 6 SYSTEMPATH/Config/Services.php(664): CodeIgniter\Config\BaseService::getSharedInstance('session', null)
 7 SYSTEMPATH/Config/BaseService.php(258): CodeIgniter\Config\Services::session()
 8 SYSTEMPATH/Common.php(982): CodeIgniter\Config\BaseService::__callStatic('session', [])
 9 APPPATH/Controllers/TestSession.php(11): session()
10 SYSTEMPATH/CodeIgniter.php(943): App\Controllers\TestSession->index()
11 SYSTEMPATH/CodeIgniter.php(503): CodeIgniter\CodeIgniter->runController(Object(App\Controllers\TestSession))
12 SYSTEMPATH/CodeIgniter.php(361): CodeIgniter\CodeIgniter->handleRequest(null, Object(Config\Cache), false)
13 FCPATH/index.php(89): CodeIgniter\CodeIgniter->run()
CRITICAL - 2025-10-24 07:10:32 --> CodeIgniter\Session\Exceptions\SessionException: Session: Configured save path "null" is not writable by the PHP process.
in SYSTEMPATH/Session/Handlers/FileHandler.php on line 101.
 1 SYSTEMPATH/Session/Handlers/FileHandler.php(101): CodeIgniter\Session\Exceptions\SessionException::forWriteProtectedSavePath('null')
 2 [internal function]: CodeIgniter\Session\Handlers\FileHandler->open('null', 'ci_session')
 3 SYSTEMPATH/Session/Session.php(919): session_start()
 4 SYSTEMPATH/Session/Session.php(241): CodeIgniter\Session\Session->startSession()
 5 SYSTEMPATH/Config/Services.php(699): CodeIgniter\Session\Session->start()
 6 SYSTEMPATH/Config/BaseService.php(258): CodeIgniter\Config\Services::session(Object(Config\Session), false)
 7 SYSTEMPATH/Config/BaseService.php(199): CodeIgniter\Config\BaseService::__callStatic('session', [...])
 8 SYSTEMPATH/Config/Services.php(664): CodeIgniter\Config\BaseService::getSharedInstance('session', null)
 9 SYSTEMPATH/Config/BaseService.php(258): CodeIgniter\Config\Services::session()
10 SYSTEMPATH/Common.php(982): CodeIgniter\Config\BaseService::__callStatic('session', [])
11 APPPATH/Controllers/TestSession.php(11): session()
12 SYSTEMPATH/CodeIgniter.php(943): App\Controllers\TestSession->index()
13 SYSTEMPATH/CodeIgniter.php(503): CodeIgniter\CodeIgniter->runController(Object(App\Controllers\TestSession))
14 SYSTEMPATH/CodeIgniter.php(361): CodeIgniter\CodeIgniter->handleRequest(null, Object(Config\Cache), false)
15 FCPATH/index.php(87): CodeIgniter\CodeIgniter->run()
CRITICAL - 2025-10-24 07:11:54 --> CodeIgniter\Session\Exceptions\SessionException: Session: Configured save path "null" is not writable by the PHP process.
in SYSTEMPATH/Session/Handlers/FileHandler.php on line 101.
 1 SYSTEMPATH/Session/Handlers/FileHandler.php(101): CodeIgniter\Session\Exceptions\SessionException::forWriteProtectedSavePath('null')
 2 [internal function]: CodeIgniter\Session\Handlers\FileHandler->open('null', 'ci_session')
 3 SYSTEMPATH/Session/Session.php(919): session_start()
 4 SYSTEMPATH/Session/Session.php(241): CodeIgniter\Session\Session->startSession()
 5 SYSTEMPATH/Config/Services.php(699): CodeIgniter\Session\Session->start()
 6 SYSTEMPATH/Config/BaseService.php(258): CodeIgniter\Config\Services::session(Object(Config\Session), false)
 7 SYSTEMPATH/Config/BaseService.php(199): CodeIgniter\Config\BaseService::__callStatic('session', [...])
 8 SYSTEMPATH/Config/Services.php(664): CodeIgniter\Config\BaseService::getSharedInstance('session', null)
 9 SYSTEMPATH/Config/BaseService.php(258): CodeIgniter\Config\Services::session()
10 SYSTEMPATH/Common.php(982): CodeIgniter\Config\BaseService::__callStatic('session', [])
11 APPPATH/Controllers/TestSession.php(11): session()
12 SYSTEMPATH/CodeIgniter.php(943): App\Controllers\TestSession->index()
13 SYSTEMPATH/CodeIgniter.php(503): CodeIgniter\CodeIgniter->runController(Object(App\Controllers\TestSession))
14 SYSTEMPATH/CodeIgniter.php(361): CodeIgniter\CodeIgniter->handleRequest(null, Object(Config\Cache), false)
15 FCPATH/index.php(82): CodeIgniter\CodeIgniter->run()
CRITICAL - 2025-10-24 07:11:59 --> CodeIgniter\Session\Exceptions\SessionException: Session: Configured save path "null" is not writable by the PHP process.
in SYSTEMPATH/Session/Handlers/FileHandler.php on line 101.
 1 SYSTEMPATH/Session/Handlers/FileHandler.php(101): CodeIgniter\Session\Exceptions\SessionException::forWriteProtectedSavePath('null')
 2 [internal function]: CodeIgniter\Session\Handlers\FileHandler->open('null', 'ci_session')
 3 SYSTEMPATH/Session/Session.php(919): session_start()
 4 SYSTEMPATH/Session/Session.php(241): CodeIgniter\Session\Session->startSession()
 5 SYSTEMPATH/Config/Services.php(699): CodeIgniter\Session\Session->start()
 6 SYSTEMPATH/Config/BaseService.php(258): CodeIgniter\Config\Services::session(Object(Config\Session), false)
 7 SYSTEMPATH/Config/BaseService.php(199): CodeIgniter\Config\BaseService::__callStatic('session', [...])
 8 SYSTEMPATH/Config/Services.php(664): CodeIgniter\Config\BaseService::getSharedInstance('session', null)
 9 SYSTEMPATH/Config/BaseService.php(258): CodeIgniter\Config\Services::session()
10 SYSTEMPATH/Common.php(982): CodeIgniter\Config\BaseService::__callStatic('session', [])
11 APPPATH/Controllers/TestSession.php(11): session()
12 SYSTEMPATH/CodeIgniter.php(943): App\Controllers\TestSession->index()
13 SYSTEMPATH/CodeIgniter.php(503): CodeIgniter\CodeIgniter->runController(Object(App\Controllers\TestSession))
14 SYSTEMPATH/CodeIgniter.php(361): CodeIgniter\CodeIgniter->handleRequest(null, Object(Config\Cache), false)
15 FCPATH/index.php(82): CodeIgniter\CodeIgniter->run()
CRITICAL - 2025-10-24 07:13:08 --> CodeIgniter\Session\Exceptions\SessionException: Session: Configured save path "null" is not writable by the PHP process.
in SYSTEMPATH/Session/Handlers/FileHandler.php on line 101.
 1 SYSTEMPATH/Session/Handlers/FileHandler.php(101): CodeIgniter\Session\Exceptions\SessionException::forWriteProtectedSavePath('null')
 2 [internal function]: CodeIgniter\Session\Handlers\FileHandler->open('null', 'ci_session')
 3 SYSTEMPATH/Session/Session.php(919): session_start()
 4 SYSTEMPATH/Session/Session.php(241): CodeIgniter\Session\Session->startSession()
 5 SYSTEMPATH/Config/Services.php(699): CodeIgniter\Session\Session->start()
 6 SYSTEMPATH/Config/BaseService.php(258): CodeIgniter\Config\Services::session(Object(Config\Session), false)
 7 SYSTEMPATH/Config/BaseService.php(199): CodeIgniter\Config\BaseService::__callStatic('session', [...])
 8 SYSTEMPATH/Config/Services.php(664): CodeIgniter\Config\BaseService::getSharedInstance('session', null)
 9 SYSTEMPATH/Config/BaseService.php(258): CodeIgniter\Config\Services::session()
10 SYSTEMPATH/Common.php(982): CodeIgniter\Config\BaseService::__callStatic('session', [])
11 APPPATH/Controllers/TestSession.php(11): session()
12 SYSTEMPATH/CodeIgniter.php(943): App\Controllers\TestSession->index()
13 SYSTEMPATH/CodeIgniter.php(503): CodeIgniter\CodeIgniter->runController(Object(App\Controllers\TestSession))
14 SYSTEMPATH/CodeIgniter.php(361): CodeIgniter\CodeIgniter->handleRequest(null, Object(Config\Cache), false)
15 FCPATH/index.php(82): CodeIgniter\CodeIgniter->run()
CRITICAL - 2025-10-24 07:13:09 --> CodeIgniter\Session\Exceptions\SessionException: Session: Configured save path "null" is not writable by the PHP process.
in SYSTEMPATH/Session/Handlers/FileHandler.php on line 101.
 1 SYSTEMPATH/Session/Handlers/FileHandler.php(101): CodeIgniter\Session\Exceptions\SessionException::forWriteProtectedSavePath('null')
 2 [internal function]: CodeIgniter\Session\Handlers\FileHandler->open('null', 'ci_session')
 3 SYSTEMPATH/Session/Session.php(919): session_start()
 4 SYSTEMPATH/Session/Session.php(241): CodeIgniter\Session\Session->startSession()
 5 SYSTEMPATH/Config/Services.php(699): CodeIgniter\Session\Session->start()
 6 SYSTEMPATH/Config/BaseService.php(258): CodeIgniter\Config\Services::session(Object(Config\Session), false)
 7 SYSTEMPATH/Config/BaseService.php(199): CodeIgniter\Config\BaseService::__callStatic('session', [...])
 8 SYSTEMPATH/Config/Services.php(664): CodeIgniter\Config\BaseService::getSharedInstance('session', null)
 9 SYSTEMPATH/Config/BaseService.php(258): CodeIgniter\Config\Services::session()
10 SYSTEMPATH/Common.php(982): CodeIgniter\Config\BaseService::__callStatic('session', [])
11 APPPATH/Controllers/TestSession.php(11): session()
12 SYSTEMPATH/CodeIgniter.php(943): App\Controllers\TestSession->index()
13 SYSTEMPATH/CodeIgniter.php(503): CodeIgniter\CodeIgniter->runController(Object(App\Controllers\TestSession))
14 SYSTEMPATH/CodeIgniter.php(361): CodeIgniter\CodeIgniter->handleRequest(null, Object(Config\Cache), false)
15 FCPATH/index.php(82): CodeIgniter\CodeIgniter->run()
CRITICAL - 2025-10-24 07:13:10 --> CodeIgniter\Session\Exceptions\SessionException: Session: Configured save path "null" is not writable by the PHP process.
in SYSTEMPATH/Session/Handlers/FileHandler.php on line 101.
 1 SYSTEMPATH/Session/Handlers/FileHandler.php(101): CodeIgniter\Session\Exceptions\SessionException::forWriteProtectedSavePath('null')
 2 [internal function]: CodeIgniter\Session\Handlers\FileHandler->open('null', 'ci_session')
 3 SYSTEMPATH/Session/Session.php(919): session_start()
 4 SYSTEMPATH/Session/Session.php(241): CodeIgniter\Session\Session->startSession()
 5 SYSTEMPATH/Config/Services.php(699): CodeIgniter\Session\Session->start()
 6 SYSTEMPATH/Config/BaseService.php(258): CodeIgniter\Config\Services::session(Object(Config\Session), false)
 7 SYSTEMPATH/Config/BaseService.php(199): CodeIgniter\Config\BaseService::__callStatic('session', [...])
 8 SYSTEMPATH/Config/Services.php(664): CodeIgniter\Config\BaseService::getSharedInstance('session', null)
 9 SYSTEMPATH/Config/BaseService.php(258): CodeIgniter\Config\Services::session()
10 SYSTEMPATH/Common.php(982): CodeIgniter\Config\BaseService::__callStatic('session', [])
11 APPPATH/Controllers/TestSession.php(11): session()
12 SYSTEMPATH/CodeIgniter.php(943): App\Controllers\TestSession->index()
13 SYSTEMPATH/CodeIgniter.php(503): CodeIgniter\CodeIgniter->runController(Object(App\Controllers\TestSession))
14 SYSTEMPATH/CodeIgniter.php(361): CodeIgniter\CodeIgniter->handleRequest(null, Object(Config\Cache), false)
15 FCPATH/index.php(82): CodeIgniter\CodeIgniter->run()
