CRITICAL - 2025-10-23 09:54:44 --> CodeIgniter\Session\Exceptions\SessionException: Session: Configured save path "null" is not writable by the PHP process.
in SYSTEMPATH/Session/Handlers/FileHandler.php on line 101.
 1 SYSTEMPATH/Session/Handlers/FileHandler.php(101): CodeIgniter\Session\Exceptions\SessionException::forWriteProtectedSavePath('null')
 2 [internal function]: CodeIgniter\Session\Handlers\FileHandler->open('null', 'ci_session')
 3 SYSTEMPATH/Session/Session.php(919): session_start()
 4 SYSTEMPATH/Session/Session.php(241): CodeIgniter\Session\Session->startSession()
 5 SYSTEMPATH/Config/Services.php(699): CodeIgniter\Session\Session->start()
 6 SYSTEMPATH/Config/BaseService.php(258): CodeIgniter\Config\Services::session(Object(Config\Session), false)
 7 SYSTEMPATH/Config/BaseService.php(199): CodeIgniter\Config\BaseService::__callStatic('session', [...])
 8 SYSTEMPATH/Config/Services.php(664): CodeIgniter\Config\BaseService::getSharedInstance('session', null)
 9 SYSTEMPATH/Config/BaseService.php(258): CodeIgniter\Config\Services::session()
10 SYSTEMPATH/Common.php(982): CodeIgniter\Config\BaseService::__callStatic('session', [])
11 APPPATH/Views/qrgenerator/generate_qr.php(8): session('error')
12 SYSTEMPATH/View/View.php(228): include('/opt/lampp/htdocs/warehouse-new/app/Views/qrgenerator/generate_qr.php')
13 SYSTEMPATH/View/View.php(231): CodeIgniter\View\View->CodeIgniter\View\{closure}()
14 SYSTEMPATH/Common.php(1178): CodeIgniter\View\View->render('qrgenerator/generate_qr', [], true)
15 APPPATH/Controllers/QrGeneratorController.php(48): view('qrgenerator/generate_qr', [...])
16 SYSTEMPATH/CodeIgniter.php(943): App\Controllers\QrGeneratorController->index()
17 SYSTEMPATH/CodeIgniter.php(503): CodeIgniter\CodeIgniter->runController(Object(App\Controllers\QrGeneratorController))
18 SYSTEMPATH/CodeIgniter.php(361): CodeIgniter\CodeIgniter->handleRequest(null, Object(Config\Cache), false)
19 FCPATH/index.php(79): CodeIgniter\CodeIgniter->run()
CRITICAL - 2025-10-23 09:55:18 --> CodeIgniter\Session\Exceptions\SessionException: Session: Configured save path "null" is not writable by the PHP process.
in SYSTEMPATH/Session/Handlers/FileHandler.php on line 101.
 1 SYSTEMPATH/Session/Handlers/FileHandler.php(101): CodeIgniter\Session\Exceptions\SessionException::forWriteProtectedSavePath('null')
 2 [internal function]: CodeIgniter\Session\Handlers\FileHandler->open('null', 'ci_session')
 3 SYSTEMPATH/Session/Session.php(919): session_start()
 4 SYSTEMPATH/Session/Session.php(241): CodeIgniter\Session\Session->startSession()
 5 SYSTEMPATH/Config/Services.php(699): CodeIgniter\Session\Session->start()
 6 SYSTEMPATH/Config/BaseService.php(258): CodeIgniter\Config\Services::session(Object(Config\Session), false)
 7 SYSTEMPATH/Config/BaseService.php(199): CodeIgniter\Config\BaseService::__callStatic('session', [...])
 8 SYSTEMPATH/Config/Services.php(664): CodeIgniter\Config\BaseService::getSharedInstance('session', null)
 9 SYSTEMPATH/Config/BaseService.php(258): CodeIgniter\Config\Services::session()
10 SYSTEMPATH/Common.php(982): CodeIgniter\Config\BaseService::__callStatic('session', [])
11 APPPATH/Views/qrgenerator/generate_qr.php(8): session('error')
12 SYSTEMPATH/View/View.php(228): include('/opt/lampp/htdocs/warehouse-new/app/Views/qrgenerator/generate_qr.php')
13 SYSTEMPATH/View/View.php(231): CodeIgniter\View\View->CodeIgniter\View\{closure}()
14 SYSTEMPATH/Common.php(1178): CodeIgniter\View\View->render('qrgenerator/generate_qr', [], true)
15 APPPATH/Controllers/QrGeneratorController.php(48): view('qrgenerator/generate_qr', [...])
16 SYSTEMPATH/CodeIgniter.php(943): App\Controllers\QrGeneratorController->index()
17 SYSTEMPATH/CodeIgniter.php(503): CodeIgniter\CodeIgniter->runController(Object(App\Controllers\QrGeneratorController))
18 SYSTEMPATH/CodeIgniter.php(361): CodeIgniter\CodeIgniter->handleRequest(null, Object(Config\Cache), false)
19 FCPATH/index.php(79): CodeIgniter\CodeIgniter->run()
CRITICAL - 2025-10-23 09:58:43 --> CodeIgniter\Session\Exceptions\SessionException: Session: Configured save path "null" is not writable by the PHP process.
in SYSTEMPATH/Session/Handlers/FileHandler.php on line 101.
 1 SYSTEMPATH/Session/Handlers/FileHandler.php(101): CodeIgniter\Session\Exceptions\SessionException::forWriteProtectedSavePath('null')
 2 [internal function]: CodeIgniter\Session\Handlers\FileHandler->open('null', 'ci_session')
 3 SYSTEMPATH/Session/Session.php(919): session_start()
 4 SYSTEMPATH/Session/Session.php(241): CodeIgniter\Session\Session->startSession()
 5 SYSTEMPATH/Config/Services.php(699): CodeIgniter\Session\Session->start()
 6 SYSTEMPATH/Config/BaseService.php(258): CodeIgniter\Config\Services::session(Object(Config\Session), false)
 7 SYSTEMPATH/Config/BaseService.php(199): CodeIgniter\Config\BaseService::__callStatic('session', [...])
 8 SYSTEMPATH/Config/Services.php(664): CodeIgniter\Config\BaseService::getSharedInstance('session', null)
 9 SYSTEMPATH/Config/BaseService.php(258): CodeIgniter\Config\Services::session()
10 SYSTEMPATH/Common.php(982): CodeIgniter\Config\BaseService::__callStatic('session', [])
11 APPPATH/Views/qrgenerator/generate_qr.php(8): session('error')
12 SYSTEMPATH/View/View.php(228): include('/opt/lampp/htdocs/warehouse-new/app/Views/qrgenerator/generate_qr.php')
13 SYSTEMPATH/View/View.php(231): CodeIgniter\View\View->CodeIgniter\View\{closure}()
14 SYSTEMPATH/Common.php(1178): CodeIgniter\View\View->render('qrgenerator/generate_qr', [], true)
15 APPPATH/Controllers/QrGeneratorController.php(48): view('qrgenerator/generate_qr', [...])
16 SYSTEMPATH/CodeIgniter.php(943): App\Controllers\QrGeneratorController->index()
17 SYSTEMPATH/CodeIgniter.php(503): CodeIgniter\CodeIgniter->runController(Object(App\Controllers\QrGeneratorController))
18 SYSTEMPATH/CodeIgniter.php(361): CodeIgniter\CodeIgniter->handleRequest(null, Object(Config\Cache), false)
19 FCPATH/index.php(79): CodeIgniter\CodeIgniter->run()
