CRITICAL - 2025-12-12 07:44:34 --> ErrorException: Undefined variable $plants
in APPPATH/Views/reservasi/list.php on line 21.
 1 APPPATH/Views/reservasi/list.php(21): CodeIgniter\Debug\Exceptions->errorHandler(2, 'Undefined variable $plants', '/opt/lampp/htdocs/warehouse-new/app/Views/reservasi/list.php', 21)
 2 SYSTEMPATH/View/View.php(228): include('/opt/lampp/htdocs/warehouse-new/app/Views/reservasi/list.php')
 3 SYSTEMPATH/View/View.php(231): CodeIgniter\View\View->CodeIgniter\View\{closure}()
 4 SYSTEMPATH/Common.php(1178): CodeIgniter\View\View->render('reservasi/list', [], true)
 5 APPPATH/Controllers/ReservasiController.php(12): view('reservasi/list', [...])
 6 SYSTEMPATH/CodeIgniter.php(943): App\Controllers\ReservasiController->index()
 7 SYSTEMPATH/CodeIgniter.php(503): CodeIgniter\CodeIgniter->runController(Object(App\Controllers\ReservasiController))
 8 SYSTEMPATH/CodeIgniter.php(361): CodeIgniter\CodeIgniter->handleRequest(null, Object(Config\Cache), false)
 9 FCPATH/index.php(82): CodeIgniter\CodeIgniter->run()
CRITICAL - 2025-12-12 08:15:13 --> Error: Class "App\Models\ReservasiModel" not found
in APPPATH/Controllers/ReservasiController.php on line 16.
 1 SYSTEMPATH/CodeIgniter.php(915): App\Controllers\ReservasiController->__construct()
 2 SYSTEMPATH/CodeIgniter.php(494): CodeIgniter\CodeIgniter->createController()
 3 SYSTEMPATH/CodeIgniter.php(361): CodeIgniter\CodeIgniter->handleRequest(null, Object(Config\Cache), false)
 4 FCPATH/index.php(82): CodeIgniter\CodeIgniter->run()
CRITICAL - 2025-12-12 08:16:43 --> CodeIgniter\Pager\Exceptions\PagerException: "bootstrap" is not a valid Pager template.
in SYSTEMPATH/Pager/Pager.php on line 122.
 1 SYSTEMPATH/Pager/Pager.php(122): CodeIgniter\Pager\Exceptions\PagerException::forInvalidTemplate('bootstrap')
 2 SYSTEMPATH/Pager/Pager.php(85): CodeIgniter\Pager\Pager->displayLinks('default', 'bootstrap')
 3 APPPATH/Views/reservasi/list.php(118): CodeIgniter\Pager\Pager->links('default', 'bootstrap')
 4 SYSTEMPATH/View/View.php(228): include('/opt/lampp/htdocs/warehouse-new/app/Views/reservasi/list.php')
 5 SYSTEMPATH/View/View.php(231): CodeIgniter\View\View->CodeIgniter\View\{closure}()
 6 SYSTEMPATH/Common.php(1178): CodeIgniter\View\View->render('reservasi/list', [], true)
 7 APPPATH/Controllers/ReservasiController.php(59): view('reservasi/list', [...])
 8 SYSTEMPATH/CodeIgniter.php(943): App\Controllers\ReservasiController->index()
 9 SYSTEMPATH/CodeIgniter.php(503): CodeIgniter\CodeIgniter->runController(Object(App\Controllers\ReservasiController))
10 SYSTEMPATH/CodeIgniter.php(361): CodeIgniter\CodeIgniter->handleRequest(null, Object(Config\Cache), false)
11 FCPATH/index.php(82): CodeIgniter\CodeIgniter->run()
CRITICAL - 2025-12-12 08:16:45 --> CodeIgniter\Pager\Exceptions\PagerException: "bootstrap" is not a valid Pager template.
in SYSTEMPATH/Pager/Pager.php on line 122.
 1 SYSTEMPATH/Pager/Pager.php(122): CodeIgniter\Pager\Exceptions\PagerException::forInvalidTemplate('bootstrap')
 2 SYSTEMPATH/Pager/Pager.php(85): CodeIgniter\Pager\Pager->displayLinks('default', 'bootstrap')
 3 APPPATH/Views/reservasi/list.php(118): CodeIgniter\Pager\Pager->links('default', 'bootstrap')
 4 SYSTEMPATH/View/View.php(228): include('/opt/lampp/htdocs/warehouse-new/app/Views/reservasi/list.php')
 5 SYSTEMPATH/View/View.php(231): CodeIgniter\View\View->CodeIgniter\View\{closure}()
 6 SYSTEMPATH/Common.php(1178): CodeIgniter\View\View->render('reservasi/list', [], true)
 7 APPPATH/Controllers/ReservasiController.php(59): view('reservasi/list', [...])
 8 SYSTEMPATH/CodeIgniter.php(943): App\Controllers\ReservasiController->index()
 9 SYSTEMPATH/CodeIgniter.php(503): CodeIgniter\CodeIgniter->runController(Object(App\Controllers\ReservasiController))
10 SYSTEMPATH/CodeIgniter.php(361): CodeIgniter\CodeIgniter->handleRequest(null, Object(Config\Cache), false)
11 FCPATH/index.php(82): CodeIgniter\CodeIgniter->run()
CRITICAL - 2025-12-12 08:34:23 --> Error: Call to undefined function App\Controllers\Api\normHeader()
in APPPATH/Controllers/Api/ReservasiApi.php on line 117.
 1 SYSTEMPATH/CodeIgniter.php(943): App\Controllers\Api\ReservasiApi->importExcel()
 2 SYSTEMPATH/CodeIgniter.php(503): CodeIgniter\CodeIgniter->runController(Object(App\Controllers\Api\ReservasiApi))
 3 SYSTEMPATH/CodeIgniter.php(361): CodeIgniter\CodeIgniter->handleRequest(null, Object(Config\Cache), false)
 4 FCPATH/index.php(82): CodeIgniter\CodeIgniter->run()
ERROR - 2025-12-12 08:38:14 --> mysqli_sql_exception: Unknown column 'order_number' in 'field list' in /opt/lampp/htdocs/warehouse-new/vendor/codeigniter4/framework/system/Database/MySQLi/Connection.php:306
Stack trace:
#0 /opt/lampp/htdocs/warehouse-new/vendor/codeigniter4/framework/system/Database/MySQLi/Connection.php(306): mysqli->query('INSERT INTO `re...', 0)
#1 /opt/lampp/htdocs/warehouse-new/vendor/codeigniter4/framework/system/Database/BaseConnection.php(693): CodeIgniter\Database\MySQLi\Connection->execute('INSERT INTO `re...')
#2 /opt/lampp/htdocs/warehouse-new/vendor/codeigniter4/framework/system/Database/BaseConnection.php(607): CodeIgniter\Database\BaseConnection->simpleQuery('INSERT INTO `re...')
#3 /opt/lampp/htdocs/warehouse-new/vendor/codeigniter4/framework/system/Database/BaseBuilder.php(2307): CodeIgniter\Database\BaseConnection->query('INSERT INTO `re...', Array, false)
#4 /opt/lampp/htdocs/warehouse-new/app/Libraries/ReservasiExcel.php(74): CodeIgniter\Database\BaseBuilder->insert(Array)
#5 /opt/lampp/htdocs/warehouse-new/app/Controllers/Api/ReservasiApi.php(111): App\Libraries\ReservasiExcel->import('/opt/lampp/htdo...')
#6 /opt/lampp/htdocs/warehouse-new/vendor/codeigniter4/framework/system/CodeIgniter.php(943): App\Controllers\Api\ReservasiApi->importExcel()
#7 /opt/lampp/htdocs/warehouse-new/vendor/codeigniter4/framework/system/CodeIgniter.php(503): CodeIgniter\CodeIgniter->runController(Object(App\Controllers\Api\ReservasiApi))
#8 /opt/lampp/htdocs/warehouse-new/vendor/codeigniter4/framework/system/CodeIgniter.php(361): CodeIgniter\CodeIgniter->handleRequest(NULL, Object(Config\Cache), false)
#9 /opt/lampp/htdocs/warehouse-new/public/index.php(82): CodeIgniter\CodeIgniter->run()
#10 {main}
ERROR - 2025-12-12 08:40:56 --> mysqli_sql_exception: Unknown column 'username' in 'field list' in /opt/lampp/htdocs/warehouse-new/vendor/codeigniter4/framework/system/Database/MySQLi/Connection.php:306
Stack trace:
#0 /opt/lampp/htdocs/warehouse-new/vendor/codeigniter4/framework/system/Database/MySQLi/Connection.php(306): mysqli->query('INSERT INTO `re...', 0)
#1 /opt/lampp/htdocs/warehouse-new/vendor/codeigniter4/framework/system/Database/BaseConnection.php(693): CodeIgniter\Database\MySQLi\Connection->execute('INSERT INTO `re...')
#2 /opt/lampp/htdocs/warehouse-new/vendor/codeigniter4/framework/system/Database/BaseConnection.php(607): CodeIgniter\Database\BaseConnection->simpleQuery('INSERT INTO `re...')
#3 /opt/lampp/htdocs/warehouse-new/vendor/codeigniter4/framework/system/Database/BaseBuilder.php(2307): CodeIgniter\Database\BaseConnection->query('INSERT INTO `re...', Array, false)
#4 /opt/lampp/htdocs/warehouse-new/app/Libraries/ReservasiExcel.php(74): CodeIgniter\Database\BaseBuilder->insert(Array)
#5 /opt/lampp/htdocs/warehouse-new/app/Controllers/Api/ReservasiApi.php(111): App\Libraries\ReservasiExcel->import('/opt/lampp/htdo...')
#6 /opt/lampp/htdocs/warehouse-new/vendor/codeigniter4/framework/system/CodeIgniter.php(943): App\Controllers\Api\ReservasiApi->importExcel()
#7 /opt/lampp/htdocs/warehouse-new/vendor/codeigniter4/framework/system/CodeIgniter.php(503): CodeIgniter\CodeIgniter->runController(Object(App\Controllers\Api\ReservasiApi))
#8 /opt/lampp/htdocs/warehouse-new/vendor/codeigniter4/framework/system/CodeIgniter.php(361): CodeIgniter\CodeIgniter->handleRequest(NULL, Object(Config\Cache), false)
#9 /opt/lampp/htdocs/warehouse-new/public/index.php(82): CodeIgniter\CodeIgniter->run()
#10 {main}
CRITICAL - 2025-12-12 08:49:25 --> Error: Call to undefined method class@anonymous::getFlashdata()
in APPPATH/Views/reservasi/list.php on line 5.
 1 SYSTEMPATH/View/View.php(228): include()
 2 SYSTEMPATH/View/View.php(231): CodeIgniter\View\View->CodeIgniter\View\{closure}()
 3 SYSTEMPATH/Common.php(1178): CodeIgniter\View\View->render('reservasi/list', [], true)
 4 APPPATH/Controllers/ReservasiController.php(12): view('reservasi/list', [...])
 5 SYSTEMPATH/CodeIgniter.php(943): App\Controllers\ReservasiController->index()
 6 SYSTEMPATH/CodeIgniter.php(503): CodeIgniter\CodeIgniter->runController(Object(App\Controllers\ReservasiController))
 7 SYSTEMPATH/CodeIgniter.php(361): CodeIgniter\CodeIgniter->handleRequest(null, Object(Config\Cache), false)
 8 FCPATH/index.php(82): CodeIgniter\CodeIgniter->run()
CRITICAL - 2025-12-12 08:49:27 --> Error: Call to undefined method class@anonymous::getFlashdata()
in APPPATH/Views/reservasi/list.php on line 5.
 1 SYSTEMPATH/View/View.php(228): include()
 2 SYSTEMPATH/View/View.php(231): CodeIgniter\View\View->CodeIgniter\View\{closure}()
 3 SYSTEMPATH/Common.php(1178): CodeIgniter\View\View->render('reservasi/list', [], true)
 4 APPPATH/Controllers/ReservasiController.php(12): view('reservasi/list', [...])
 5 SYSTEMPATH/CodeIgniter.php(943): App\Controllers\ReservasiController->index()
 6 SYSTEMPATH/CodeIgniter.php(503): CodeIgniter\CodeIgniter->runController(Object(App\Controllers\ReservasiController))
 7 SYSTEMPATH/CodeIgniter.php(361): CodeIgniter\CodeIgniter->handleRequest(null, Object(Config\Cache), false)
 8 FCPATH/index.php(82): CodeIgniter\CodeIgniter->run()
CRITICAL - 2025-12-12 08:49:42 --> Error: Call to undefined method class@anonymous::getFlashdata()
in APPPATH/Views/reservasi/list.php on line 134.
 1 SYSTEMPATH/View/View.php(228): include()
 2 SYSTEMPATH/View/View.php(231): CodeIgniter\View\View->CodeIgniter\View\{closure}()
 3 SYSTEMPATH/Common.php(1178): CodeIgniter\View\View->render('reservasi/list', [], true)
 4 APPPATH/Controllers/ReservasiController.php(12): view('reservasi/list', [...])
 5 SYSTEMPATH/CodeIgniter.php(943): App\Controllers\ReservasiController->index()
 6 SYSTEMPATH/CodeIgniter.php(503): CodeIgniter\CodeIgniter->runController(Object(App\Controllers\ReservasiController))
 7 SYSTEMPATH/CodeIgniter.php(361): CodeIgniter\CodeIgniter->handleRequest(null, Object(Config\Cache), false)
 8 FCPATH/index.php(82): CodeIgniter\CodeIgniter->run()
CRITICAL - 2025-12-12 08:49:43 --> Error: Call to undefined method class@anonymous::getFlashdata()
in APPPATH/Views/reservasi/list.php on line 134.
 1 SYSTEMPATH/View/View.php(228): include()
 2 SYSTEMPATH/View/View.php(231): CodeIgniter\View\View->CodeIgniter\View\{closure}()
 3 SYSTEMPATH/Common.php(1178): CodeIgniter\View\View->render('reservasi/list', [], true)
 4 APPPATH/Controllers/ReservasiController.php(12): view('reservasi/list', [...])
 5 SYSTEMPATH/CodeIgniter.php(943): App\Controllers\ReservasiController->index()
 6 SYSTEMPATH/CodeIgniter.php(503): CodeIgniter\CodeIgniter->runController(Object(App\Controllers\ReservasiController))
 7 SYSTEMPATH/CodeIgniter.php(361): CodeIgniter\CodeIgniter->handleRequest(null, Object(Config\Cache), false)
 8 FCPATH/index.php(82): CodeIgniter\CodeIgniter->run()
CRITICAL - 2025-12-12 10:15:56 --> Error: Call to undefined method class@anonymous::setFlashdata()
in SYSTEMPATH/HTTP/RedirectResponse.php on line 134.
 1 APPPATH/Controllers/Api/ReservasiApi.php(147): CodeIgniter\HTTP\RedirectResponse->with('error', 'Import gagal: Call to undefined method class@anonymous::setFlashdata()')
 2 APPPATH/Controllers/Api/ReservasiApi.php(128): App\Controllers\Api\ReservasiApi->respondFailOrRedirect('Import gagal: Call to undefined method class@anonymous::setFlashdata()')
 3 SYSTEMPATH/CodeIgniter.php(943): App\Controllers\Api\ReservasiApi->importExcel()
 4 SYSTEMPATH/CodeIgniter.php(503): CodeIgniter\CodeIgniter->runController(Object(App\Controllers\Api\ReservasiApi))
 5 SYSTEMPATH/CodeIgniter.php(361): CodeIgniter\CodeIgniter->handleRequest(null, Object(Config\Cache), false)
 6 FCPATH/index.php(82): CodeIgniter\CodeIgniter->run()
CRITICAL - 2025-12-12 10:18:32 --> ErrorException: filter_var(): Unknown filter with ID 50
in SYSTEMPATH/HTTP/RequestTrait.php on line 328.
 1 [internal function]: CodeIgniter\Debug\Exceptions->errorHandler(2, 'filter_var(): Unknown filter with ID 50', '/opt/lampp/htdocs/warehouse-new/vendor/codeigniter4/framework/system/HTTP/RequestTrait.php', 328)
 2 SYSTEMPATH/HTTP/RequestTrait.php(328): filter_var('50', 50, 0)
 3 SYSTEMPATH/HTTP/IncomingRequest.php(751): CodeIgniter\HTTP\Request->fetchGlobal('get', 'per_page', 50, 0)
 4 APPPATH/Controllers/Api/ReservasiApi.php(29): CodeIgniter\HTTP\IncomingRequest->getGet('per_page', 50)
 5 SYSTEMPATH/CodeIgniter.php(943): App\Controllers\Api\ReservasiApi->index()
 6 SYSTEMPATH/CodeIgniter.php(503): CodeIgniter\CodeIgniter->runController(Object(App\Controllers\Api\ReservasiApi))
 7 SYSTEMPATH/CodeIgniter.php(361): CodeIgniter\CodeIgniter->handleRequest(null, Object(Config\Cache), false)
 8 FCPATH/index.php(82): CodeIgniter\CodeIgniter->run()
CRITICAL - 2025-12-12 10:18:33 --> ErrorException: filter_var(): Unknown filter with ID 50
in SYSTEMPATH/HTTP/RequestTrait.php on line 328.
 1 [internal function]: CodeIgniter\Debug\Exceptions->errorHandler(2, 'filter_var(): Unknown filter with ID 50', '/opt/lampp/htdocs/warehouse-new/vendor/codeigniter4/framework/system/HTTP/RequestTrait.php', 328)
 2 SYSTEMPATH/HTTP/RequestTrait.php(328): filter_var('50', 50, 0)
 3 SYSTEMPATH/HTTP/IncomingRequest.php(751): CodeIgniter\HTTP\Request->fetchGlobal('get', 'per_page', 50, 0)
 4 APPPATH/Controllers/Api/ReservasiApi.php(29): CodeIgniter\HTTP\IncomingRequest->getGet('per_page', 50)
 5 SYSTEMPATH/CodeIgniter.php(943): App\Controllers\Api\ReservasiApi->index()
 6 SYSTEMPATH/CodeIgniter.php(503): CodeIgniter\CodeIgniter->runController(Object(App\Controllers\Api\ReservasiApi))
 7 SYSTEMPATH/CodeIgniter.php(361): CodeIgniter\CodeIgniter->handleRequest(null, Object(Config\Cache), false)
 8 FCPATH/index.php(82): CodeIgniter\CodeIgniter->run()
