ERROR - 2025-12-22 01:46:10 --> mysqli_sql_exception: Column 'plant' in where clause is ambiguous in /opt/lampp/htdocs/warehouse-new/vendor/codeigniter4/framework/system/Database/MySQLi/Connection.php:306
Stack trace:
#0 /opt/lampp/htdocs/warehouse-new/vendor/codeigniter4/framework/system/Database/MySQLi/Connection.php(306): mysqli->query('SELECT `barang`...', 0)
#1 /opt/lampp/htdocs/warehouse-new/vendor/codeigniter4/framework/system/Database/BaseConnection.php(693): CodeIgniter\Database\MySQLi\Connection->execute('SELECT `barang`...')
#2 /opt/lampp/htdocs/warehouse-new/vendor/codeigniter4/framework/system/Database/BaseConnection.php(607): CodeIgniter\Database\BaseConnection->simpleQuery('SELECT `barang`...')
#3 /opt/lampp/htdocs/warehouse-new/vendor/codeigniter4/framework/system/Database/BaseBuilder.php(1616): CodeIgniter\Database\BaseConnection->query('SELECT `barang`...', Array, false)
#4 /opt/lampp/htdocs/warehouse-new/app/Controllers/Api/BarangApi.php(82): CodeIgniter\Database\BaseBuilder->get()
#5 /opt/lampp/htdocs/warehouse-new/vendor/codeigniter4/framework/system/CodeIgniter.php(943): App\Controllers\Api\BarangApi->index()
#6 /opt/lampp/htdocs/warehouse-new/vendor/codeigniter4/framework/system/CodeIgniter.php(503): CodeIgniter\CodeIgniter->runController(Object(App\Controllers\Api\BarangApi))
#7 /opt/lampp/htdocs/warehouse-new/vendor/codeigniter4/framework/system/CodeIgniter.php(361): CodeIgniter\CodeIgniter->handleRequest(NULL, Object(Config\Cache), false)
#8 /opt/lampp/htdocs/warehouse-new/public/index.php(82): CodeIgniter\CodeIgniter->run()
#9 {main}
CRITICAL - 2025-12-22 01:46:10 --> CodeIgniter\Database\Exceptions\DatabaseException: Column 'plant' in where clause is ambiguous
in SYSTEMPATH/Database/BaseConnection.php on line 647.
 1 SYSTEMPATH/Database/BaseBuilder.php(1616): CodeIgniter\Database\BaseConnection->query('SELECT `barang`.`id`, `barang`.`material`, `barang`.`material_description`, `barang`.`plant`, `barang`.`storage_location`, `barang`.`storage_location_desc`, `barang`.`material_group`, `barang`.`base_unit_of_measure`, `barang`.`qty_unrestricted`, `barang`.`qty_transit_and_transfer`, `barang`.`qty_blocked`, `barang`.`material_type`, `barang`.`storage_id`, `barang`.`import_batch`, `barang`.`created_at`, `barang`.`updated_at`, `barang`.`harga`, `barang`.`total_harga`, `s`.`zone` AS `stor_zone`, `s`.`rack` AS `stor_rack`, `s`.`bin` AS `stor_bin`, `s`.`dak` AS `stor_dak`
FROM `barang`
LEFT JOIN `storages` `s` ON `s`.`id` = `barang`.`storage_id`
WHERE `plant` = :plant:
ORDER BY `barang`.`material` ASC
 LIMIT 50', [...], false)
 2 APPPATH/Controllers/Api/BarangApi.php(82): CodeIgniter\Database\BaseBuilder->get()
 3 SYSTEMPATH/CodeIgniter.php(943): App\Controllers\Api\BarangApi->index()
 4 SYSTEMPATH/CodeIgniter.php(503): CodeIgniter\CodeIgniter->runController(Object(App\Controllers\Api\BarangApi))
 5 SYSTEMPATH/CodeIgniter.php(361): CodeIgniter\CodeIgniter->handleRequest(null, Object(Config\Cache), false)
 6 FCPATH/index.php(82): CodeIgniter\CodeIgniter->run()
CRITICAL - 2025-12-22 01:46:10 --> [Caused by] CodeIgniter\Database\Exceptions\DatabaseException: Column 'plant' in where clause is ambiguous
in SYSTEMPATH/Database/MySQLi/Connection.php on line 311.
 1 SYSTEMPATH/Database/BaseConnection.php(693): CodeIgniter\Database\MySQLi\Connection->execute('SELECT `barang`.`id`, `barang`.`material`, `barang`.`material_description`, `barang`.`plant`, `barang`.`storage_location`, `barang`.`storage_location_desc`, `barang`.`material_group`, `barang`.`base_unit_of_measure`, `barang`.`qty_unrestricted`, `barang`.`qty_transit_and_transfer`, `barang`.`qty_blocked`, `barang`.`material_type`, `barang`.`storage_id`, `barang`.`import_batch`, `barang`.`created_at`, `barang`.`updated_at`, `barang`.`harga`, `barang`.`total_harga`, `s`.`zone` AS `stor_zone`, `s`.`rack` AS `stor_rack`, `s`.`bin` AS `stor_bin`, `s`.`dak` AS `stor_dak`
FROM `barang`
LEFT JOIN `storages` `s` ON `s`.`id` = `barang`.`storage_id`
WHERE `plant` = \'1200\'
ORDER BY `barang`.`material` ASC
 LIMIT 50')
 2 SYSTEMPATH/Database/BaseConnection.php(607): CodeIgniter\Database\BaseConnection->simpleQuery('SELECT `barang`.`id`, `barang`.`material`, `barang`.`material_description`, `barang`.`plant`, `barang`.`storage_location`, `barang`.`storage_location_desc`, `barang`.`material_group`, `barang`.`base_unit_of_measure`, `barang`.`qty_unrestricted`, `barang`.`qty_transit_and_transfer`, `barang`.`qty_blocked`, `barang`.`material_type`, `barang`.`storage_id`, `barang`.`import_batch`, `barang`.`created_at`, `barang`.`updated_at`, `barang`.`harga`, `barang`.`total_harga`, `s`.`zone` AS `stor_zone`, `s`.`rack` AS `stor_rack`, `s`.`bin` AS `stor_bin`, `s`.`dak` AS `stor_dak`
FROM `barang`
LEFT JOIN `storages` `s` ON `s`.`id` = `barang`.`storage_id`
WHERE `plant` = \'1200\'
ORDER BY `barang`.`material` ASC
 LIMIT 50')
 3 SYSTEMPATH/Database/BaseBuilder.php(1616): CodeIgniter\Database\BaseConnection->query('SELECT `barang`.`id`, `barang`.`material`, `barang`.`material_description`, `barang`.`plant`, `barang`.`storage_location`, `barang`.`storage_location_desc`, `barang`.`material_group`, `barang`.`base_unit_of_measure`, `barang`.`qty_unrestricted`, `barang`.`qty_transit_and_transfer`, `barang`.`qty_blocked`, `barang`.`material_type`, `barang`.`storage_id`, `barang`.`import_batch`, `barang`.`created_at`, `barang`.`updated_at`, `barang`.`harga`, `barang`.`total_harga`, `s`.`zone` AS `stor_zone`, `s`.`rack` AS `stor_rack`, `s`.`bin` AS `stor_bin`, `s`.`dak` AS `stor_dak`
FROM `barang`
LEFT JOIN `storages` `s` ON `s`.`id` = `barang`.`storage_id`
WHERE `plant` = :plant:
ORDER BY `barang`.`material` ASC
 LIMIT 50', [...], false)
 4 APPPATH/Controllers/Api/BarangApi.php(82): CodeIgniter\Database\BaseBuilder->get()
 5 SYSTEMPATH/CodeIgniter.php(943): App\Controllers\Api\BarangApi->index()
 6 SYSTEMPATH/CodeIgniter.php(503): CodeIgniter\CodeIgniter->runController(Object(App\Controllers\Api\BarangApi))
 7 SYSTEMPATH/CodeIgniter.php(361): CodeIgniter\CodeIgniter->handleRequest(null, Object(Config\Cache), false)
 8 FCPATH/index.php(82): CodeIgniter\CodeIgniter->run()
CRITICAL - 2025-12-22 01:46:10 --> [Caused by] mysqli_sql_exception: Column 'plant' in where clause is ambiguous
in SYSTEMPATH/Database/MySQLi/Connection.php on line 306.
 1 SYSTEMPATH/Database/MySQLi/Connection.php(306): mysqli->query('SELECT `barang`.`id`, `barang`.`material`, `barang`.`material_description`, `barang`.`plant`, `barang`.`storage_location`, `barang`.`storage_location_desc`, `barang`.`material_group`, `barang`.`base_unit_of_measure`, `barang`.`qty_unrestricted`, `barang`.`qty_transit_and_transfer`, `barang`.`qty_blocked`, `barang`.`material_type`, `barang`.`storage_id`, `barang`.`import_batch`, `barang`.`created_at`, `barang`.`updated_at`, `barang`.`harga`, `barang`.`total_harga`, `s`.`zone` AS `stor_zone`, `s`.`rack` AS `stor_rack`, `s`.`bin` AS `stor_bin`, `s`.`dak` AS `stor_dak`
FROM `barang`
LEFT JOIN `storages` `s` ON `s`.`id` = `barang`.`storage_id`
WHERE `plant` = \'1200\'
ORDER BY `barang`.`material` ASC
 LIMIT 50', 0)
 2 SYSTEMPATH/Database/BaseConnection.php(693): CodeIgniter\Database\MySQLi\Connection->execute('SELECT `barang`.`id`, `barang`.`material`, `barang`.`material_description`, `barang`.`plant`, `barang`.`storage_location`, `barang`.`storage_location_desc`, `barang`.`material_group`, `barang`.`base_unit_of_measure`, `barang`.`qty_unrestricted`, `barang`.`qty_transit_and_transfer`, `barang`.`qty_blocked`, `barang`.`material_type`, `barang`.`storage_id`, `barang`.`import_batch`, `barang`.`created_at`, `barang`.`updated_at`, `barang`.`harga`, `barang`.`total_harga`, `s`.`zone` AS `stor_zone`, `s`.`rack` AS `stor_rack`, `s`.`bin` AS `stor_bin`, `s`.`dak` AS `stor_dak`
FROM `barang`
LEFT JOIN `storages` `s` ON `s`.`id` = `barang`.`storage_id`
WHERE `plant` = \'1200\'
ORDER BY `barang`.`material` ASC
 LIMIT 50')
 3 SYSTEMPATH/Database/BaseConnection.php(607): CodeIgniter\Database\BaseConnection->simpleQuery('SELECT `barang`.`id`, `barang`.`material`, `barang`.`material_description`, `barang`.`plant`, `barang`.`storage_location`, `barang`.`storage_location_desc`, `barang`.`material_group`, `barang`.`base_unit_of_measure`, `barang`.`qty_unrestricted`, `barang`.`qty_transit_and_transfer`, `barang`.`qty_blocked`, `barang`.`material_type`, `barang`.`storage_id`, `barang`.`import_batch`, `barang`.`created_at`, `barang`.`updated_at`, `barang`.`harga`, `barang`.`total_harga`, `s`.`zone` AS `stor_zone`, `s`.`rack` AS `stor_rack`, `s`.`bin` AS `stor_bin`, `s`.`dak` AS `stor_dak`
FROM `barang`
LEFT JOIN `storages` `s` ON `s`.`id` = `barang`.`storage_id`
WHERE `plant` = \'1200\'
ORDER BY `barang`.`material` ASC
 LIMIT 50')
 4 SYSTEMPATH/Database/BaseBuilder.php(1616): CodeIgniter\Database\BaseConnection->query('SELECT `barang`.`id`, `barang`.`material`, `barang`.`material_description`, `barang`.`plant`, `barang`.`storage_location`, `barang`.`storage_location_desc`, `barang`.`material_group`, `barang`.`base_unit_of_measure`, `barang`.`qty_unrestricted`, `barang`.`qty_transit_and_transfer`, `barang`.`qty_blocked`, `barang`.`material_type`, `barang`.`storage_id`, `barang`.`import_batch`, `barang`.`created_at`, `barang`.`updated_at`, `barang`.`harga`, `barang`.`total_harga`, `s`.`zone` AS `stor_zone`, `s`.`rack` AS `stor_rack`, `s`.`bin` AS `stor_bin`, `s`.`dak` AS `stor_dak`
FROM `barang`
LEFT JOIN `storages` `s` ON `s`.`id` = `barang`.`storage_id`
WHERE `plant` = :plant:
ORDER BY `barang`.`material` ASC
 LIMIT 50', [...], false)
 5 APPPATH/Controllers/Api/BarangApi.php(82): CodeIgniter\Database\BaseBuilder->get()
 6 SYSTEMPATH/CodeIgniter.php(943): App\Controllers\Api\BarangApi->index()
 7 SYSTEMPATH/CodeIgniter.php(503): CodeIgniter\CodeIgniter->runController(Object(App\Controllers\Api\BarangApi))
 8 SYSTEMPATH/CodeIgniter.php(361): CodeIgniter\CodeIgniter->handleRequest(null, Object(Config\Cache), false)
 9 FCPATH/index.php(82): CodeIgniter\CodeIgniter->run()
ERROR - 2025-12-22 01:46:14 --> mysqli_sql_exception: Column 'plant' in where clause is ambiguous in /opt/lampp/htdocs/warehouse-new/vendor/codeigniter4/framework/system/Database/MySQLi/Connection.php:306
Stack trace:
#0 /opt/lampp/htdocs/warehouse-new/vendor/codeigniter4/framework/system/Database/MySQLi/Connection.php(306): mysqli->query('SELECT `barang`...', 0)
#1 /opt/lampp/htdocs/warehouse-new/vendor/codeigniter4/framework/system/Database/BaseConnection.php(693): CodeIgniter\Database\MySQLi\Connection->execute('SELECT `barang`...')
#2 /opt/lampp/htdocs/warehouse-new/vendor/codeigniter4/framework/system/Database/BaseConnection.php(607): CodeIgniter\Database\BaseConnection->simpleQuery('SELECT `barang`...')
#3 /opt/lampp/htdocs/warehouse-new/vendor/codeigniter4/framework/system/Database/BaseBuilder.php(1616): CodeIgniter\Database\BaseConnection->query('SELECT `barang`...', Array, false)
#4 /opt/lampp/htdocs/warehouse-new/app/Controllers/Api/BarangApi.php(82): CodeIgniter\Database\BaseBuilder->get()
#5 /opt/lampp/htdocs/warehouse-new/vendor/codeigniter4/framework/system/CodeIgniter.php(943): App\Controllers\Api\BarangApi->index()
#6 /opt/lampp/htdocs/warehouse-new/vendor/codeigniter4/framework/system/CodeIgniter.php(503): CodeIgniter\CodeIgniter->runController(Object(App\Controllers\Api\BarangApi))
#7 /opt/lampp/htdocs/warehouse-new/vendor/codeigniter4/framework/system/CodeIgniter.php(361): CodeIgniter\CodeIgniter->handleRequest(NULL, Object(Config\Cache), false)
#8 /opt/lampp/htdocs/warehouse-new/public/index.php(82): CodeIgniter\CodeIgniter->run()
#9 {main}
CRITICAL - 2025-12-22 01:46:14 --> CodeIgniter\Database\Exceptions\DatabaseException: Column 'plant' in where clause is ambiguous
in SYSTEMPATH/Database/BaseConnection.php on line 647.
 1 SYSTEMPATH/Database/BaseBuilder.php(1616): CodeIgniter\Database\BaseConnection->query('SELECT `barang`.`id`, `barang`.`material`, `barang`.`material_description`, `barang`.`plant`, `barang`.`storage_location`, `barang`.`storage_location_desc`, `barang`.`material_group`, `barang`.`base_unit_of_measure`, `barang`.`qty_unrestricted`, `barang`.`qty_transit_and_transfer`, `barang`.`qty_blocked`, `barang`.`material_type`, `barang`.`storage_id`, `barang`.`import_batch`, `barang`.`created_at`, `barang`.`updated_at`, `barang`.`harga`, `barang`.`total_harga`, `s`.`zone` AS `stor_zone`, `s`.`rack` AS `stor_rack`, `s`.`bin` AS `stor_bin`, `s`.`dak` AS `stor_dak`
FROM `barang`
LEFT JOIN `storages` `s` ON `s`.`id` = `barang`.`storage_id`
WHERE `plant` = :plant:
ORDER BY `barang`.`material` ASC
 LIMIT 50', [...], false)
 2 APPPATH/Controllers/Api/BarangApi.php(82): CodeIgniter\Database\BaseBuilder->get()
 3 SYSTEMPATH/CodeIgniter.php(943): App\Controllers\Api\BarangApi->index()
 4 SYSTEMPATH/CodeIgniter.php(503): CodeIgniter\CodeIgniter->runController(Object(App\Controllers\Api\BarangApi))
 5 SYSTEMPATH/CodeIgniter.php(361): CodeIgniter\CodeIgniter->handleRequest(null, Object(Config\Cache), false)
 6 FCPATH/index.php(82): CodeIgniter\CodeIgniter->run()
CRITICAL - 2025-12-22 01:46:14 --> [Caused by] CodeIgniter\Database\Exceptions\DatabaseException: Column 'plant' in where clause is ambiguous
in SYSTEMPATH/Database/MySQLi/Connection.php on line 311.
 1 SYSTEMPATH/Database/BaseConnection.php(693): CodeIgniter\Database\MySQLi\Connection->execute('SELECT `barang`.`id`, `barang`.`material`, `barang`.`material_description`, `barang`.`plant`, `barang`.`storage_location`, `barang`.`storage_location_desc`, `barang`.`material_group`, `barang`.`base_unit_of_measure`, `barang`.`qty_unrestricted`, `barang`.`qty_transit_and_transfer`, `barang`.`qty_blocked`, `barang`.`material_type`, `barang`.`storage_id`, `barang`.`import_batch`, `barang`.`created_at`, `barang`.`updated_at`, `barang`.`harga`, `barang`.`total_harga`, `s`.`zone` AS `stor_zone`, `s`.`rack` AS `stor_rack`, `s`.`bin` AS `stor_bin`, `s`.`dak` AS `stor_dak`
FROM `barang`
LEFT JOIN `storages` `s` ON `s`.`id` = `barang`.`storage_id`
WHERE `plant` = \'1200\'
ORDER BY `barang`.`material` ASC
 LIMIT 50')
 2 SYSTEMPATH/Database/BaseConnection.php(607): CodeIgniter\Database\BaseConnection->simpleQuery('SELECT `barang`.`id`, `barang`.`material`, `barang`.`material_description`, `barang`.`plant`, `barang`.`storage_location`, `barang`.`storage_location_desc`, `barang`.`material_group`, `barang`.`base_unit_of_measure`, `barang`.`qty_unrestricted`, `barang`.`qty_transit_and_transfer`, `barang`.`qty_blocked`, `barang`.`material_type`, `barang`.`storage_id`, `barang`.`import_batch`, `barang`.`created_at`, `barang`.`updated_at`, `barang`.`harga`, `barang`.`total_harga`, `s`.`zone` AS `stor_zone`, `s`.`rack` AS `stor_rack`, `s`.`bin` AS `stor_bin`, `s`.`dak` AS `stor_dak`
FROM `barang`
LEFT JOIN `storages` `s` ON `s`.`id` = `barang`.`storage_id`
WHERE `plant` = \'1200\'
ORDER BY `barang`.`material` ASC
 LIMIT 50')
 3 SYSTEMPATH/Database/BaseBuilder.php(1616): CodeIgniter\Database\BaseConnection->query('SELECT `barang`.`id`, `barang`.`material`, `barang`.`material_description`, `barang`.`plant`, `barang`.`storage_location`, `barang`.`storage_location_desc`, `barang`.`material_group`, `barang`.`base_unit_of_measure`, `barang`.`qty_unrestricted`, `barang`.`qty_transit_and_transfer`, `barang`.`qty_blocked`, `barang`.`material_type`, `barang`.`storage_id`, `barang`.`import_batch`, `barang`.`created_at`, `barang`.`updated_at`, `barang`.`harga`, `barang`.`total_harga`, `s`.`zone` AS `stor_zone`, `s`.`rack` AS `stor_rack`, `s`.`bin` AS `stor_bin`, `s`.`dak` AS `stor_dak`
FROM `barang`
LEFT JOIN `storages` `s` ON `s`.`id` = `barang`.`storage_id`
WHERE `plant` = :plant:
ORDER BY `barang`.`material` ASC
 LIMIT 50', [...], false)
 4 APPPATH/Controllers/Api/BarangApi.php(82): CodeIgniter\Database\BaseBuilder->get()
 5 SYSTEMPATH/CodeIgniter.php(943): App\Controllers\Api\BarangApi->index()
 6 SYSTEMPATH/CodeIgniter.php(503): CodeIgniter\CodeIgniter->runController(Object(App\Controllers\Api\BarangApi))
 7 SYSTEMPATH/CodeIgniter.php(361): CodeIgniter\CodeIgniter->handleRequest(null, Object(Config\Cache), false)
 8 FCPATH/index.php(82): CodeIgniter\CodeIgniter->run()
CRITICAL - 2025-12-22 01:46:14 --> [Caused by] mysqli_sql_exception: Column 'plant' in where clause is ambiguous
in SYSTEMPATH/Database/MySQLi/Connection.php on line 306.
 1 SYSTEMPATH/Database/MySQLi/Connection.php(306): mysqli->query('SELECT `barang`.`id`, `barang`.`material`, `barang`.`material_description`, `barang`.`plant`, `barang`.`storage_location`, `barang`.`storage_location_desc`, `barang`.`material_group`, `barang`.`base_unit_of_measure`, `barang`.`qty_unrestricted`, `barang`.`qty_transit_and_transfer`, `barang`.`qty_blocked`, `barang`.`material_type`, `barang`.`storage_id`, `barang`.`import_batch`, `barang`.`created_at`, `barang`.`updated_at`, `barang`.`harga`, `barang`.`total_harga`, `s`.`zone` AS `stor_zone`, `s`.`rack` AS `stor_rack`, `s`.`bin` AS `stor_bin`, `s`.`dak` AS `stor_dak`
FROM `barang`
LEFT JOIN `storages` `s` ON `s`.`id` = `barang`.`storage_id`
WHERE `plant` = \'1200\'
ORDER BY `barang`.`material` ASC
 LIMIT 50', 0)
 2 SYSTEMPATH/Database/BaseConnection.php(693): CodeIgniter\Database\MySQLi\Connection->execute('SELECT `barang`.`id`, `barang`.`material`, `barang`.`material_description`, `barang`.`plant`, `barang`.`storage_location`, `barang`.`storage_location_desc`, `barang`.`material_group`, `barang`.`base_unit_of_measure`, `barang`.`qty_unrestricted`, `barang`.`qty_transit_and_transfer`, `barang`.`qty_blocked`, `barang`.`material_type`, `barang`.`storage_id`, `barang`.`import_batch`, `barang`.`created_at`, `barang`.`updated_at`, `barang`.`harga`, `barang`.`total_harga`, `s`.`zone` AS `stor_zone`, `s`.`rack` AS `stor_rack`, `s`.`bin` AS `stor_bin`, `s`.`dak` AS `stor_dak`
FROM `barang`
LEFT JOIN `storages` `s` ON `s`.`id` = `barang`.`storage_id`
WHERE `plant` = \'1200\'
ORDER BY `barang`.`material` ASC
 LIMIT 50')
 3 SYSTEMPATH/Database/BaseConnection.php(607): CodeIgniter\Database\BaseConnection->simpleQuery('SELECT `barang`.`id`, `barang`.`material`, `barang`.`material_description`, `barang`.`plant`, `barang`.`storage_location`, `barang`.`storage_location_desc`, `barang`.`material_group`, `barang`.`base_unit_of_measure`, `barang`.`qty_unrestricted`, `barang`.`qty_transit_and_transfer`, `barang`.`qty_blocked`, `barang`.`material_type`, `barang`.`storage_id`, `barang`.`import_batch`, `barang`.`created_at`, `barang`.`updated_at`, `barang`.`harga`, `barang`.`total_harga`, `s`.`zone` AS `stor_zone`, `s`.`rack` AS `stor_rack`, `s`.`bin` AS `stor_bin`, `s`.`dak` AS `stor_dak`
FROM `barang`
LEFT JOIN `storages` `s` ON `s`.`id` = `barang`.`storage_id`
WHERE `plant` = \'1200\'
ORDER BY `barang`.`material` ASC
 LIMIT 50')
 4 SYSTEMPATH/Database/BaseBuilder.php(1616): CodeIgniter\Database\BaseConnection->query('SELECT `barang`.`id`, `barang`.`material`, `barang`.`material_description`, `barang`.`plant`, `barang`.`storage_location`, `barang`.`storage_location_desc`, `barang`.`material_group`, `barang`.`base_unit_of_measure`, `barang`.`qty_unrestricted`, `barang`.`qty_transit_and_transfer`, `barang`.`qty_blocked`, `barang`.`material_type`, `barang`.`storage_id`, `barang`.`import_batch`, `barang`.`created_at`, `barang`.`updated_at`, `barang`.`harga`, `barang`.`total_harga`, `s`.`zone` AS `stor_zone`, `s`.`rack` AS `stor_rack`, `s`.`bin` AS `stor_bin`, `s`.`dak` AS `stor_dak`
FROM `barang`
LEFT JOIN `storages` `s` ON `s`.`id` = `barang`.`storage_id`
WHERE `plant` = :plant:
ORDER BY `barang`.`material` ASC
 LIMIT 50', [...], false)
 5 APPPATH/Controllers/Api/BarangApi.php(82): CodeIgniter\Database\BaseBuilder->get()
 6 SYSTEMPATH/CodeIgniter.php(943): App\Controllers\Api\BarangApi->index()
 7 SYSTEMPATH/CodeIgniter.php(503): CodeIgniter\CodeIgniter->runController(Object(App\Controllers\Api\BarangApi))
 8 SYSTEMPATH/CodeIgniter.php(361): CodeIgniter\CodeIgniter->handleRequest(null, Object(Config\Cache), false)
 9 FCPATH/index.php(82): CodeIgniter\CodeIgniter->run()
ERROR - 2025-12-22 01:46:17 --> mysqli_sql_exception: Column 'plant' in where clause is ambiguous in /opt/lampp/htdocs/warehouse-new/vendor/codeigniter4/framework/system/Database/MySQLi/Connection.php:306
Stack trace:
#0 /opt/lampp/htdocs/warehouse-new/vendor/codeigniter4/framework/system/Database/MySQLi/Connection.php(306): mysqli->query('SELECT `barang`...', 0)
#1 /opt/lampp/htdocs/warehouse-new/vendor/codeigniter4/framework/system/Database/BaseConnection.php(693): CodeIgniter\Database\MySQLi\Connection->execute('SELECT `barang`...')
#2 /opt/lampp/htdocs/warehouse-new/vendor/codeigniter4/framework/system/Database/BaseConnection.php(607): CodeIgniter\Database\BaseConnection->simpleQuery('SELECT `barang`...')
#3 /opt/lampp/htdocs/warehouse-new/vendor/codeigniter4/framework/system/Database/BaseBuilder.php(1616): CodeIgniter\Database\BaseConnection->query('SELECT `barang`...', Array, false)
#4 /opt/lampp/htdocs/warehouse-new/app/Controllers/Api/BarangApi.php(82): CodeIgniter\Database\BaseBuilder->get()
#5 /opt/lampp/htdocs/warehouse-new/vendor/codeigniter4/framework/system/CodeIgniter.php(943): App\Controllers\Api\BarangApi->index()
#6 /opt/lampp/htdocs/warehouse-new/vendor/codeigniter4/framework/system/CodeIgniter.php(503): CodeIgniter\CodeIgniter->runController(Object(App\Controllers\Api\BarangApi))
#7 /opt/lampp/htdocs/warehouse-new/vendor/codeigniter4/framework/system/CodeIgniter.php(361): CodeIgniter\CodeIgniter->handleRequest(NULL, Object(Config\Cache), false)
#8 /opt/lampp/htdocs/warehouse-new/public/index.php(82): CodeIgniter\CodeIgniter->run()
#9 {main}
CRITICAL - 2025-12-22 01:46:17 --> CodeIgniter\Database\Exceptions\DatabaseException: Column 'plant' in where clause is ambiguous
in SYSTEMPATH/Database/BaseConnection.php on line 647.
 1 SYSTEMPATH/Database/BaseBuilder.php(1616): CodeIgniter\Database\BaseConnection->query('SELECT `barang`.`id`, `barang`.`material`, `barang`.`material_description`, `barang`.`plant`, `barang`.`storage_location`, `barang`.`storage_location_desc`, `barang`.`material_group`, `barang`.`base_unit_of_measure`, `barang`.`qty_unrestricted`, `barang`.`qty_transit_and_transfer`, `barang`.`qty_blocked`, `barang`.`material_type`, `barang`.`storage_id`, `barang`.`import_batch`, `barang`.`created_at`, `barang`.`updated_at`, `barang`.`harga`, `barang`.`total_harga`, `s`.`zone` AS `stor_zone`, `s`.`rack` AS `stor_rack`, `s`.`bin` AS `stor_bin`, `s`.`dak` AS `stor_dak`
FROM `barang`
LEFT JOIN `storages` `s` ON `s`.`id` = `barang`.`storage_id`
WHERE `plant` = :plant:
ORDER BY `barang`.`material` ASC
 LIMIT 50', [...], false)
 2 APPPATH/Controllers/Api/BarangApi.php(82): CodeIgniter\Database\BaseBuilder->get()
 3 SYSTEMPATH/CodeIgniter.php(943): App\Controllers\Api\BarangApi->index()
 4 SYSTEMPATH/CodeIgniter.php(503): CodeIgniter\CodeIgniter->runController(Object(App\Controllers\Api\BarangApi))
 5 SYSTEMPATH/CodeIgniter.php(361): CodeIgniter\CodeIgniter->handleRequest(null, Object(Config\Cache), false)
 6 FCPATH/index.php(82): CodeIgniter\CodeIgniter->run()
CRITICAL - 2025-12-22 01:46:17 --> [Caused by] CodeIgniter\Database\Exceptions\DatabaseException: Column 'plant' in where clause is ambiguous
in SYSTEMPATH/Database/MySQLi/Connection.php on line 311.
 1 SYSTEMPATH/Database/BaseConnection.php(693): CodeIgniter\Database\MySQLi\Connection->execute('SELECT `barang`.`id`, `barang`.`material`, `barang`.`material_description`, `barang`.`plant`, `barang`.`storage_location`, `barang`.`storage_location_desc`, `barang`.`material_group`, `barang`.`base_unit_of_measure`, `barang`.`qty_unrestricted`, `barang`.`qty_transit_and_transfer`, `barang`.`qty_blocked`, `barang`.`material_type`, `barang`.`storage_id`, `barang`.`import_batch`, `barang`.`created_at`, `barang`.`updated_at`, `barang`.`harga`, `barang`.`total_harga`, `s`.`zone` AS `stor_zone`, `s`.`rack` AS `stor_rack`, `s`.`bin` AS `stor_bin`, `s`.`dak` AS `stor_dak`
FROM `barang`
LEFT JOIN `storages` `s` ON `s`.`id` = `barang`.`storage_id`
WHERE `plant` = \'1300\'
ORDER BY `barang`.`material` ASC
 LIMIT 50')
 2 SYSTEMPATH/Database/BaseConnection.php(607): CodeIgniter\Database\BaseConnection->simpleQuery('SELECT `barang`.`id`, `barang`.`material`, `barang`.`material_description`, `barang`.`plant`, `barang`.`storage_location`, `barang`.`storage_location_desc`, `barang`.`material_group`, `barang`.`base_unit_of_measure`, `barang`.`qty_unrestricted`, `barang`.`qty_transit_and_transfer`, `barang`.`qty_blocked`, `barang`.`material_type`, `barang`.`storage_id`, `barang`.`import_batch`, `barang`.`created_at`, `barang`.`updated_at`, `barang`.`harga`, `barang`.`total_harga`, `s`.`zone` AS `stor_zone`, `s`.`rack` AS `stor_rack`, `s`.`bin` AS `stor_bin`, `s`.`dak` AS `stor_dak`
FROM `barang`
LEFT JOIN `storages` `s` ON `s`.`id` = `barang`.`storage_id`
WHERE `plant` = \'1300\'
ORDER BY `barang`.`material` ASC
 LIMIT 50')
 3 SYSTEMPATH/Database/BaseBuilder.php(1616): CodeIgniter\Database\BaseConnection->query('SELECT `barang`.`id`, `barang`.`material`, `barang`.`material_description`, `barang`.`plant`, `barang`.`storage_location`, `barang`.`storage_location_desc`, `barang`.`material_group`, `barang`.`base_unit_of_measure`, `barang`.`qty_unrestricted`, `barang`.`qty_transit_and_transfer`, `barang`.`qty_blocked`, `barang`.`material_type`, `barang`.`storage_id`, `barang`.`import_batch`, `barang`.`created_at`, `barang`.`updated_at`, `barang`.`harga`, `barang`.`total_harga`, `s`.`zone` AS `stor_zone`, `s`.`rack` AS `stor_rack`, `s`.`bin` AS `stor_bin`, `s`.`dak` AS `stor_dak`
FROM `barang`
LEFT JOIN `storages` `s` ON `s`.`id` = `barang`.`storage_id`
WHERE `plant` = :plant:
ORDER BY `barang`.`material` ASC
 LIMIT 50', [...], false)
 4 APPPATH/Controllers/Api/BarangApi.php(82): CodeIgniter\Database\BaseBuilder->get()
 5 SYSTEMPATH/CodeIgniter.php(943): App\Controllers\Api\BarangApi->index()
 6 SYSTEMPATH/CodeIgniter.php(503): CodeIgniter\CodeIgniter->runController(Object(App\Controllers\Api\BarangApi))
 7 SYSTEMPATH/CodeIgniter.php(361): CodeIgniter\CodeIgniter->handleRequest(null, Object(Config\Cache), false)
 8 FCPATH/index.php(82): CodeIgniter\CodeIgniter->run()
CRITICAL - 2025-12-22 01:46:17 --> [Caused by] mysqli_sql_exception: Column 'plant' in where clause is ambiguous
in SYSTEMPATH/Database/MySQLi/Connection.php on line 306.
 1 SYSTEMPATH/Database/MySQLi/Connection.php(306): mysqli->query('SELECT `barang`.`id`, `barang`.`material`, `barang`.`material_description`, `barang`.`plant`, `barang`.`storage_location`, `barang`.`storage_location_desc`, `barang`.`material_group`, `barang`.`base_unit_of_measure`, `barang`.`qty_unrestricted`, `barang`.`qty_transit_and_transfer`, `barang`.`qty_blocked`, `barang`.`material_type`, `barang`.`storage_id`, `barang`.`import_batch`, `barang`.`created_at`, `barang`.`updated_at`, `barang`.`harga`, `barang`.`total_harga`, `s`.`zone` AS `stor_zone`, `s`.`rack` AS `stor_rack`, `s`.`bin` AS `stor_bin`, `s`.`dak` AS `stor_dak`
FROM `barang`
LEFT JOIN `storages` `s` ON `s`.`id` = `barang`.`storage_id`
WHERE `plant` = \'1300\'
ORDER BY `barang`.`material` ASC
 LIMIT 50', 0)
 2 SYSTEMPATH/Database/BaseConnection.php(693): CodeIgniter\Database\MySQLi\Connection->execute('SELECT `barang`.`id`, `barang`.`material`, `barang`.`material_description`, `barang`.`plant`, `barang`.`storage_location`, `barang`.`storage_location_desc`, `barang`.`material_group`, `barang`.`base_unit_of_measure`, `barang`.`qty_unrestricted`, `barang`.`qty_transit_and_transfer`, `barang`.`qty_blocked`, `barang`.`material_type`, `barang`.`storage_id`, `barang`.`import_batch`, `barang`.`created_at`, `barang`.`updated_at`, `barang`.`harga`, `barang`.`total_harga`, `s`.`zone` AS `stor_zone`, `s`.`rack` AS `stor_rack`, `s`.`bin` AS `stor_bin`, `s`.`dak` AS `stor_dak`
FROM `barang`
LEFT JOIN `storages` `s` ON `s`.`id` = `barang`.`storage_id`
WHERE `plant` = \'1300\'
ORDER BY `barang`.`material` ASC
 LIMIT 50')
 3 SYSTEMPATH/Database/BaseConnection.php(607): CodeIgniter\Database\BaseConnection->simpleQuery('SELECT `barang`.`id`, `barang`.`material`, `barang`.`material_description`, `barang`.`plant`, `barang`.`storage_location`, `barang`.`storage_location_desc`, `barang`.`material_group`, `barang`.`base_unit_of_measure`, `barang`.`qty_unrestricted`, `barang`.`qty_transit_and_transfer`, `barang`.`qty_blocked`, `barang`.`material_type`, `barang`.`storage_id`, `barang`.`import_batch`, `barang`.`created_at`, `barang`.`updated_at`, `barang`.`harga`, `barang`.`total_harga`, `s`.`zone` AS `stor_zone`, `s`.`rack` AS `stor_rack`, `s`.`bin` AS `stor_bin`, `s`.`dak` AS `stor_dak`
FROM `barang`
LEFT JOIN `storages` `s` ON `s`.`id` = `barang`.`storage_id`
WHERE `plant` = \'1300\'
ORDER BY `barang`.`material` ASC
 LIMIT 50')
 4 SYSTEMPATH/Database/BaseBuilder.php(1616): CodeIgniter\Database\BaseConnection->query('SELECT `barang`.`id`, `barang`.`material`, `barang`.`material_description`, `barang`.`plant`, `barang`.`storage_location`, `barang`.`storage_location_desc`, `barang`.`material_group`, `barang`.`base_unit_of_measure`, `barang`.`qty_unrestricted`, `barang`.`qty_transit_and_transfer`, `barang`.`qty_blocked`, `barang`.`material_type`, `barang`.`storage_id`, `barang`.`import_batch`, `barang`.`created_at`, `barang`.`updated_at`, `barang`.`harga`, `barang`.`total_harga`, `s`.`zone` AS `stor_zone`, `s`.`rack` AS `stor_rack`, `s`.`bin` AS `stor_bin`, `s`.`dak` AS `stor_dak`
FROM `barang`
LEFT JOIN `storages` `s` ON `s`.`id` = `barang`.`storage_id`
WHERE `plant` = :plant:
ORDER BY `barang`.`material` ASC
 LIMIT 50', [...], false)
 5 APPPATH/Controllers/Api/BarangApi.php(82): CodeIgniter\Database\BaseBuilder->get()
 6 SYSTEMPATH/CodeIgniter.php(943): App\Controllers\Api\BarangApi->index()
 7 SYSTEMPATH/CodeIgniter.php(503): CodeIgniter\CodeIgniter->runController(Object(App\Controllers\Api\BarangApi))
 8 SYSTEMPATH/CodeIgniter.php(361): CodeIgniter\CodeIgniter->handleRequest(null, Object(Config\Cache), false)
 9 FCPATH/index.php(82): CodeIgniter\CodeIgniter->run()
ERROR - 2025-12-22 01:46:47 --> mysqli_sql_exception: Column 'plant' in where clause is ambiguous in /opt/lampp/htdocs/warehouse-new/vendor/codeigniter4/framework/system/Database/MySQLi/Connection.php:306
Stack trace:
#0 /opt/lampp/htdocs/warehouse-new/vendor/codeigniter4/framework/system/Database/MySQLi/Connection.php(306): mysqli->query('SELECT `barang`...', 0)
#1 /opt/lampp/htdocs/warehouse-new/vendor/codeigniter4/framework/system/Database/BaseConnection.php(693): CodeIgniter\Database\MySQLi\Connection->execute('SELECT `barang`...')
#2 /opt/lampp/htdocs/warehouse-new/vendor/codeigniter4/framework/system/Database/BaseConnection.php(607): CodeIgniter\Database\BaseConnection->simpleQuery('SELECT `barang`...')
#3 /opt/lampp/htdocs/warehouse-new/vendor/codeigniter4/framework/system/Database/BaseBuilder.php(1616): CodeIgniter\Database\BaseConnection->query('SELECT `barang`...', Array, false)
#4 /opt/lampp/htdocs/warehouse-new/app/Controllers/Api/BarangApi.php(82): CodeIgniter\Database\BaseBuilder->get()
#5 /opt/lampp/htdocs/warehouse-new/vendor/codeigniter4/framework/system/CodeIgniter.php(943): App\Controllers\Api\BarangApi->index()
#6 /opt/lampp/htdocs/warehouse-new/vendor/codeigniter4/framework/system/CodeIgniter.php(503): CodeIgniter\CodeIgniter->runController(Object(App\Controllers\Api\BarangApi))
#7 /opt/lampp/htdocs/warehouse-new/vendor/codeigniter4/framework/system/CodeIgniter.php(361): CodeIgniter\CodeIgniter->handleRequest(NULL, Object(Config\Cache), false)
#8 /opt/lampp/htdocs/warehouse-new/public/index.php(82): CodeIgniter\CodeIgniter->run()
#9 {main}
CRITICAL - 2025-12-22 01:46:47 --> CodeIgniter\Database\Exceptions\DatabaseException: Column 'plant' in where clause is ambiguous
in SYSTEMPATH/Database/BaseConnection.php on line 647.
 1 SYSTEMPATH/Database/BaseBuilder.php(1616): CodeIgniter\Database\BaseConnection->query('SELECT `barang`.`id`, `barang`.`material`, `barang`.`material_description`, `barang`.`plant`, `barang`.`storage_location`, `barang`.`storage_location_desc`, `barang`.`material_group`, `barang`.`base_unit_of_measure`, `barang`.`qty_unrestricted`, `barang`.`qty_transit_and_transfer`, `barang`.`qty_blocked`, `barang`.`material_type`, `barang`.`storage_id`, `barang`.`import_batch`, `barang`.`created_at`, `barang`.`updated_at`, `barang`.`harga`, `barang`.`total_harga`, `s`.`zone` AS `stor_zone`, `s`.`rack` AS `stor_rack`, `s`.`bin` AS `stor_bin`, `s`.`dak` AS `stor_dak`
FROM `barang`
LEFT JOIN `storages` `s` ON `s`.`id` = `barang`.`storage_id`
WHERE `plant` = :plant:
ORDER BY `barang`.`material` ASC
 LIMIT 50', [...], false)
 2 APPPATH/Controllers/Api/BarangApi.php(82): CodeIgniter\Database\BaseBuilder->get()
 3 SYSTEMPATH/CodeIgniter.php(943): App\Controllers\Api\BarangApi->index()
 4 SYSTEMPATH/CodeIgniter.php(503): CodeIgniter\CodeIgniter->runController(Object(App\Controllers\Api\BarangApi))
 5 SYSTEMPATH/CodeIgniter.php(361): CodeIgniter\CodeIgniter->handleRequest(null, Object(Config\Cache), false)
 6 FCPATH/index.php(82): CodeIgniter\CodeIgniter->run()
CRITICAL - 2025-12-22 01:46:47 --> [Caused by] CodeIgniter\Database\Exceptions\DatabaseException: Column 'plant' in where clause is ambiguous
in SYSTEMPATH/Database/MySQLi/Connection.php on line 311.
 1 SYSTEMPATH/Database/BaseConnection.php(693): CodeIgniter\Database\MySQLi\Connection->execute('SELECT `barang`.`id`, `barang`.`material`, `barang`.`material_description`, `barang`.`plant`, `barang`.`storage_location`, `barang`.`storage_location_desc`, `barang`.`material_group`, `barang`.`base_unit_of_measure`, `barang`.`qty_unrestricted`, `barang`.`qty_transit_and_transfer`, `barang`.`qty_blocked`, `barang`.`material_type`, `barang`.`storage_id`, `barang`.`import_batch`, `barang`.`created_at`, `barang`.`updated_at`, `barang`.`harga`, `barang`.`total_harga`, `s`.`zone` AS `stor_zone`, `s`.`rack` AS `stor_rack`, `s`.`bin` AS `stor_bin`, `s`.`dak` AS `stor_dak`
FROM `barang`
LEFT JOIN `storages` `s` ON `s`.`id` = `barang`.`storage_id`
WHERE `plant` = \'1200\'
ORDER BY `barang`.`material` ASC
 LIMIT 50')
 2 SYSTEMPATH/Database/BaseConnection.php(607): CodeIgniter\Database\BaseConnection->simpleQuery('SELECT `barang`.`id`, `barang`.`material`, `barang`.`material_description`, `barang`.`plant`, `barang`.`storage_location`, `barang`.`storage_location_desc`, `barang`.`material_group`, `barang`.`base_unit_of_measure`, `barang`.`qty_unrestricted`, `barang`.`qty_transit_and_transfer`, `barang`.`qty_blocked`, `barang`.`material_type`, `barang`.`storage_id`, `barang`.`import_batch`, `barang`.`created_at`, `barang`.`updated_at`, `barang`.`harga`, `barang`.`total_harga`, `s`.`zone` AS `stor_zone`, `s`.`rack` AS `stor_rack`, `s`.`bin` AS `stor_bin`, `s`.`dak` AS `stor_dak`
FROM `barang`
LEFT JOIN `storages` `s` ON `s`.`id` = `barang`.`storage_id`
WHERE `plant` = \'1200\'
ORDER BY `barang`.`material` ASC
 LIMIT 50')
 3 SYSTEMPATH/Database/BaseBuilder.php(1616): CodeIgniter\Database\BaseConnection->query('SELECT `barang`.`id`, `barang`.`material`, `barang`.`material_description`, `barang`.`plant`, `barang`.`storage_location`, `barang`.`storage_location_desc`, `barang`.`material_group`, `barang`.`base_unit_of_measure`, `barang`.`qty_unrestricted`, `barang`.`qty_transit_and_transfer`, `barang`.`qty_blocked`, `barang`.`material_type`, `barang`.`storage_id`, `barang`.`import_batch`, `barang`.`created_at`, `barang`.`updated_at`, `barang`.`harga`, `barang`.`total_harga`, `s`.`zone` AS `stor_zone`, `s`.`rack` AS `stor_rack`, `s`.`bin` AS `stor_bin`, `s`.`dak` AS `stor_dak`
FROM `barang`
LEFT JOIN `storages` `s` ON `s`.`id` = `barang`.`storage_id`
WHERE `plant` = :plant:
ORDER BY `barang`.`material` ASC
 LIMIT 50', [...], false)
 4 APPPATH/Controllers/Api/BarangApi.php(82): CodeIgniter\Database\BaseBuilder->get()
 5 SYSTEMPATH/CodeIgniter.php(943): App\Controllers\Api\BarangApi->index()
 6 SYSTEMPATH/CodeIgniter.php(503): CodeIgniter\CodeIgniter->runController(Object(App\Controllers\Api\BarangApi))
 7 SYSTEMPATH/CodeIgniter.php(361): CodeIgniter\CodeIgniter->handleRequest(null, Object(Config\Cache), false)
 8 FCPATH/index.php(82): CodeIgniter\CodeIgniter->run()
CRITICAL - 2025-12-22 01:46:47 --> [Caused by] mysqli_sql_exception: Column 'plant' in where clause is ambiguous
in SYSTEMPATH/Database/MySQLi/Connection.php on line 306.
 1 SYSTEMPATH/Database/MySQLi/Connection.php(306): mysqli->query('SELECT `barang`.`id`, `barang`.`material`, `barang`.`material_description`, `barang`.`plant`, `barang`.`storage_location`, `barang`.`storage_location_desc`, `barang`.`material_group`, `barang`.`base_unit_of_measure`, `barang`.`qty_unrestricted`, `barang`.`qty_transit_and_transfer`, `barang`.`qty_blocked`, `barang`.`material_type`, `barang`.`storage_id`, `barang`.`import_batch`, `barang`.`created_at`, `barang`.`updated_at`, `barang`.`harga`, `barang`.`total_harga`, `s`.`zone` AS `stor_zone`, `s`.`rack` AS `stor_rack`, `s`.`bin` AS `stor_bin`, `s`.`dak` AS `stor_dak`
FROM `barang`
LEFT JOIN `storages` `s` ON `s`.`id` = `barang`.`storage_id`
WHERE `plant` = \'1200\'
ORDER BY `barang`.`material` ASC
 LIMIT 50', 0)
 2 SYSTEMPATH/Database/BaseConnection.php(693): CodeIgniter\Database\MySQLi\Connection->execute('SELECT `barang`.`id`, `barang`.`material`, `barang`.`material_description`, `barang`.`plant`, `barang`.`storage_location`, `barang`.`storage_location_desc`, `barang`.`material_group`, `barang`.`base_unit_of_measure`, `barang`.`qty_unrestricted`, `barang`.`qty_transit_and_transfer`, `barang`.`qty_blocked`, `barang`.`material_type`, `barang`.`storage_id`, `barang`.`import_batch`, `barang`.`created_at`, `barang`.`updated_at`, `barang`.`harga`, `barang`.`total_harga`, `s`.`zone` AS `stor_zone`, `s`.`rack` AS `stor_rack`, `s`.`bin` AS `stor_bin`, `s`.`dak` AS `stor_dak`
FROM `barang`
LEFT JOIN `storages` `s` ON `s`.`id` = `barang`.`storage_id`
WHERE `plant` = \'1200\'
ORDER BY `barang`.`material` ASC
 LIMIT 50')
 3 SYSTEMPATH/Database/BaseConnection.php(607): CodeIgniter\Database\BaseConnection->simpleQuery('SELECT `barang`.`id`, `barang`.`material`, `barang`.`material_description`, `barang`.`plant`, `barang`.`storage_location`, `barang`.`storage_location_desc`, `barang`.`material_group`, `barang`.`base_unit_of_measure`, `barang`.`qty_unrestricted`, `barang`.`qty_transit_and_transfer`, `barang`.`qty_blocked`, `barang`.`material_type`, `barang`.`storage_id`, `barang`.`import_batch`, `barang`.`created_at`, `barang`.`updated_at`, `barang`.`harga`, `barang`.`total_harga`, `s`.`zone` AS `stor_zone`, `s`.`rack` AS `stor_rack`, `s`.`bin` AS `stor_bin`, `s`.`dak` AS `stor_dak`
FROM `barang`
LEFT JOIN `storages` `s` ON `s`.`id` = `barang`.`storage_id`
WHERE `plant` = \'1200\'
ORDER BY `barang`.`material` ASC
 LIMIT 50')
 4 SYSTEMPATH/Database/BaseBuilder.php(1616): CodeIgniter\Database\BaseConnection->query('SELECT `barang`.`id`, `barang`.`material`, `barang`.`material_description`, `barang`.`plant`, `barang`.`storage_location`, `barang`.`storage_location_desc`, `barang`.`material_group`, `barang`.`base_unit_of_measure`, `barang`.`qty_unrestricted`, `barang`.`qty_transit_and_transfer`, `barang`.`qty_blocked`, `barang`.`material_type`, `barang`.`storage_id`, `barang`.`import_batch`, `barang`.`created_at`, `barang`.`updated_at`, `barang`.`harga`, `barang`.`total_harga`, `s`.`zone` AS `stor_zone`, `s`.`rack` AS `stor_rack`, `s`.`bin` AS `stor_bin`, `s`.`dak` AS `stor_dak`
FROM `barang`
LEFT JOIN `storages` `s` ON `s`.`id` = `barang`.`storage_id`
WHERE `plant` = :plant:
ORDER BY `barang`.`material` ASC
 LIMIT 50', [...], false)
 5 APPPATH/Controllers/Api/BarangApi.php(82): CodeIgniter\Database\BaseBuilder->get()
 6 SYSTEMPATH/CodeIgniter.php(943): App\Controllers\Api\BarangApi->index()
 7 SYSTEMPATH/CodeIgniter.php(503): CodeIgniter\CodeIgniter->runController(Object(App\Controllers\Api\BarangApi))
 8 SYSTEMPATH/CodeIgniter.php(361): CodeIgniter\CodeIgniter->handleRequest(null, Object(Config\Cache), false)
 9 FCPATH/index.php(82): CodeIgniter\CodeIgniter->run()
ERROR - 2025-12-22 01:52:01 --> mysqli_sql_exception: Column 'plant' in where clause is ambiguous in /opt/lampp/htdocs/warehouse-new/vendor/codeigniter4/framework/system/Database/MySQLi/Connection.php:306
Stack trace:
#0 /opt/lampp/htdocs/warehouse-new/vendor/codeigniter4/framework/system/Database/MySQLi/Connection.php(306): mysqli->query('SELECT `barang`...', 0)
#1 /opt/lampp/htdocs/warehouse-new/vendor/codeigniter4/framework/system/Database/BaseConnection.php(693): CodeIgniter\Database\MySQLi\Connection->execute('SELECT `barang`...')
#2 /opt/lampp/htdocs/warehouse-new/vendor/codeigniter4/framework/system/Database/BaseConnection.php(607): CodeIgniter\Database\BaseConnection->simpleQuery('SELECT `barang`...')
#3 /opt/lampp/htdocs/warehouse-new/vendor/codeigniter4/framework/system/Database/BaseBuilder.php(1616): CodeIgniter\Database\BaseConnection->query('SELECT `barang`...', Array, false)
#4 /opt/lampp/htdocs/warehouse-new/app/Controllers/Api/BarangApi.php(82): CodeIgniter\Database\BaseBuilder->get()
#5 /opt/lampp/htdocs/warehouse-new/vendor/codeigniter4/framework/system/CodeIgniter.php(943): App\Controllers\Api\BarangApi->index()
#6 /opt/lampp/htdocs/warehouse-new/vendor/codeigniter4/framework/system/CodeIgniter.php(503): CodeIgniter\CodeIgniter->runController(Object(App\Controllers\Api\BarangApi))
#7 /opt/lampp/htdocs/warehouse-new/vendor/codeigniter4/framework/system/CodeIgniter.php(361): CodeIgniter\CodeIgniter->handleRequest(NULL, Object(Config\Cache), false)
#8 /opt/lampp/htdocs/warehouse-new/public/index.php(82): CodeIgniter\CodeIgniter->run()
#9 {main}
CRITICAL - 2025-12-22 01:52:01 --> CodeIgniter\Database\Exceptions\DatabaseException: Column 'plant' in where clause is ambiguous
in SYSTEMPATH/Database/BaseConnection.php on line 647.
 1 SYSTEMPATH/Database/BaseBuilder.php(1616): CodeIgniter\Database\BaseConnection->query('SELECT `barang`.`id`, `barang`.`material`, `barang`.`material_description`, `barang`.`plant`, `barang`.`storage_location`, `barang`.`storage_location_desc`, `barang`.`material_group`, `barang`.`base_unit_of_measure`, `barang`.`qty_unrestricted`, `barang`.`qty_transit_and_transfer`, `barang`.`qty_blocked`, `barang`.`material_type`, `barang`.`storage_id`, `barang`.`import_batch`, `barang`.`created_at`, `barang`.`updated_at`, `barang`.`harga`, `barang`.`total_harga`, `s`.`zone` AS `stor_zone`, `s`.`rack` AS `stor_rack`, `s`.`bin` AS `stor_bin`, `s`.`dak` AS `stor_dak`
FROM `barang`
LEFT JOIN `storages` `s` ON `s`.`id` = `barang`.`storage_id`
WHERE `plant` = :plant:
ORDER BY `barang`.`material` ASC
 LIMIT 50', [...], false)
 2 APPPATH/Controllers/Api/BarangApi.php(82): CodeIgniter\Database\BaseBuilder->get()
 3 SYSTEMPATH/CodeIgniter.php(943): App\Controllers\Api\BarangApi->index()
 4 SYSTEMPATH/CodeIgniter.php(503): CodeIgniter\CodeIgniter->runController(Object(App\Controllers\Api\BarangApi))
 5 SYSTEMPATH/CodeIgniter.php(361): CodeIgniter\CodeIgniter->handleRequest(null, Object(Config\Cache), false)
 6 FCPATH/index.php(82): CodeIgniter\CodeIgniter->run()
CRITICAL - 2025-12-22 01:52:01 --> [Caused by] CodeIgniter\Database\Exceptions\DatabaseException: Column 'plant' in where clause is ambiguous
in SYSTEMPATH/Database/MySQLi/Connection.php on line 311.
 1 SYSTEMPATH/Database/BaseConnection.php(693): CodeIgniter\Database\MySQLi\Connection->execute('SELECT `barang`.`id`, `barang`.`material`, `barang`.`material_description`, `barang`.`plant`, `barang`.`storage_location`, `barang`.`storage_location_desc`, `barang`.`material_group`, `barang`.`base_unit_of_measure`, `barang`.`qty_unrestricted`, `barang`.`qty_transit_and_transfer`, `barang`.`qty_blocked`, `barang`.`material_type`, `barang`.`storage_id`, `barang`.`import_batch`, `barang`.`created_at`, `barang`.`updated_at`, `barang`.`harga`, `barang`.`total_harga`, `s`.`zone` AS `stor_zone`, `s`.`rack` AS `stor_rack`, `s`.`bin` AS `stor_bin`, `s`.`dak` AS `stor_dak`
FROM `barang`
LEFT JOIN `storages` `s` ON `s`.`id` = `barang`.`storage_id`
WHERE `plant` = \'1200\'
ORDER BY `barang`.`material` ASC
 LIMIT 50')
 2 SYSTEMPATH/Database/BaseConnection.php(607): CodeIgniter\Database\BaseConnection->simpleQuery('SELECT `barang`.`id`, `barang`.`material`, `barang`.`material_description`, `barang`.`plant`, `barang`.`storage_location`, `barang`.`storage_location_desc`, `barang`.`material_group`, `barang`.`base_unit_of_measure`, `barang`.`qty_unrestricted`, `barang`.`qty_transit_and_transfer`, `barang`.`qty_blocked`, `barang`.`material_type`, `barang`.`storage_id`, `barang`.`import_batch`, `barang`.`created_at`, `barang`.`updated_at`, `barang`.`harga`, `barang`.`total_harga`, `s`.`zone` AS `stor_zone`, `s`.`rack` AS `stor_rack`, `s`.`bin` AS `stor_bin`, `s`.`dak` AS `stor_dak`
FROM `barang`
LEFT JOIN `storages` `s` ON `s`.`id` = `barang`.`storage_id`
WHERE `plant` = \'1200\'
ORDER BY `barang`.`material` ASC
 LIMIT 50')
 3 SYSTEMPATH/Database/BaseBuilder.php(1616): CodeIgniter\Database\BaseConnection->query('SELECT `barang`.`id`, `barang`.`material`, `barang`.`material_description`, `barang`.`plant`, `barang`.`storage_location`, `barang`.`storage_location_desc`, `barang`.`material_group`, `barang`.`base_unit_of_measure`, `barang`.`qty_unrestricted`, `barang`.`qty_transit_and_transfer`, `barang`.`qty_blocked`, `barang`.`material_type`, `barang`.`storage_id`, `barang`.`import_batch`, `barang`.`created_at`, `barang`.`updated_at`, `barang`.`harga`, `barang`.`total_harga`, `s`.`zone` AS `stor_zone`, `s`.`rack` AS `stor_rack`, `s`.`bin` AS `stor_bin`, `s`.`dak` AS `stor_dak`
FROM `barang`
LEFT JOIN `storages` `s` ON `s`.`id` = `barang`.`storage_id`
WHERE `plant` = :plant:
ORDER BY `barang`.`material` ASC
 LIMIT 50', [...], false)
 4 APPPATH/Controllers/Api/BarangApi.php(82): CodeIgniter\Database\BaseBuilder->get()
 5 SYSTEMPATH/CodeIgniter.php(943): App\Controllers\Api\BarangApi->index()
 6 SYSTEMPATH/CodeIgniter.php(503): CodeIgniter\CodeIgniter->runController(Object(App\Controllers\Api\BarangApi))
 7 SYSTEMPATH/CodeIgniter.php(361): CodeIgniter\CodeIgniter->handleRequest(null, Object(Config\Cache), false)
 8 FCPATH/index.php(82): CodeIgniter\CodeIgniter->run()
CRITICAL - 2025-12-22 01:52:01 --> [Caused by] mysqli_sql_exception: Column 'plant' in where clause is ambiguous
in SYSTEMPATH/Database/MySQLi/Connection.php on line 306.
 1 SYSTEMPATH/Database/MySQLi/Connection.php(306): mysqli->query('SELECT `barang`.`id`, `barang`.`material`, `barang`.`material_description`, `barang`.`plant`, `barang`.`storage_location`, `barang`.`storage_location_desc`, `barang`.`material_group`, `barang`.`base_unit_of_measure`, `barang`.`qty_unrestricted`, `barang`.`qty_transit_and_transfer`, `barang`.`qty_blocked`, `barang`.`material_type`, `barang`.`storage_id`, `barang`.`import_batch`, `barang`.`created_at`, `barang`.`updated_at`, `barang`.`harga`, `barang`.`total_harga`, `s`.`zone` AS `stor_zone`, `s`.`rack` AS `stor_rack`, `s`.`bin` AS `stor_bin`, `s`.`dak` AS `stor_dak`
FROM `barang`
LEFT JOIN `storages` `s` ON `s`.`id` = `barang`.`storage_id`
WHERE `plant` = \'1200\'
ORDER BY `barang`.`material` ASC
 LIMIT 50', 0)
 2 SYSTEMPATH/Database/BaseConnection.php(693): CodeIgniter\Database\MySQLi\Connection->execute('SELECT `barang`.`id`, `barang`.`material`, `barang`.`material_description`, `barang`.`plant`, `barang`.`storage_location`, `barang`.`storage_location_desc`, `barang`.`material_group`, `barang`.`base_unit_of_measure`, `barang`.`qty_unrestricted`, `barang`.`qty_transit_and_transfer`, `barang`.`qty_blocked`, `barang`.`material_type`, `barang`.`storage_id`, `barang`.`import_batch`, `barang`.`created_at`, `barang`.`updated_at`, `barang`.`harga`, `barang`.`total_harga`, `s`.`zone` AS `stor_zone`, `s`.`rack` AS `stor_rack`, `s`.`bin` AS `stor_bin`, `s`.`dak` AS `stor_dak`
FROM `barang`
LEFT JOIN `storages` `s` ON `s`.`id` = `barang`.`storage_id`
WHERE `plant` = \'1200\'
ORDER BY `barang`.`material` ASC
 LIMIT 50')
 3 SYSTEMPATH/Database/BaseConnection.php(607): CodeIgniter\Database\BaseConnection->simpleQuery('SELECT `barang`.`id`, `barang`.`material`, `barang`.`material_description`, `barang`.`plant`, `barang`.`storage_location`, `barang`.`storage_location_desc`, `barang`.`material_group`, `barang`.`base_unit_of_measure`, `barang`.`qty_unrestricted`, `barang`.`qty_transit_and_transfer`, `barang`.`qty_blocked`, `barang`.`material_type`, `barang`.`storage_id`, `barang`.`import_batch`, `barang`.`created_at`, `barang`.`updated_at`, `barang`.`harga`, `barang`.`total_harga`, `s`.`zone` AS `stor_zone`, `s`.`rack` AS `stor_rack`, `s`.`bin` AS `stor_bin`, `s`.`dak` AS `stor_dak`
FROM `barang`
LEFT JOIN `storages` `s` ON `s`.`id` = `barang`.`storage_id`
WHERE `plant` = \'1200\'
ORDER BY `barang`.`material` ASC
 LIMIT 50')
 4 SYSTEMPATH/Database/BaseBuilder.php(1616): CodeIgniter\Database\BaseConnection->query('SELECT `barang`.`id`, `barang`.`material`, `barang`.`material_description`, `barang`.`plant`, `barang`.`storage_location`, `barang`.`storage_location_desc`, `barang`.`material_group`, `barang`.`base_unit_of_measure`, `barang`.`qty_unrestricted`, `barang`.`qty_transit_and_transfer`, `barang`.`qty_blocked`, `barang`.`material_type`, `barang`.`storage_id`, `barang`.`import_batch`, `barang`.`created_at`, `barang`.`updated_at`, `barang`.`harga`, `barang`.`total_harga`, `s`.`zone` AS `stor_zone`, `s`.`rack` AS `stor_rack`, `s`.`bin` AS `stor_bin`, `s`.`dak` AS `stor_dak`
FROM `barang`
LEFT JOIN `storages` `s` ON `s`.`id` = `barang`.`storage_id`
WHERE `plant` = :plant:
ORDER BY `barang`.`material` ASC
 LIMIT 50', [...], false)
 5 APPPATH/Controllers/Api/BarangApi.php(82): CodeIgniter\Database\BaseBuilder->get()
 6 SYSTEMPATH/CodeIgniter.php(943): App\Controllers\Api\BarangApi->index()
 7 SYSTEMPATH/CodeIgniter.php(503): CodeIgniter\CodeIgniter->runController(Object(App\Controllers\Api\BarangApi))
 8 SYSTEMPATH/CodeIgniter.php(361): CodeIgniter\CodeIgniter->handleRequest(null, Object(Config\Cache), false)
 9 FCPATH/index.php(82): CodeIgniter\CodeIgniter->run()
